192.168.1.185 - - [12/Sep/2012:10:37:27 +0200] "GET /notesif HTTP/1.1" 301 248 "http://intranet-if.insa-lyon.fr/SiteWebIF/Intranet-etudiant.php" "Mozilla/5.0 (X11; Ubuntu; Linux i686; rv:11.0) Gecko/20100101 Firefox/11.0"
192.168.1.185 - - [12/Sep/2012:10:37:28 +0200] "GET /notesif/ HTTP/1.1" 302 - "http://intranet-if.insa-lyon.fr/SiteWebIF/Intranet-etudiant.php" "Mozilla/5.0 (X11; Ubuntu; Linux i686; rv:11.0) Gecko/20100101 Firefox/11.0"
192.168.2.233 - - [12/Sep/2012:10:37:38 +0200] "GET /stages/InsaIF.ico HTTP/1.1" 200 766 "-" "Mozilla/5.0 (Windows NT 5.1; rv:13.0) Gecko/20100101 Firefox/13.0.1"
192.168.0.7 - - [12/Sep/2012:10:41:40 +0200] "GET /temps/3IF3.ics HTTP/1.1" 200 121305 "-" "Mozilla/5.0 (compatible; Googlebot/2.1; +http://www.google.com/bot.html)"
192.168.2.234 - - [12/Sep/2012:10:41:42 +0200] "GET /SiteWebIF/Intranet-etudiant.php HTTP/1.1" 302 477 "-" "Mozilla/5.0 (Windows NT 5.1; rv:6.0) Gecko/20100101 Firefox/6.0"
192.168.2.234 - - [12/Sep/2012:10:41:49 +0200] "GET /SiteWebIF/Intranet-etudiant.php?ticket=ST-373-GwXRUAvuTS7eL4ObwOG5-dsi-vm04 HTTP/1.1" 302 - "-" "Mozilla/5.0 (Windows NT 5.1; rv:6.0) Gecko/20100101 Firefox/6.0"
192.168.2.234 - - [12/Sep/2012:10:41:49 +0200] "GET /SiteWebIF/Intranet-etudiant.php HTTP/1.1" 200 3803 "-" "Mozilla/5.0 (Windows NT 5.1; rv:6.0) Gecko/20100101 Firefox/6.0"
192.168.2.234 - - [12/Sep/2012:10:41:53 +0200] "GET /notesif/ HTTP/1.1" 302 - "http://intranet-if.insa-lyon.fr/SiteWebIF/Intranet-etudiant.php" "Mozilla/5.0 (Windows NT 5.1; rv:6.0) Gecko/20100101 Firefox/6.0"
192.168.2.235 - - [12/Sep/2012:10:43:10 +0200] "GET /SiteWebIF/Intranet-etudiant.php HTTP/1.0" 302 477 "http://if.insa-lyon.fr/" "Mozilla/4.0 (compatible; MSIE 7.0; Windows NT 6.1; WOW64; Trident/5.0; SLCC2; .NET CLR 2.0.50727; .NET CLR 3.5.30729; .NET CLR 3.0.30729; .NET4.0C; .NET4.0E)"
192.168.2.235 - - [12/Sep/2012:10:43:17 +0200] "GET /SiteWebIF/Intranet-etudiant.php?ticket=ST-393-jmuD91GmY3Airwi4qMsz-dsi-vm04 HTTP/1.0" 302 - "-" "Mozilla/4.0 (compatible; MSIE 7.0; Windows NT 6.1; WOW64; Trident/5.0; SLCC2; .NET CLR 2.0.50727; .NET CLR 3.5.30729; .NET CLR 3.0.30729; .NET4.0C; .NET4.0E)"
192.168.2.235 - - [12/Sep/2012:10:43:18 +0200] "GET /SiteWebIF/Intranet-etudiant.php HTTP/1.0" 200 3836 "-" "Mozilla/4.0 (compatible; MSIE 7.0; Windows NT 6.1; WOW64; Trident/5.0; SLCC2; .NET CLR 2.0.50727; .NET CLR 3.5.30729; .NET CLR 3.0.30729; .NET4.0C; .NET4.0E)"
192.168.2.235 - - [12/Sep/2012:10:43:18 +0200] "GET /stages/style_pfe.css HTTP/1.0" 200 895 "http://intranet-if.insa-lyon.fr/SiteWebIF/Intranet-etudiant.php" "Mozilla/4.0 (compatible; MSIE 7.0; Windows NT 6.1; WOW64; Trident/5.0; SLCC2; .NET CLR 2.0.50727; .NET CLR 3.5.30729; .NET CLR 3.0.30729; .NET4.0C; .NET4.0E)"
192.168.2.235 - - [12/Sep/2012:10:43:18 +0200] "GET /stages/FondInsa.jpg HTTP/1.0" 200 2828 "http://intranet-if.insa-lyon.fr/SiteWebIF/Intranet-etudiant.php" "Mozilla/4.0 (compatible; MSIE 7.0; Windows NT 6.1; WOW64; Trident/5.0; SLCC2; .NET CLR 2.0.50727; .NET CLR 3.5.30729; .NET CLR 3.0.30729; .NET4.0C; .NET4.0E)"
192.168.2.235 - - [12/Sep/2012:10:43:18 +0200] "GET /stages/bandeauFinal.jpg HTTP/1.0" 200 50390 "http://intranet-if.insa-lyon.fr/SiteWebIF/Intranet-etudiant.php" "Mozilla/4.0 (compatible; MSIE 7.0; Windows NT 6.1; WOW64; Trident/5.0; SLCC2; .NET CLR 2.0.50727; .NET CLR 3.5.30729; .NET CLR 3.0.30729; .NET4.0C; .NET4.0E)"
192.168.2.235 - - [12/Sep/2012:10:43:18 +0200] "GET /stages/InsaIF.ico HTTP/1.0" 200 766 "-" "Mozilla/4.0 (compatible; MSIE 7.0; Windows NT 6.1; WOW64; Trident/5.0; SLCC2; .NET CLR 2.0.50727; .NET CLR 3.5.30729; .NET CLR 3.0.30729; .NET4.0C; .NET4.0E)"
192.168.2.235 - - [12/Sep/2012:10:43:24 +0200] "GET /temps/SoutenancesPFE.html HTTP/1.0" 200 96507 "http://intranet-if.insa-lyon.fr/SiteWebIF/Intranet-etudiant.php" "Mozilla/4.0 (compatible; MSIE 7.0; Windows NT 6.1; WOW64; Trident/5.0; SLCC2; .NET CLR 2.0.50727; .NET CLR 3.5.30729; .NET CLR 3.0.30729; .NET4.0C; .NET4.0E)"
192.168.2.235 - - [12/Sep/2012:10:43:24 +0200] "GET /temps/style_pfe.css HTTP/1.0" 200 895 "http://intranet-if.insa-lyon.fr/temps/SoutenancesPFE.html" "Mozilla/4.0 (compatible; MSIE 7.0; Windows NT 6.1; WOW64; Trident/5.0; SLCC2; .NET CLR 2.0.50727; .NET CLR 3.5.30729; .NET CLR 3.0.30729; .NET4.0C; .NET4.0E)"
192.168.2.235 - - [12/Sep/2012:10:43:24 +0200] "GET /temps/loupe.gif HTTP/1.0" 200 326 "http://intranet-if.insa-lyon.fr/temps/SoutenancesPFE.html" "Mozilla/4.0 (compatible; MSIE 7.0; Windows NT 6.1; WOW64; Trident/5.0; SLCC2; .NET CLR 2.0.50727; .NET CLR 3.5.30729; .NET CLR 3.0.30729; .NET4.0C; .NET4.0E)"
192.168.2.235 - - [12/Sep/2012:10:43:24 +0200] "GET /temps/FondInsa.jpg HTTP/1.0" 200 2828 "http://intranet-if.insa-lyon.fr/temps/SoutenancesPFE.html" "Mozilla/4.0 (compatible; MSIE 7.0; Windows NT 6.1; WOW64; Trident/5.0; SLCC2; .NET CLR 2.0.50727; .NET CLR 3.5.30729; .NET CLR 3.0.30729; .NET4.0C; .NET4.0E)"
192.168.2.235 - - [12/Sep/2012:10:43:24 +0200] "GET /temps/InsaIF.ico HTTP/1.0" 200 766 "-" "Mozilla/4.0 (compatible; MSIE 7.0; Windows NT 6.1; WOW64; Trident/5.0; SLCC2; .NET CLR 2.0.50727; .NET CLR 3.5.30729; .NET CLR 3.0.30729; .NET4.0C; .NET4.0E)"
192.168.1.84 - - [12/Sep/2012:10:44:28 +0200] "GET /stages/Listestage.php HTTP/1.1" 302 467 "-" "Mozilla/5.0 (Macintosh; Intel Mac OS X 10.6; rv:14.0) Gecko/20100101 Firefox/14.0.1"
192.168.1.84 - - [12/Sep/2012:10:44:28 +0200] "GET /stages/Listestage.php?ticket=ST-400-RAtWeXPyL6zMC3Cuvo3Q-dsi-vm03 HTTP/1.1" 302 - "-" "Mozilla/5.0 (Macintosh; Intel Mac OS X 10.6; rv:14.0) Gecko/20100101 Firefox/14.0.1"
192.168.1.84 - - [12/Sep/2012:10:44:28 +0200] "GET /stages/Listestage.php HTTP/1.1" 200 77069 "-" "Mozilla/5.0 (Macintosh; Intel Mac OS X 10.6; rv:14.0) Gecko/20100101 Firefox/14.0.1"
192.168.1.84 - - [12/Sep/2012:10:44:29 +0200] "GET /stages/style_pfe.css HTTP/1.1" 200 895 "-" "Mozilla/5.0 (Macintosh; Intel Mac OS X 10.6; rv:14.0) Gecko/20100101 Firefox/14.0.1"
192.168.1.84 - - [12/Sep/2012:10:44:29 +0200] "GET /stages/FondInsa.jpg HTTP/1.1" 200 2828 "-" "Mozilla/5.0 (Macintosh; Intel Mac OS X 10.6; rv:14.0) Gecko/20100101 Firefox/14.0.1"
192.168.1.84 - - [12/Sep/2012:10:44:29 +0200] "GET /stages/InsaIF.ico HTTP/1.1" 200 766 "-" "Mozilla/5.0 (Macintosh; Intel Mac OS X 10.6; rv:14.0) Gecko/20100101 Firefox/14.0.1"
192.168.0.114 - - [12/Sep/2012:10:45:52 +0200] "GET /temps/3IF1.ics HTTP/1.1" 304 - "-" "DataAccess/1.0 (8C148)"
192.168.0.10 - - [12/Sep/2012:10:46:16 +0200] "GET /notesif/RSS/RSS_4IF.xml HTTP/1.1" 200 57760 "http://intranet-if.insa-lyon.fr/notesif/RSS/RSS_4IF.xml" "Blogtrottr/2.0"
192.168.0.7 - - [12/Sep/2012:10:50:09 +0200] "GET /temps/4IF42.ics HTTP/1.1" 404 213 "-" "Mozilla/5.0 (compatible; Googlebot/2.1; +http://www.google.com/bot.html)"
192.168.0.12 - - [12/Sep/2012:10:52:36 +0200] "GET /notesif/RSS/RSS_3IF.xml HTTP/1.1" 200 95847 "-" "Feedfetcher-Google; (+http://www.google.com/feedfetcher.html; 2 subscribers; feed-id=16425187501328177924)"
192.168.2.235 - - [12/Sep/2012:10:53:21 +0200] "GET /notesif HTTP/1.0" 301 248 "http://intranet-if.insa-lyon.fr/SiteWebIF/Intranet-etudiant.php" "Mozilla/4.0 (compatible; MSIE 7.0; Windows NT 6.1; WOW64; Trident/5.0; SLCC2; .NET CLR 2.0.50727; .NET CLR 3.5.30729; .NET CLR 3.0.30729; .NET4.0C; .NET4.0E)"
192.168.2.235 - - [12/Sep/2012:10:53:21 +0200] "GET /notesif/ HTTP/1.0" 302 - "http://intranet-if.insa-lyon.fr/SiteWebIF/Intranet-etudiant.php" "Mozilla/4.0 (compatible; MSIE 7.0; Windows NT 6.1; WOW64; Trident/5.0; SLCC2; .NET CLR 2.0.50727; .NET CLR 3.5.30729; .NET CLR 3.0.30729; .NET4.0C; .NET4.0E)"
192.168.2.235 - - [12/Sep/2012:10:53:24 +0200] "GET /notesif/ HTTP/1.0" 302 - "-" "Mozilla/4.0 (compatible; MSIE 7.0; Windows NT 6.1; WOW64; Trident/5.0; SLCC2; .NET CLR 2.0.50727; .NET CLR 3.5.30729; .NET CLR 3.0.30729; .NET4.0C; .NET4.0E)"
192.168.0.7 - - [12/Sep/2012:10:53:53 +0200] "GET /temps/4IF3.ics HTTP/1.1" 200 78494 "-" "Mozilla/5.0 (compatible; Googlebot/2.1; +http://www.google.com/bot.html)"
192.168.2.236 - - [12/Sep/2012:10:54:41 +0200] "GET / HTTP/1.1" 200 216 "-" "Mozilla/5.0 (Linux; U; Android 4.0.4; fr-fr; SonyEricssonST18i Build/4.1.B.0.431) AppleWebKit/534.30 (KHTML, like Gecko) Version/4.0 Mobile Safari/534.30"
192.168.2.236 - - [12/Sep/2012:10:54:45 +0200] "GET /favicon.ico HTTP/1.1" 200 1700 "http://intranet-if.insa-lyon.fr/" "Mozilla/5.0 (Linux; U; Android 4.0.4; fr-fr; SonyEricssonST18i Build/4.1.B.0.431) AppleWebKit/534.30 (KHTML, like Gecko) Version/4.0 Mobile Safari/534.30"
192.168.1.109 - - [12/Sep/2012:10:55:09 +0200] "GET /temps/4IF38.html HTTP/1.1" 304 - "http://intranet-if.insa-lyon.fr/temps/4IF37.html" "Mozilla/5.0 (Windows NT 6.1; WOW64; rv:14.0) Gecko/20100101 Firefox/14.0.1"
192.168.1.109 - - [12/Sep/2012:10:55:12 +0200] "GET /temps/4IF39.html HTTP/1.1" 200 17278 "http://intranet-if.insa-lyon.fr/temps/4IF38.html" "Mozilla/5.0 (Windows NT 6.1; WOW64; rv:14.0) Gecko/20100101 Firefox/14.0.1"
192.168.2.235 - - [12/Sep/2012:10:55:36 +0200] "GET /SiteWebIF/Intranet-etudiant.php?ticket=ST-731-XhyGUnbz6X2p0s4CYG7n-dsi-vm04 HTTP/1.0" 302 - "-" "Mozilla/4.0 (compatible; MSIE 7.0; Windows NT 6.1; WOW64; Trident/5.0; SLCC2; .NET CLR 2.0.50727; .NET CLR 3.5.30729; .NET CLR 3.0.30729; .NET4.0C; .NET4.0E)"
192.168.2.235 - - [12/Sep/2012:10:55:36 +0200] "GET /SiteWebIF/Intranet-etudiant.php HTTP/1.0" 200 1815 "-" "Mozilla/4.0 (compatible; MSIE 7.0; Windows NT 6.1; WOW64; Trident/5.0; SLCC2; .NET CLR 2.0.50727; .NET CLR 3.5.30729; .NET CLR 3.0.30729; .NET4.0C; .NET4.0E)"
192.168.1.242 - - [12/Sep/2012:10:57:34 +0200] "GET /SiteWebIF/Intranet-etudiant.php HTTP/1.1" 302 477 "-" "Mozilla/5.0 (Windows NT 6.1; WOW64; rv:12.0) Gecko/20100101 Firefox/12.0"
192.168.1.242 - - [12/Sep/2012:10:57:41 +0200] "GET /SiteWebIF/Intranet-etudiant.php?ticket=ST-778-iMFClZgBppTqpeZJQrkp-dsi-vm04 HTTP/1.1" 302 - "-" "Mozilla/5.0 (Windows NT 6.1; WOW64; rv:12.0) Gecko/20100101 Firefox/12.0"
192.168.1.242 - - [12/Sep/2012:10:57:41 +0200] "GET /SiteWebIF/Intranet-etudiant.php HTTP/1.1" 200 3778 "-" "Mozilla/5.0 (Windows NT 6.1; WOW64; rv:12.0) Gecko/20100101 Firefox/12.0"
192.168.1.242 - - [12/Sep/2012:10:57:41 +0200] "GET /stages/bandeauFinal.jpg HTTP/1.1" 200 50390 "http://intranet-if.insa-lyon.fr/SiteWebIF/Intranet-etudiant.php" "Mozilla/5.0 (Windows NT 6.1; WOW64; rv:12.0) Gecko/20100101 Firefox/12.0"
192.168.1.242 - - [12/Sep/2012:10:57:41 +0200] "GET /stages/FondInsa.jpg HTTP/1.1" 200 2828 "http://intranet-if.insa-lyon.fr/stages/style_pfe.css" "Mozilla/5.0 (Windows NT 6.1; WOW64; rv:12.0) Gecko/20100101 Firefox/12.0"
192.168.1.242 - - [12/Sep/2012:10:57:43 +0200] "GET /notesif HTTP/1.1" 301 248 "http://intranet-if.insa-lyon.fr/SiteWebIF/Intranet-etudiant.php" "Mozilla/5.0 (Windows NT 6.1; WOW64; rv:12.0) Gecko/20100101 Firefox/12.0"
192.168.1.242 - - [12/Sep/2012:10:57:43 +0200] "GET /notesif/ HTTP/1.1" 302 - "http://intranet-if.insa-lyon.fr/SiteWebIF/Intranet-etudiant.php" "Mozilla/5.0 (Windows NT 6.1; WOW64; rv:12.0) Gecko/20100101 Firefox/12.0"
192.168.2.222 - - [12/Sep/2012:10:57:58 +0200] "GET /wiki/doku.php?id=servif-web HTTP/1.1" 200 23115 "-" "Mozilla/5.0 (Windows NT 6.1; rv:15.0) Gecko/20100101 Firefox/15.0.1"
192.168.2.222 - - [12/Sep/2012:10:57:58 +0200] "GET /wiki/lib/exe/css.php?s=print&t=monobook&tseed=1277975312 HTTP/1.1" 304 - "http://intranet-if:90/wiki/doku.php?id=servif-web" "Mozilla/5.0 (Windows NT 6.1; rv:15.0) Gecko/20100101 Firefox/15.0.1"
192.168.2.222 - - [12/Sep/2012:10:57:58 +0200] "GET /wiki/lib/exe/indexer.php?id=servif-web&1347440278 HTTP/1.1" 200 42 "http://intranet-if:90/wiki/doku.php?id=servif-web" "Mozilla/5.0 (Windows NT 6.1; rv:15.0) Gecko/20100101 Firefox/15.0.1"
192.168.2.222 - - [12/Sep/2012:10:57:58 +0200] "GET /wiki/lib/exe/css.php?s=all&t=monobook&tseed=1277975312 HTTP/1.1" 304 - "http://intranet-if:90/wiki/doku.php?id=servif-web" "Mozilla/5.0 (Windows NT 6.1; rv:15.0) Gecko/20100101 Firefox/15.0.1"
192.168.2.222 - - [12/Sep/2012:10:57:58 +0200] "GET /wiki/lib/exe/css.php?t=monobook&tseed=1277975312 HTTP/1.1" 304 - "http://intranet-if:90/wiki/doku.php?id=servif-web" "Mozilla/5.0 (Windows NT 6.1; rv:15.0) Gecko/20100101 Firefox/15.0.1"
192.168.2.222 - - [12/Sep/2012:10:57:58 +0200] "GET /wiki/lib/exe/js.php?tseed=1277975312 HTTP/1.1" 304 - "http://intranet-if:90/wiki/doku.php?id=servif-web" "Mozilla/5.0 (Windows NT 6.1; rv:15.0) Gecko/20100101 Firefox/15.0.1"
192.168.2.222 - - [12/Sep/2012:10:58:01 +0200] "GET /wiki/doku.php?id=divers HTTP/1.1" 200 13045 "http://intranet-if:90/wiki/doku.php?id=servif-web" "Mozilla/5.0 (Windows NT 6.1; rv:15.0) Gecko/20100101 Firefox/15.0.1"
192.168.2.222 - - [12/Sep/2012:10:58:01 +0200] "GET /wiki/lib/exe/indexer.php?id=divers&1347440281 HTTP/1.1" 200 42 "http://intranet-if:90/wiki/doku.php?id=divers" "Mozilla/5.0 (Windows NT 6.1; rv:15.0) Gecko/20100101 Firefox/15.0.1"
192.168.1.109 - - [12/Sep/2012:10:58:01 +0200] "GET /temps/4IF45.html HTTP/1.1" 200 17701 "http://intranet-if.insa-lyon.fr/temps/4IF44.html" "Mozilla/5.0 (Windows NT 6.1; WOW64; rv:14.0) Gecko/20100101 Firefox/14.0.1"
192.168.2.222 - - [12/Sep/2012:10:58:13 +0200] "GET /wiki/doku.php?id=site HTTP/1.1" 200 10677 "http://intranet-if:90/wiki/doku.php?id=divers" "Mozilla/5.0 (Windows NT 6.1; rv:15.0) Gecko/20100101 Firefox/15.0.1"
192.168.2.222 - - [12/Sep/2012:10:58:13 +0200] "GET /wiki/lib/exe/indexer.php?id=site&1347440293 HTTP/1.1" 200 42 "http://intranet-if:90/wiki/doku.php?id=site" "Mozilla/5.0 (Windows NT 6.1; rv:15.0) Gecko/20100101 Firefox/15.0.1"
192.168.2.222 - - [12/Sep/2012:10:58:15 +0200] "GET /wiki/doku.php?id=script HTTP/1.1" 200 11049 "http://intranet-if:90/wiki/doku.php?id=site" "Mozilla/5.0 (Windows NT 6.1; rv:15.0) Gecko/20100101 Firefox/15.0.1"
192.168.2.222 - - [12/Sep/2012:10:58:15 +0200] "GET /wiki/lib/exe/indexer.php?id=script&1347440295 HTTP/1.1" 200 42 "http://intranet-if:90/wiki/doku.php?id=script" "Mozilla/5.0 (Windows NT 6.1; rv:15.0) Gecko/20100101 Firefox/15.0.1"
192.168.2.222 - - [12/Sep/2012:10:58:16 +0200] "GET /wiki/doku.php?id=fac HTTP/1.1" 200 12530 "http://intranet-if:90/wiki/doku.php?id=script" "Mozilla/5.0 (Windows NT 6.1; rv:15.0) Gecko/20100101 Firefox/15.0.1"
192.168.2.222 - - [12/Sep/2012:10:58:16 +0200] "GET /wiki/lib/exe/indexer.php?id=fac&1347440296 HTTP/1.1" 200 42 "http://intranet-if:90/wiki/doku.php?id=fac" "Mozilla/5.0 (Windows NT 6.1; rv:15.0) Gecko/20100101 Firefox/15.0.1"
192.168.1.87 - - [12/Sep/2012:10:58:26 +0200] "GET /temps/TA.ics HTTP/1.1" 304 - "-" "Mozilla/5.0 (Windows NT 5.1; rv:12.0) Gecko/20120428 Thunderbird/12.0.1 Lightning/1.4"
192.168.2.222 - - [12/Sep/2012:10:58:28 +0200] "GET /wiki/doku.php?id=comptes_etudiants HTTP/1.1" 200 10718 "http://intranet-if:90/wiki/doku.php?id=fac" "Mozilla/5.0 (Windows NT 6.1; rv:15.0) Gecko/20100101 Firefox/15.0.1"
192.168.2.222 - - [12/Sep/2012:10:58:28 +0200] "GET /wiki/lib/exe/indexer.php?id=comptes_etudiants&1347440308 HTTP/1.1" 200 42 "http://intranet-if:90/wiki/doku.php?id=comptes_etudiants" "Mozilla/5.0 (Windows NT 6.1; rv:15.0) Gecko/20100101 Firefox/15.0.1"
192.168.2.222 - - [12/Sep/2012:10:58:30 +0200] "GET /wiki/doku.php?id=windows2 HTTP/1.1" 200 15429 "http://intranet-if:90/wiki/doku.php?id=comptes_etudiants" "Mozilla/5.0 (Windows NT 6.1; rv:15.0) Gecko/20100101 Firefox/15.0.1"
192.168.2.222 - - [12/Sep/2012:10:58:30 +0200] "GET /wiki/lib/exe/indexer.php?id=windows2&1347440310 HTTP/1.1" 200 42 "http://intranet-if:90/wiki/doku.php?id=windows2" "Mozilla/5.0 (Windows NT 6.1; rv:15.0) Gecko/20100101 Firefox/15.0.1"
192.168.3.80 - - [13/Sep/2012:10:00:00 +0200] "GET /temps/5IF39.html HTTP/1.1" 200 21282 "http://intranet-if.insa-lyon.fr/temps/5IF38.html" "Mozilla/5.0 (Macintosh; Intel Mac OS X 10_8_1) AppleWebKit/537.1 (KHTML, like Gecko) Chrome/21.0.1180.89 Safari/537.1"
192.168.3.80 - - [13/Sep/2012:10:00:32 +0200] "GET /temps/5IF40.html HTTP/1.1" 200 20578 "http://intranet-if.insa-lyon.fr/temps/5IF39.html" "Mozilla/5.0 (Macintosh; Intel Mac OS X 10_8_1) AppleWebKit/537.1 (KHTML, like Gecko) Chrome/21.0.1180.89 Safari/537.1"
192.168.3.130 - - [13/Sep/2012:10:00:35 +0200] "GET /temps/3IF37.html HTTP/1.1" 304 - "http://intranet-if.insa-lyon.fr/temps/3IF38.html" "Mozilla/5.0 (iPhone; CPU iPhone OS 5_0_1 like Mac OS X) AppleWebKit/534.46 (KHTML, like Gecko) Version/5.1 Mobile/9A405 Safari/7534.48.3"
192.168.3.130 - - [13/Sep/2012:10:00:36 +0200] "GET /temps/precedent.gif HTTP/1.1" 304 - "http://intranet-if.insa-lyon.fr/temps/3IF37.html" "Mozilla/5.0 (iPhone; CPU iPhone OS 5_0_1 like Mac OS X) AppleWebKit/534.46 (KHTML, like Gecko) Version/5.1 Mobile/9A405 Safari/7534.48.3"
192.168.3.130 - - [13/Sep/2012:10:00:36 +0200] "GET /temps/choix.gif HTTP/1.1" 304 - "http://intranet-if.insa-lyon.fr/temps/3IF37.html" "Mozilla/5.0 (iPhone; CPU iPhone OS 5_0_1 like Mac OS X) AppleWebKit/534.46 (KHTML, like Gecko) Version/5.1 Mobile/9A405 Safari/7534.48.3"
192.168.3.130 - - [13/Sep/2012:10:00:36 +0200] "GET /temps/suivant.gif HTTP/1.1" 304 - "http://intranet-if.insa-lyon.fr/temps/3IF37.html" "Mozilla/5.0 (iPhone; CPU iPhone OS 5_0_1 like Mac OS X) AppleWebKit/534.46 (KHTML, like Gecko) Version/5.1 Mobile/9A405 Safari/7534.48.3"
192.168.3.130 - - [13/Sep/2012:10:00:37 +0200] "GET /temps/FondInsa.jpg HTTP/1.1" 304 - "http://intranet-if.insa-lyon.fr/temps/3IF37.html" "Mozilla/5.0 (iPhone; CPU iPhone OS 5_0_1 like Mac OS X) AppleWebKit/534.46 (KHTML, like Gecko) Version/5.1 Mobile/9A405 Safari/7534.48.3"
192.168.1.99 - - [13/Sep/2012:10:01:02 +0200] "GET /SiteWebIF/Intranet-personnel.php HTTP/1.1" 302 478 "http://if.insa-lyon.fr/" "Mozilla/4.0 (compatible; MSIE 7.0; Windows NT 6.1; WOW64; Trident/5.0; SLCC2; .NET CLR 2.0.50727; .NET CLR 3.5.30729; .NET CLR 3.0.30729; Media Center PC 6.0; .NET4.0C; .NET4.0E; BRI/2; InfoPath.3; InfoPath.1)"
192.168.1.242 - - [13/Sep/2012:10:01:04 +0200] "GET /SiteWebIF/Intranet-etudiant.php HTTP/1.1" 302 477 "-" "Mozilla/5.0 (Windows NT 6.1; WOW64; rv:12.0) Gecko/20100101 Firefox/12.0"
192.168.3.80 - - [13/Sep/2012:10:01:04 +0200] "GET /temps/5IF41.html HTTP/1.1" 200 25153 "http://intranet-if.insa-lyon.fr/temps/5IF40.html" "Mozilla/5.0 (Macintosh; Intel Mac OS X 10_8_1) AppleWebKit/537.1 (KHTML, like Gecko) Chrome/21.0.1180.89 Safari/537.1"
192.168.3.80 - - [13/Sep/2012:10:01:09 +0200] "GET /temps/5IF42.html HTTP/1.1" 200 19852 "http://intranet-if.insa-lyon.fr/temps/5IF41.html" "Mozilla/5.0 (Macintosh; Intel Mac OS X 10_8_1) AppleWebKit/537.1 (KHTML, like Gecko) Chrome/21.0.1180.89 Safari/537.1"
192.168.1.99 - - [13/Sep/2012:10:01:12 +0200] "GET /SiteWebIF/Intranet-personnel.php?ticket=ST-14459-DKD3FM9l5UBMuJzMKFOH-dsi-vm04 HTTP/1.1" 302 - "-" "Mozilla/4.0 (compatible; MSIE 7.0; Windows NT 6.1; WOW64; Trident/5.0; SLCC2; .NET CLR 2.0.50727; .NET CLR 3.5.30729; .NET CLR 3.0.30729; Media Center PC 6.0; .NET4.0C; .NET4.0E; BRI/2; InfoPath.3; InfoPath.1)"
192.168.1.99 - - [13/Sep/2012:10:01:12 +0200] "GET /SiteWebIF/Intranet-personnel.php HTTP/1.1" 200 5042 "-" "Mozilla/4.0 (compatible; MSIE 7.0; Windows NT 6.1; WOW64; Trident/5.0; SLCC2; .NET CLR 2.0.50727; .NET CLR 3.5.30729; .NET CLR 3.0.30729; Media Center PC 6.0; .NET4.0C; .NET4.0E; BRI/2; InfoPath.3; InfoPath.1)"
192.168.1.99 - - [13/Sep/2012:10:01:15 +0200] "GET /favicon.ico HTTP/1.1" 200 1700 "-" "Mozilla/4.0 (compatible; MSIE 7.0; Windows NT 6.1; WOW64; Trident/5.0; SLCC2; .NET CLR 2.0.50727; .NET CLR 3.5.30729; .NET CLR 3.0.30729; Media Center PC 6.0; .NET4.0C; .NET4.0E; BRI/2; InfoPath.3; InfoPath.1)"
192.168.1.99 - - [13/Sep/2012:10:01:22 +0200] "GET /temps/5IF39.html HTTP/1.1" 304 - "-" "Mozilla/4.0 (compatible; MSIE 7.0; Windows NT 6.1; WOW64; Trident/5.0; SLCC2; .NET CLR 2.0.50727; .NET CLR 3.5.30729; .NET CLR 3.0.30729; Media Center PC 6.0; .NET4.0C; .NET4.0E; BRI/2; InfoPath.3; InfoPath.1)"
192.168.0.7 - - [13/Sep/2012:10:01:53 +0200] "GET /temps/4IF2.ics HTTP/1.1" 200 78443 "-" "Mozilla/5.0 (compatible; Googlebot/2.1; +http://www.google.com/bot.html)"
192.168.3.80 - - [13/Sep/2012:10:02:15 +0200] "GET /temps/5IF43.html HTTP/1.1" 200 12447 "http://intranet-if.insa-lyon.fr/temps/5IF42.html" "Mozilla/5.0 (Macintosh; Intel Mac OS X 10_8_1) AppleWebKit/537.1 (KHTML, like Gecko) Chrome/21.0.1180.89 Safari/537.1"
192.168.3.80 - - [13/Sep/2012:10:02:18 +0200] "GET /temps/5IF44.html HTTP/1.1" 304 - "http://intranet-if.insa-lyon.fr/temps/5IF43.html" "Mozilla/5.0 (Macintosh; Intel Mac OS X 10_8_1) AppleWebKit/537.1 (KHTML, like Gecko) Chrome/21.0.1180.89 Safari/537.1"
192.168.1.99 - - [13/Sep/2012:10:02:48 +0200] "GET /temps/5IF40.html HTTP/1.1" 200 20578 "http://intranet-if.insa-lyon.fr/temps/5IF39.html" "Mozilla/4.0 (compatible; MSIE 7.0; Windows NT 6.1; WOW64; Trident/5.0; SLCC2; .NET CLR 2.0.50727; .NET CLR 3.5.30729; .NET CLR 3.0.30729; Media Center PC 6.0; .NET4.0C; .NET4.0E; BRI/2; InfoPath.3; InfoPath.1)"
192.168.1.99 - - [13/Sep/2012:10:03:30 +0200] "GET /temps/5IF41.html HTTP/1.1" 200 25153 "http://intranet-if.insa-lyon.fr/temps/5IF40.html" "Mozilla/4.0 (compatible; MSIE 7.0; Windows NT 6.1; WOW64; Trident/5.0; SLCC2; .NET CLR 2.0.50727; .NET CLR 3.5.30729; .NET CLR 3.0.30729; Media Center PC 6.0; .NET4.0C; .NET4.0E; BRI/2; InfoPath.3; InfoPath.1)"
192.168.0.239 - - [13/Sep/2012:10:06:09 +0200] "GET /temps/3IF1.ics HTTP/1.1" 304 - "-" "DataAccess/1.0 (8C148)"
192.168.1.201 - - [13/Sep/2012:10:07:51 +0200] "GET /temps/4IF1.ics HTTP/1.1" 304 - "-" "iOS/5.1.1 (9B208) dataaccessd/1.0"
192.168.1.195 - - [13/Sep/2012:10:10:21 +0200] "GET /temps/5IF39.html HTTP/1.1" 304 - "-" "Mozilla/5.0 (Windows NT 5.2; WOW64; rv:7.0.1) Gecko/20100101 Firefox/7.0.1"
192.168.1.195 - - [13/Sep/2012:10:10:24 +0200] "GET /temps/5IF40.html HTTP/1.1" 304 - "http://intranet-if.insa-lyon.fr/temps/5IF39.html" "Mozilla/5.0 (Windows NT 5.2; WOW64; rv:7.0.1) Gecko/20100101 Firefox/7.0.1"
192.168.3.131 - - [13/Sep/2012:10:12:44 +0200] "GET /SiteWebIF/Intranet-etudiant.php HTTP/1.1" 302 477 "http://if.insa-lyon.fr/" "Mozilla/5.0 (Windows NT 5.1; rv:10.0.7) Gecko/20100101 Firefox/10.0.7"
192.168.3.131 - - [13/Sep/2012:10:12:57 +0200] "GET /SiteWebIF/Intranet-etudiant.php?ticket=ST-14714-FYNGniut9a2JDbkWZbCT-dsi-vm04 HTTP/1.1" 302 - "-" "Mozilla/5.0 (Windows NT 5.1; rv:10.0.7) Gecko/20100101 Firefox/10.0.7"
192.168.3.131 - - [13/Sep/2012:10:12:57 +0200] "GET /SiteWebIF/Intranet-etudiant.php HTTP/1.1" 200 3822 "-" "Mozilla/5.0 (Windows NT 5.1; rv:10.0.7) Gecko/20100101 Firefox/10.0.7"
192.168.3.131 - - [13/Sep/2012:10:13:00 +0200] "GET /notesif/ HTTP/1.1" 302 - "http://intranet-if.insa-lyon.fr/SiteWebIF/Intranet-etudiant.php" "Mozilla/5.0 (Windows NT 5.1; rv:10.0.7) Gecko/20100101 Firefox/10.0.7"
192.168.3.132 - - [13/Sep/2012:10:13:26 +0200] "GET /SiteWebIF/Intranet-personnel.php HTTP/1.1" 302 478 "http://if.insa-lyon.fr/" "Mozilla/5.0 (Macintosh; Intel Mac OS X 10_7_4) AppleWebKit/536.25 (KHTML, like Gecko) Version/6.0 Safari/536.25"
192.168.3.132 - - [13/Sep/2012:10:13:26 +0200] "GET /SiteWebIF/Intranet-personnel.php?ticket=ST-13632-kQ9bo003NyDZGNvdkIDd-dsi-vm03 HTTP/1.1" 302 - "http://if.insa-lyon.fr/" "Mozilla/5.0 (Macintosh; Intel Mac OS X 10_7_4) AppleWebKit/536.25 (KHTML, like Gecko) Version/6.0 Safari/536.25"
192.168.3.132 - - [13/Sep/2012:10:13:26 +0200] "GET /SiteWebIF/Intranet-personnel.php HTTP/1.1" 200 4558 "http://if.insa-lyon.fr/" "Mozilla/5.0 (Macintosh; Intel Mac OS X 10_7_4) AppleWebKit/536.25 (KHTML, like Gecko) Version/6.0 Safari/536.25"
192.168.3.132 - - [13/Sep/2012:10:13:26 +0200] "GET /stages/style_pfe.css HTTP/1.1" 200 895 "http://intranet-if.insa-lyon.fr/SiteWebIF/Intranet-personnel.php" "Mozilla/5.0 (Macintosh; Intel Mac OS X 10_7_4) AppleWebKit/536.25 (KHTML, like Gecko) Version/6.0 Safari/536.25"
192.168.3.132 - - [13/Sep/2012:10:13:26 +0200] "GET /stages/FondInsa.jpg HTTP/1.1" 200 2828 "http://intranet-if.insa-lyon.fr/SiteWebIF/Intranet-personnel.php" "Mozilla/5.0 (Macintosh; Intel Mac OS X 10_7_4) AppleWebKit/536.25 (KHTML, like Gecko) Version/6.0 Safari/536.25"
192.168.3.132 - - [13/Sep/2012:10:13:26 +0200] "GET /stages/bandeauFinal.jpg HTTP/1.1" 200 50390 "http://intranet-if.insa-lyon.fr/SiteWebIF/Intranet-personnel.php" "Mozilla/5.0 (Macintosh; Intel Mac OS X 10_7_4) AppleWebKit/536.25 (KHTML, like Gecko) Version/6.0 Safari/536.25"
192.168.3.132 - - [13/Sep/2012:10:13:26 +0200] "GET /stages/InsaIF.ico HTTP/1.1" 200 766 "http://intranet-if.insa-lyon.fr/SiteWebIF/Intranet-personnel.php" "Mozilla/5.0 (Macintosh; Intel Mac OS X 10_7_4) AppleWebKit/536.25 (KHTML, like Gecko) Version/6.0 Safari/536.25"
192.168.3.132 - - [13/Sep/2012:10:13:32 +0200] "GET /SiteWebIF/FAQ.pdf HTTP/1.1" 200 163888 "http://intranet-if.insa-lyon.fr/SiteWebIF/Intranet-personnel.php" "Mozilla/5.0 (Macintosh; Intel Mac OS X 10_7_4) AppleWebKit/536.25 (KHTML, like Gecko) Version/6.0 Safari/536.25"
192.168.3.132 - - [13/Sep/2012:10:13:33 +0200] "GET /favicon.ico HTTP/1.1" 200 1700 "http://intranet-if.insa-lyon.fr/SiteWebIF/FAQ.pdf" "Mozilla/5.0 (Macintosh; Intel Mac OS X 10_7_4) AppleWebKit/536.25 (KHTML, like Gecko) Version/6.0 Safari/536.25"
192.168.3.132 - - [13/Sep/2012:10:14:47 +0200] "GET /SiteWebIF/LivretAccueiPersonnel2012.pdf HTTP/1.1" 200 66155 "http://intranet-if.insa-lyon.fr/SiteWebIF/Intranet-personnel.php" "Mozilla/5.0 (Macintosh; Intel Mac OS X 10_7_4) AppleWebKit/536.25 (KHTML, like Gecko) Version/6.0 Safari/536.25"
192.168.3.132 - - [13/Sep/2012:10:15:13 +0200] "GET /SiteWebIF/livretSI.pdf HTTP/1.1" 200 765908 "http://intranet-if.insa-lyon.fr/SiteWebIF/Intranet-personnel.php" "Mozilla/5.0 (Macintosh; Intel Mac OS X 10_7_4) AppleWebKit/536.25 (KHTML, like Gecko) Version/6.0 Safari/536.25"
192.168.1.201 - - [13/Sep/2012:10:17:15 +0200] "GET /temps/4IF1.ics HTTP/1.1" 304 - "-" "iOS/5.1.1 (9B208) dataaccessd/1.0"
192.168.3.133 - - [13/Sep/2012:10:18:08 +0200] "GET /SiteWebIF/Intranet-etudiant.php HTTP/1.1" 302 477 "http://if.insa-lyon.fr/" "Mozilla/5.0 (Windows NT 6.1; WOW64) AppleWebKit/535.19 (KHTML, like Gecko) Chrome/18.0.1025.168 Safari/535.19"
192.168.1.81 - - [13/Sep/2012:10:18:10 +0200] "GET /temps/PL.ics HTTP/1.1" 200 10935 "-" "CalendarStore/5.0.3 (1204.1); iCal/5.0.3 (1605.3); Mac OS X/10.7.4 (11E53)"
192.168.3.133 - - [13/Sep/2012:10:18:13 +0200] "GET /SiteWebIF/Intranet-etudiant.php?ticket=ST-13737-ao2Ymf0HouXUgcMbicTe-dsi-vm03 HTTP/1.1" 302 - "-" "Mozilla/5.0 (Windows NT 6.1; WOW64) AppleWebKit/535.19 (KHTML, like Gecko) Chrome/18.0.1025.168 Safari/535.19"
192.168.3.133 - - [13/Sep/2012:10:18:13 +0200] "GET /SiteWebIF/Intranet-etudiant.php HTTP/1.1" 200 3782 "-" "Mozilla/5.0 (Windows NT 6.1; WOW64) AppleWebKit/535.19 (KHTML, like Gecko) Chrome/18.0.1025.168 Safari/535.19"
192.168.3.133 - - [13/Sep/2012:10:18:13 +0200] "GET /stages/style_pfe.css HTTP/1.1" 200 895 "http://intranet-if.insa-lyon.fr/SiteWebIF/Intranet-etudiant.php" "Mozilla/5.0 (Windows NT 6.1; WOW64) AppleWebKit/535.19 (KHTML, like Gecko) Chrome/18.0.1025.168 Safari/535.19"
192.168.3.133 - - [13/Sep/2012:10:18:13 +0200] "GET /stages/FondInsa.jpg HTTP/1.1" 200 2828 "http://intranet-if.insa-lyon.fr/SiteWebIF/Intranet-etudiant.php" "Mozilla/5.0 (Windows NT 6.1; WOW64) AppleWebKit/535.19 (KHTML, like Gecko) Chrome/18.0.1025.168 Safari/535.19"
192.168.3.133 - - [13/Sep/2012:10:18:13 +0200] "GET /stages/bandeauFinal.jpg HTTP/1.1" 200 50390 "http://intranet-if.insa-lyon.fr/SiteWebIF/Intranet-etudiant.php" "Mozilla/5.0 (Windows NT 6.1; WOW64) AppleWebKit/535.19 (KHTML, like Gecko) Chrome/18.0.1025.168 Safari/535.19"
192.168.3.133 - - [13/Sep/2012:10:18:13 +0200] "GET /stages/InsaIF.ico HTTP/1.1" 200 766 "-" "Mozilla/5.0 (Windows NT 6.1; WOW64) AppleWebKit/535.19 (KHTML, like Gecko) Chrome/18.0.1025.168 Safari/535.19"
192.168.3.133 - - [13/Sep/2012:10:18:15 +0200] "GET /notesif HTTP/1.1" 301 248 "http://intranet-if.insa-lyon.fr/SiteWebIF/Intranet-etudiant.php" "Mozilla/5.0 (Windows NT 6.1; WOW64) AppleWebKit/535.19 (KHTML, like Gecko) Chrome/18.0.1025.168 Safari/535.19"
192.168.3.133 - - [13/Sep/2012:10:18:15 +0200] "GET /notesif/ HTTP/1.1" 302 - "http://intranet-if.insa-lyon.fr/SiteWebIF/Intranet-etudiant.php" "Mozilla/5.0 (Windows NT 6.1; WOW64) AppleWebKit/535.19 (KHTML, like Gecko) Chrome/18.0.1025.168 Safari/535.19"
192.168.0.7 - - [13/Sep/2012:10:19:12 +0200] "GET /temps/4IF13.html HTTP/1.1" 304 - "-" "Mozilla/5.0 (compatible; Googlebot/2.1; +http://www.google.com/bot.html)"
192.168.1.201 - - [13/Sep/2012:10:20:01 +0200] "GET /temps/4IF1.ics HTTP/1.1" 304 - "-" "iOS/5.1.1 (9B208) dataaccessd/1.0"
192.168.0.47 - - [13/Sep/2012:10:21:09 +0200] "GET /temps/3IF1.ics HTTP/1.1" 304 - "-" "DataAccess/1.0 (8C148)"
192.168.0.21 - - [13/Sep/2012:10:21:24 +0200] "GET /temps/4IF2.ics HTTP/1.1" 304 - "-" "iOS/5.1.1 (9B206) dataaccessd/1.0"
192.168.1.87 - - [13/Sep/2012:10:23:25 +0200] "GET /temps/TA.ics HTTP/1.1" 304 - "-" "Mozilla/5.0 (Windows NT 5.1; rv:12.0) Gecko/20120428 Thunderbird/12.0.1 Lightning/1.4"
192.168.0.7 - - [13/Sep/2012:10:24:34 +0200] "GET /temps/GL.ics HTTP/1.1" 200 10959 "-" "Mozilla/5.0 (compatible; Googlebot/2.1; +http://www.google.com/bot.html)"
192.168.3.134 - - [13/Sep/2012:10:32:01 +0200] "GET /SiteWebIF/Intranet-etudiant.php HTTP/1.1" 302 477 "http://if.insa-lyon.fr/" "Mozilla/5.0 (Windows NT 6.1; WOW64) AppleWebKit/537.1 (KHTML, like Gecko) Chrome/21.0.1180.89 Safari/537.1"
192.168.3.134 - - [13/Sep/2012:10:32:06 +0200] "GET /SiteWebIF/Intranet-etudiant.php?ticket=ST-15089-juTHOfuaL6tGvQuIDshn-dsi-vm04 HTTP/1.1" 302 - "-" "Mozilla/5.0 (Windows NT 6.1; WOW64) AppleWebKit/537.1 (KHTML, like Gecko) Chrome/21.0.1180.89 Safari/537.1"
192.168.3.134 - - [13/Sep/2012:10:32:06 +0200] "GET /SiteWebIF/Intranet-etudiant.php HTTP/1.1" 200 3840 "-" "Mozilla/5.0 (Windows NT 6.1; WOW64) AppleWebKit/537.1 (KHTML, like Gecko) Chrome/21.0.1180.89 Safari/537.1"
192.168.3.134 - - [13/Sep/2012:10:32:06 +0200] "GET /stages/style_pfe.css HTTP/1.1" 200 895 "http://intranet-if.insa-lyon.fr/SiteWebIF/Intranet-etudiant.php" "Mozilla/5.0 (Windows NT 6.1; WOW64) AppleWebKit/537.1 (KHTML, like Gecko) Chrome/21.0.1180.89 Safari/537.1"
192.168.3.134 - - [13/Sep/2012:10:32:07 +0200] "GET /stages/FondInsa.jpg HTTP/1.1" 200 2828 "http://intranet-if.insa-lyon.fr/SiteWebIF/Intranet-etudiant.php" "Mozilla/5.0 (Windows NT 6.1; WOW64) AppleWebKit/537.1 (KHTML, like Gecko) Chrome/21.0.1180.89 Safari/537.1"
192.168.3.134 - - [13/Sep/2012:10:32:07 +0200] "GET /stages/bandeauFinal.jpg HTTP/1.1" 200 50390 "http://intranet-if.insa-lyon.fr/SiteWebIF/Intranet-etudiant.php" "Mozilla/5.0 (Windows NT 6.1; WOW64) AppleWebKit/537.1 (KHTML, like Gecko) Chrome/21.0.1180.89 Safari/537.1"
192.168.3.134 - - [13/Sep/2012:10:32:07 +0200] "GET /stages/InsaIF.ico HTTP/1.1" 200 766 "-" "Mozilla/5.0 (Windows NT 6.1; WOW64) AppleWebKit/537.1 (KHTML, like Gecko) Chrome/21.0.1180.89 Safari/537.1"
192.168.3.134 - - [13/Sep/2012:10:32:11 +0200] "GET /temps/style_pfe.css HTTP/1.1" 200 895 "http://intranet-if.insa-lyon.fr/temps/SoutenancesPFE.html" "Mozilla/5.0 (Windows NT 6.1; WOW64) AppleWebKit/537.1 (KHTML, like Gecko) Chrome/21.0.1180.89 Safari/537.1"
192.168.3.134 - - [13/Sep/2012:10:32:11 +0200] "GET /temps/loupe.gif HTTP/1.1" 200 326 "http://intranet-if.insa-lyon.fr/temps/SoutenancesPFE.html" "Mozilla/5.0 (Windows NT 6.1; WOW64) AppleWebKit/537.1 (KHTML, like Gecko) Chrome/21.0.1180.89 Safari/537.1"
192.168.3.134 - - [13/Sep/2012:10:32:11 +0200] "GET /temps/FondInsa.jpg HTTP/1.1" 200 2828 "http://intranet-if.insa-lyon.fr/temps/SoutenancesPFE.html" "Mozilla/5.0 (Windows NT 6.1; WOW64) AppleWebKit/537.1 (KHTML, like Gecko) Chrome/21.0.1180.89 Safari/537.1"
192.168.3.134 - - [13/Sep/2012:10:32:11 +0200] "GET /temps/SoutenancesPFE.html HTTP/1.1" 200 97089 "http://intranet-if.insa-lyon.fr/SiteWebIF/Intranet-etudiant.php" "Mozilla/5.0 (Windows NT 6.1; WOW64) AppleWebKit/537.1 (KHTML, like Gecko) Chrome/21.0.1180.89 Safari/537.1"
192.168.3.134 - - [13/Sep/2012:10:32:12 +0200] "GET /temps/InsaIF.ico HTTP/1.1" 200 766 "-" "Mozilla/5.0 (Windows NT 6.1; WOW64) AppleWebKit/537.1 (KHTML, like Gecko) Chrome/21.0.1180.89 Safari/537.1"
192.168.3.135 - - [13/Sep/2012:10:32:29 +0200] "GET /temps/3IF4.ics HTTP/1.1" 200 117652 "-" "Mozilla/5.0 (Windows NT 6.1; WOW64) AppleWebKit/537.1 (KHTML, like Gecko) Chrome/21.0.1180.89 Safari/537.1"
192.168.3.135 - - [13/Sep/2012:10:32:29 +0200] "GET /favicon.ico HTTP/1.1" 200 1700 "-" "Mozilla/5.0 (Windows NT 6.1; WOW64) AppleWebKit/537.1 (KHTML, like Gecko) Chrome/21.0.1180.89 Safari/537.1"
192.168.3.135 - - [13/Sep/2012:10:32:37 +0200] "GET /temps/4IF4.ics HTTP/1.1" 200 78500 "-" "Mozilla/5.0 (Windows NT 6.1; WOW64) AppleWebKit/537.1 (KHTML, like Gecko) Chrome/21.0.1180.89 Safari/537.1"
192.168.3.135 - - [13/Sep/2012:10:32:41 +0200] "GET /temps/4IF4.ics HTTP/1.1" 304 - "-" "Mozilla/5.0 (Windows NT 6.1; WOW64) AppleWebKit/537.1 (KHTML, like Gecko) Chrome/21.0.1180.89 Safari/537.1"
192.168.2.57 - - [13/Sep/2012:10:33:45 +0200] "GET /SiteWebIF/Intranet-personnel.php HTTP/1.1" 200 61 "http://if.insa-lyon.fr/" "Mozilla/5.0 (Windows NT 5.1; rv:15.0) Gecko/20100101 Firefox/15.0.1"
192.168.2.57 - - [13/Sep/2012:10:33:52 +0200] "GET /SiteWebIF/Intranet-etudiant.php HTTP/1.1" 200 1815 "http://if.insa-lyon.fr/" "Mozilla/5.0 (Windows NT 5.1; rv:15.0) Gecko/20100101 Firefox/15.0.1"
192.168.2.57 - - [13/Sep/2012:10:33:55 +0200] "GET /temps/SoutenancesPFE.html HTTP/1.1" 200 97089 "http://intranet-if.insa-lyon.fr/SiteWebIF/Intranet-etudiant.php" "Mozilla/5.0 (Windows NT 5.1; rv:15.0) Gecko/20100101 Firefox/15.0.1"
192.168.2.57 - - [13/Sep/2012:10:33:56 +0200] "GET /temps/InsaIF.ico HTTP/1.1" 304 - "-" "Mozilla/5.0 (Windows NT 5.1; rv:15.0) Gecko/20100101 Firefox/15.0.1"
192.168.2.57 - - [13/Sep/2012:10:34:01 +0200] "GET /stages/ListePFE.php HTTP/1.1" 200 350375 "http://intranet-if.insa-lyon.fr/SiteWebIF/Intranet-etudiant.php" "Mozilla/5.0 (Windows NT 5.1; rv:15.0) Gecko/20100101 Firefox/15.0.1"
192.168.1.242 - - [13/Sep/2012:10:34:26 +0200] "GET /SiteWebIF/Intranet-etudiant.php HTTP/1.1" 302 477 "-" "Mozilla/5.0 (Windows NT 6.1; WOW64; rv:12.0) Gecko/20100101 Firefox/12.0"
192.168.1.201 - - [13/Sep/2012:10:35:04 +0200] "GET /temps/4IF1.ics HTTP/1.1" 304 - "-" "iOS/5.1.1 (9B208) dataaccessd/1.0"
192.168.0.179 - - [13/Sep/2012:10:36:08 +0200] "GET /temps/3IF1.ics HTTP/1.1" 304 - "-" "DataAccess/1.0 (8C148)"
192.168.3.125 - - [13/Sep/2012:10:40:22 +0200] "GET /temps/4IF4.ics HTTP/1.1" 200 78500 "-" "DataAccess/1.0 (8J2)"
192.168.2.170 - - [13/Sep/2012:10:44:07 +0200] "GET /SiteWebIF/Intranet-etudiant.php HTTP/1.1" 200 1815 "http://if.insa-lyon.fr/" "Mozilla/5.0 (compatible; MSIE 9.0; Windows NT 6.1; Trident/5.0)"
192.168.2.170 - - [13/Sep/2012:10:44:11 +0200] "GET /favicon.ico HTTP/1.1" 200 1700 "-" "Mozilla/5.0 (compatible; MSIE 9.0; Windows NT 6.1; Trident/5.0)"
192.168.2.170 - - [13/Sep/2012:10:47:08 +0200] "GET /temps/3IF39.html HTTP/1.1" 200 21943 "http://intranet-if.insa-lyon.fr/temps/3IF38.html" "Mozilla/5.0 (compatible; MSIE 9.0; Windows NT 6.1; Trident/5.0)"
192.168.2.133 - - [13/Sep/2012:10:47:17 +0200] "GET /SiteWebIF/Intranet-etudiant.php HTTP/1.1" 302 477 "-" "Mozilla/5.0 (X11; Ubuntu; Linux i686; rv:15.0) Gecko/20100101 Firefox/15.0"
192.168.2.133 - - [13/Sep/2012:10:47:28 +0200] "GET /SiteWebIF/Intranet-etudiant.php?ticket=ST-14221-mxdq1HRm3nfDQatJuMbi-dsi-vm03 HTTP/1.1" 302 - "-" "Mozilla/5.0 (X11; Ubuntu; Linux i686; rv:15.0) Gecko/20100101 Firefox/15.0"
192.168.2.133 - - [13/Sep/2012:10:47:28 +0200] "GET /SiteWebIF/Intranet-etudiant.php HTTP/1.1" 200 3801 "-" "Mozilla/5.0 (X11; Ubuntu; Linux i686; rv:15.0) Gecko/20100101 Firefox/15.0"
192.168.2.133 - - [13/Sep/2012:10:47:28 +0200] "GET /stages/style_pfe.css HTTP/1.1" 200 895 "http://intranet-if.insa-lyon.fr/SiteWebIF/Intranet-etudiant.php" "Mozilla/5.0 (X11; Ubuntu; Linux i686; rv:15.0) Gecko/20100101 Firefox/15.0"
192.168.2.133 - - [13/Sep/2012:10:47:28 +0200] "GET /stages/InsaIF.ico HTTP/1.1" 200 766 "-" "Mozilla/5.0 (X11; Ubuntu; Linux i686; rv:15.0) Gecko/20100101 Firefox/15.0"
192.168.2.133 - - [13/Sep/2012:10:47:28 +0200] "GET /stages/FondInsa.jpg HTTP/1.1" 200 2828 "http://intranet-if.insa-lyon.fr/stages/style_pfe.css" "Mozilla/5.0 (X11; Ubuntu; Linux i686; rv:15.0) Gecko/20100101 Firefox/15.0"
192.168.2.133 - - [13/Sep/2012:10:47:28 +0200] "GET /stages/bandeauFinal.jpg HTTP/1.1" 200 50390 "http://intranet-if.insa-lyon.fr/SiteWebIF/Intranet-etudiant.php" "Mozilla/5.0 (X11; Ubuntu; Linux i686; rv:15.0) Gecko/20100101 Firefox/15.0"
192.168.2.133 - - [13/Sep/2012:10:47:32 +0200] "GET /temps/ HTTP/1.1" 200 6835 "http://intranet-if.insa-lyon.fr/SiteWebIF/Intranet-etudiant.php" "Mozilla/5.0 (X11; Ubuntu; Linux i686; rv:15.0) Gecko/20100101 Firefox/15.0"
192.168.2.133 - - [13/Sep/2012:10:47:32 +0200] "GET /temps/style_emploi_du_temps.css HTTP/1.1" 200 1216 "http://intranet-if.insa-lyon.fr/temps/" "Mozilla/5.0 (X11; Ubuntu; Linux i686; rv:15.0) Gecko/20100101 Firefox/15.0"
192.168.2.133 - - [13/Sep/2012:10:47:32 +0200] "GET /temps/InsaIF.ico HTTP/1.1" 200 766 "-" "Mozilla/5.0 (X11; Ubuntu; Linux i686; rv:15.0) Gecko/20100101 Firefox/15.0"
192.168.2.133 - - [13/Sep/2012:10:47:32 +0200] "GET /temps/FondInsa.jpg HTTP/1.1" 200 2828 "http://intranet-if.insa-lyon.fr/temps/style_emploi_du_temps.css" "Mozilla/5.0 (X11; Ubuntu; Linux i686; rv:15.0) Gecko/20100101 Firefox/15.0"
192.168.1.114 - - [13/Sep/2012:10:48:28 +0200] "GET /temps/5IF40.html HTTP/1.1" 200 20578 "-" "Mozilla/5.0 (Windows NT 5.1; rv:13.0) Gecko/20100101 Firefox/13.0.1"
192.168.1.114 - - [13/Sep/2012:10:48:28 +0200] "GET /temps/style_emploi_du_temps.css HTTP/1.1" 200 1216 "http://intranet-if.insa-lyon.fr/temps/5IF40.html" "Mozilla/5.0 (Windows NT 5.1; rv:13.0) Gecko/20100101 Firefox/13.0.1"
192.168.1.114 - - [13/Sep/2012:10:48:28 +0200] "GET /temps/precedent.gif HTTP/1.1" 200 1906 "http://intranet-if.insa-lyon.fr/temps/5IF40.html" "Mozilla/5.0 (Windows NT 5.1; rv:13.0) Gecko/20100101 Firefox/13.0.1"
192.168.1.114 - - [13/Sep/2012:10:48:28 +0200] "GET /temps/suivant.gif HTTP/1.1" 200 1634 "http://intranet-if.insa-lyon.fr/temps/5IF40.html" "Mozilla/5.0 (Windows NT 5.1; rv:13.0) Gecko/20100101 Firefox/13.0.1"
192.168.1.114 - - [13/Sep/2012:10:48:28 +0200] "GET /temps/choix.gif HTTP/1.1" 200 2836 "http://intranet-if.insa-lyon.fr/temps/5IF40.html" "Mozilla/5.0 (Windows NT 5.1; rv:13.0) Gecko/20100101 Firefox/13.0.1"
192.168.1.114 - - [13/Sep/2012:10:48:28 +0200] "GET /temps/FondInsa.jpg HTTP/1.1" 200 2828 "http://intranet-if.insa-lyon.fr/temps/style_emploi_du_temps.css" "Mozilla/5.0 (Windows NT 5.1; rv:13.0) Gecko/20100101 Firefox/13.0.1"
192.168.1.114 - - [13/Sep/2012:10:48:28 +0200] "GET /temps/InsaIF.ico HTTP/1.1" 200 766 "-" "Mozilla/5.0 (Windows NT 5.1; rv:13.0) Gecko/20100101 Firefox/13.0.1"
192.168.1.114 - - [13/Sep/2012:10:48:31 +0200] "GET /temps/index.html HTTP/1.1" 200 6835 "http://intranet-if.insa-lyon.fr/temps/5IF40.html" "Mozilla/5.0 (Windows NT 5.1; rv:13.0) Gecko/20100101 Firefox/13.0.1"
192.168.1.114 - - [13/Sep/2012:10:48:34 +0200] "GET / HTTP/1.1" 200 216 "-" "Mozilla/5.0 (Windows NT 5.1; rv:13.0) Gecko/20100101 Firefox/13.0.1"
192.168.1.114 - - [13/Sep/2012:10:48:34 +0200] "GET /favicon.ico HTTP/1.1" 200 1700 "-" "Mozilla/5.0 (Windows NT 5.1; rv:13.0) Gecko/20100101 Firefox/13.0.1"
192.168.1.114 - - [13/Sep/2012:10:48:50 +0200] "GET /SiteWebIF/Intranet-etudiant.php HTTP/1.1" 302 477 "http://if.insa-lyon.fr/" "Mozilla/5.0 (Windows NT 5.1; rv:13.0) Gecko/20100101 Firefox/13.0.1"
192.168.2.170 - - [13/Sep/2012:10:48:52 +0200] "GET /temps/3IF40.html HTTP/1.1" 200 23907 "http://intranet-if.insa-lyon.fr/temps/3IF39.html" "Mozilla/5.0 (compatible; MSIE 9.0; Windows NT 6.1; Trident/5.0)"
192.168.2.170 - - [13/Sep/2012:10:48:58 +0200] "GET /temps/3IF41.html HTTP/1.1" 200 24212 "http://intranet-if.insa-lyon.fr/temps/3IF40.html" "Mozilla/5.0 (compatible; MSIE 9.0; Windows NT 6.1; Trident/5.0)"
192.168.1.114 - - [13/Sep/2012:10:49:00 +0200] "GET /SiteWebIF/Intranet-etudiant.php?ticket=ST-15373-RCuuWnqdcd3BW27C3KzF-dsi-vm04 HTTP/1.1" 302 - "-" "Mozilla/5.0 (Windows NT 5.1; rv:13.0) Gecko/20100101 Firefox/13.0.1"
192.168.1.114 - - [13/Sep/2012:10:49:01 +0200] "GET /SiteWebIF/Intranet-etudiant.php HTTP/1.1" 200 3934 "-" "Mozilla/5.0 (Windows NT 5.1; rv:13.0) Gecko/20100101 Firefox/13.0.1"
192.168.1.114 - - [13/Sep/2012:10:49:01 +0200] "GET /stages/style_pfe.css HTTP/1.1" 200 895 "http://intranet-if.insa-lyon.fr/SiteWebIF/Intranet-etudiant.php" "Mozilla/5.0 (Windows NT 5.1; rv:13.0) Gecko/20100101 Firefox/13.0.1"
192.168.1.114 - - [13/Sep/2012:10:49:01 +0200] "GET /stages/InsaIF.ico HTTP/1.1" 200 766 "-" "Mozilla/5.0 (Windows NT 5.1; rv:13.0) Gecko/20100101 Firefox/13.0.1"
192.168.1.114 - - [13/Sep/2012:10:49:01 +0200] "GET /stages/bandeauFinal.jpg HTTP/1.1" 200 50390 "http://intranet-if.insa-lyon.fr/SiteWebIF/Intranet-etudiant.php" "Mozilla/5.0 (Windows NT 5.1; rv:13.0) Gecko/20100101 Firefox/13.0.1"
192.168.1.114 - - [13/Sep/2012:10:49:01 +0200] "GET /stages/FondInsa.jpg HTTP/1.1" 200 2828 "http://intranet-if.insa-lyon.fr/stages/style_pfe.css" "Mozilla/5.0 (Windows NT 5.1; rv:13.0) Gecko/20100101 Firefox/13.0.1"
192.168.1.114 - - [13/Sep/2012:10:49:04 +0200] "GET /temps/SoutenancesPFE.html HTTP/1.1" 200 97089 "http://intranet-if.insa-lyon.fr/SiteWebIF/Intranet-etudiant.php" "Mozilla/5.0 (Windows NT 5.1; rv:13.0) Gecko/20100101 Firefox/13.0.1"
192.168.1.114 - - [13/Sep/2012:10:49:04 +0200] "GET /temps/style_pfe.css HTTP/1.1" 200 895 "http://intranet-if.insa-lyon.fr/temps/SoutenancesPFE.html" "Mozilla/5.0 (Windows NT 5.1; rv:13.0) Gecko/20100101 Firefox/13.0.1"
192.168.1.114 - - [13/Sep/2012:10:49:04 +0200] "GET /temps/loupe.gif HTTP/1.1" 200 326 "http://intranet-if.insa-lyon.fr/temps/SoutenancesPFE.html" "Mozilla/5.0 (Windows NT 5.1; rv:13.0) Gecko/20100101 Firefox/13.0.1"
192.168.2.170 - - [13/Sep/2012:10:49:13 +0200] "GET /temps/3IF42.html HTTP/1.1" 200 22770 "http://intranet-if.insa-lyon.fr/temps/3IF41.html" "Mozilla/5.0 (compatible; MSIE 9.0; Windows NT 6.1; Trident/5.0)"
192.168.2.170 - - [13/Sep/2012:10:49:20 +0200] "GET /temps/3IF43.html HTTP/1.1" 200 22193 "http://intranet-if.insa-lyon.fr/temps/3IF42.html" "Mozilla/5.0 (compatible; MSIE 9.0; Windows NT 6.1; Trident/5.0)"
192.168.2.170 - - [13/Sep/2012:10:49:27 +0200] "GET /temps/3IF44.html HTTP/1.1" 200 5207 "http://intranet-if.insa-lyon.fr/temps/3IF43.html" "Mozilla/5.0 (compatible; MSIE 9.0; Windows NT 6.1; Trident/5.0)"
192.168.2.170 - - [13/Sep/2012:10:49:31 +0200] "GET /temps/3IF45.html HTTP/1.1" 200 23840 "http://intranet-if.insa-lyon.fr/temps/3IF44.html" "Mozilla/5.0 (compatible; MSIE 9.0; Windows NT 6.1; Trident/5.0)"
192.168.0.10 - - [13/Sep/2012:10:49:35 +0200] "GET /notesif/RSS/RSS_4IF.xml HTTP/1.1" 200 57760 "http://intranet-if.insa-lyon.fr/notesif/RSS/RSS_4IF.xml" "Blogtrottr/2.0"
192.168.2.133 - - [13/Sep/2012:10:50:00 +0200] "GET /temps/4IF37.html HTTP/1.1" 200 5197 "http://intranet-if.insa-lyon.fr/temps/" "Mozilla/5.0 (X11; Ubuntu; Linux i686; rv:15.0) Gecko/20100101 Firefox/15.0"
192.168.2.133 - - [13/Sep/2012:10:50:00 +0200] "GET /temps/precedent.gif HTTP/1.1" 200 1906 "http://intranet-if.insa-lyon.fr/temps/4IF37.html" "Mozilla/5.0 (X11; Ubuntu; Linux i686; rv:15.0) Gecko/20100101 Firefox/15.0"
192.168.2.133 - - [13/Sep/2012:10:50:00 +0200] "GET /temps/choix.gif HTTP/1.1" 200 2836 "http://intranet-if.insa-lyon.fr/temps/4IF37.html" "Mozilla/5.0 (X11; Ubuntu; Linux i686; rv:15.0) Gecko/20100101 Firefox/15.0"
192.168.2.133 - - [13/Sep/2012:10:50:00 +0200] "GET /temps/suivant.gif HTTP/1.1" 200 1634 "http://intranet-if.insa-lyon.fr/temps/4IF37.html" "Mozilla/5.0 (X11; Ubuntu; Linux i686; rv:15.0) Gecko/20100101 Firefox/15.0"
192.168.2.133 - - [13/Sep/2012:10:50:02 +0200] "GET /temps/4IF38.html HTTP/1.1" 200 15555 "http://intranet-if.insa-lyon.fr/temps/4IF37.html" "Mozilla/5.0 (X11; Ubuntu; Linux i686; rv:15.0) Gecko/20100101 Firefox/15.0"
192.168.2.170 - - [13/Sep/2012:10:50:03 +0200] "GET /temps/3IF46.html HTTP/1.1" 200 23633 "http://intranet-if.insa-lyon.fr/temps/3IF45.html" "Mozilla/5.0 (compatible; MSIE 9.0; Windows NT 6.1; Trident/5.0)"
192.168.1.201 - - [13/Sep/2012:10:50:10 +0200] "GET /temps/4IF1.ics HTTP/1.1" 304 - "-" "iOS/5.1.1 (9B208) dataaccessd/1.0"
192.168.2.170 - - [13/Sep/2012:10:50:15 +0200] "GET /temps/3IF47.html HTTP/1.1" 200 21648 "http://intranet-if.insa-lyon.fr/temps/3IF46.html" "Mozilla/5.0 (compatible; MSIE 9.0; Windows NT 6.1; Trident/5.0)"
192.168.2.133 - - [13/Sep/2012:10:50:39 +0200] "GET /temps/4IF39.html HTTP/1.1" 200 17278 "http://intranet-if.insa-lyon.fr/temps/4IF38.html" "Mozilla/5.0 (X11; Ubuntu; Linux i686; rv:15.0) Gecko/20100101 Firefox/15.0"
192.168.2.170 - - [13/Sep/2012:10:50:40 +0200] "GET /temps/3IF48.html HTTP/1.1" 200 23144 "http://intranet-if.insa-lyon.fr/temps/3IF47.html" "Mozilla/5.0 (compatible; MSIE 9.0; Windows NT 6.1; Trident/5.0)"
192.168.2.170 - - [13/Sep/2012:10:50:51 +0200] "GET /temps/3IF49.html HTTP/1.1" 200 22437 "http://intranet-if.insa-lyon.fr/temps/3IF48.html" "Mozilla/5.0 (compatible; MSIE 9.0; Windows NT 6.1; Trident/5.0)"
192.168.2.133 - - [13/Sep/2012:10:51:06 +0200] "GET /temps/4IF40.html HTTP/1.1" 200 19617 "http://intranet-if.insa-lyon.fr/temps/4IF39.html" "Mozilla/5.0 (X11; Ubuntu; Linux i686; rv:15.0) Gecko/20100101 Firefox/15.0"
192.168.0.25 - - [13/Sep/2012:10:51:08 +0200] "GET /temps/3IF1.ics HTTP/1.1" 304 - "-" "DataAccess/1.0 (8C148)"
192.168.2.133 - - [13/Sep/2012:10:51:20 +0200] "GET /temps/4IF41.html HTTP/1.1" 200 18246 "http://intranet-if.insa-lyon.fr/temps/4IF40.html" "Mozilla/5.0 (X11; Ubuntu; Linux i686; rv:15.0) Gecko/20100101 Firefox/15.0"
192.168.2.133 - - [13/Sep/2012:10:51:31 +0200] "GET /temps/4IF42.html HTTP/1.1" 200 18037 "http://intranet-if.insa-lyon.fr/temps/4IF41.html" "Mozilla/5.0 (X11; Ubuntu; Linux i686; rv:15.0) Gecko/20100101 Firefox/15.0"
192.168.2.133 - - [13/Sep/2012:10:51:46 +0200] "GET /temps/4IF43.html HTTP/1.1" 200 17772 "http://intranet-if.insa-lyon.fr/temps/4IF42.html" "Mozilla/5.0 (X11; Ubuntu; Linux i686; rv:15.0) Gecko/20100101 Firefox/15.0"
192.168.2.170 - - [13/Sep/2012:10:51:59 +0200] "GET /temps/3IF50.html HTTP/1.1" 200 21753 "http://intranet-if.insa-lyon.fr/temps/3IF49.html" "Mozilla/5.0 (compatible; MSIE 9.0; Windows NT 6.1; Trident/5.0)"
192.168.2.133 - - [13/Sep/2012:10:52:07 +0200] "GET /temps/4IF44.html HTTP/1.1" 200 5207 "http://intranet-if.insa-lyon.fr/temps/4IF43.html" "Mozilla/5.0 (X11; Ubuntu; Linux i686; rv:15.0) Gecko/20100101 Firefox/15.0"
192.168.2.133 - - [13/Sep/2012:10:52:09 +0200] "GET /temps/4IF45.html HTTP/1.1" 200 17701 "http://intranet-if.insa-lyon.fr/temps/4IF44.html" "Mozilla/5.0 (X11; Ubuntu; Linux i686; rv:15.0) Gecko/20100101 Firefox/15.0"
192.168.2.170 - - [13/Sep/2012:10:52:09 +0200] "GET /temps/3IF51.html HTTP/1.1" 200 24012 "http://intranet-if.insa-lyon.fr/temps/3IF50.html" "Mozilla/5.0 (compatible; MSIE 9.0; Windows NT 6.1; Trident/5.0)"
192.168.2.133 - - [13/Sep/2012:10:52:18 +0200] "GET /temps/4IF46.html HTTP/1.1" 200 16963 "http://intranet-if.insa-lyon.fr/temps/4IF45.html" "Mozilla/5.0 (X11; Ubuntu; Linux i686; rv:15.0) Gecko/20100101 Firefox/15.0"
192.168.2.133 - - [13/Sep/2012:10:52:19 +0200] "GET /temps/4IF47.html HTTP/1.1" 200 16572 "http://intranet-if.insa-lyon.fr/temps/4IF46.html" "Mozilla/5.0 (X11; Ubuntu; Linux i686; rv:15.0) Gecko/20100101 Firefox/15.0"
192.168.2.133 - - [13/Sep/2012:10:52:22 +0200] "GET /temps/4IF48.html HTTP/1.1" 200 17454 "http://intranet-if.insa-lyon.fr/temps/4IF47.html" "Mozilla/5.0 (X11; Ubuntu; Linux i686; rv:15.0) Gecko/20100101 Firefox/15.0"
192.168.2.133 - - [13/Sep/2012:10:52:24 +0200] "GET /temps/4IF49.html HTTP/1.1" 200 20025 "http://intranet-if.insa-lyon.fr/temps/4IF48.html" "Mozilla/5.0 (X11; Ubuntu; Linux i686; rv:15.0) Gecko/20100101 Firefox/15.0"
192.168.2.133 - - [13/Sep/2012:10:52:28 +0200] "GET /temps/4IF50.html HTTP/1.1" 200 20052 "http://intranet-if.insa-lyon.fr/temps/4IF49.html" "Mozilla/5.0 (X11; Ubuntu; Linux i686; rv:15.0) Gecko/20100101 Firefox/15.0"
192.168.2.133 - - [13/Sep/2012:10:52:30 +0200] "GET /temps/4IF51.html HTTP/1.1" 200 17402 "http://intranet-if.insa-lyon.fr/temps/4IF50.html" "Mozilla/5.0 (X11; Ubuntu; Linux i686; rv:15.0) Gecko/20100101 Firefox/15.0"
192.168.2.133 - - [13/Sep/2012:10:52:33 +0200] "GET /temps/4IF52.html HTTP/1.1" 200 5193 "http://intranet-if.insa-lyon.fr/temps/4IF51.html" "Mozilla/5.0 (X11; Ubuntu; Linux i686; rv:15.0) Gecko/20100101 Firefox/15.0"
192.168.2.133 - - [13/Sep/2012:10:52:34 +0200] "GET /temps/4IF1.html HTTP/1.1" 200 5211 "http://intranet-if.insa-lyon.fr/temps/4IF52.html" "Mozilla/5.0 (X11; Ubuntu; Linux i686; rv:15.0) Gecko/20100101 Firefox/15.0"
192.168.2.133 - - [13/Sep/2012:10:52:35 +0200] "GET /temps/4IF2.html HTTP/1.1" 200 19977 "http://intranet-if.insa-lyon.fr/temps/4IF1.html" "Mozilla/5.0 (X11; Ubuntu; Linux i686; rv:15.0) Gecko/20100101 Firefox/15.0"
192.168.1.107 - - [13/Sep/2012:10:52:41 +0200] "GET /SiteWebIF/Intranet-etudiant.php HTTP/1.1" 302 477 "http://if.insa-lyon.fr/" "Opera/9.80 (Windows NT 5.1; U; fr) Presto/2.10.289 Version/12.01"
192.168.1.107 - - [13/Sep/2012:10:52:42 +0200] "GET /SiteWebIF/Intranet-etudiant.php?ticket=ST-14323-uz3HgfMwdxZ0EaWmYMqF-dsi-vm03 HTTP/1.1" 302 - "http://if.insa-lyon.fr/" "Opera/9.80 (Windows NT 5.1; U; fr) Presto/2.10.289 Version/12.01"
192.168.1.107 - - [13/Sep/2012:10:52:42 +0200] "GET /SiteWebIF/Intranet-etudiant.php HTTP/1.1" 200 3806 "http://if.insa-lyon.fr/" "Opera/9.80 (Windows NT 5.1; U; fr) Presto/2.10.289 Version/12.01"
192.168.1.107 - - [13/Sep/2012:10:52:42 +0200] "GET /SiteWebIF/Intranet-etudiant.php HTTP/1.1" 200 1815 "http://if.insa-lyon.fr/" "Opera/9.80 (Windows NT 5.1; U; fr) Presto/2.10.289 Version/12.01"
192.168.1.107 - - [13/Sep/2012:10:52:42 +0200] "GET /stages/bandeauFinal.jpg HTTP/1.1" 200 50390 "http://intranet-if.insa-lyon.fr/SiteWebIF/Intranet-etudiant.php" "Opera/9.80 (Windows NT 5.1; U; fr) Presto/2.10.289 Version/12.01"
192.168.1.107 - - [13/Sep/2012:10:52:42 +0200] "GET /stages/FondInsa.jpg HTTP/1.1" 200 2828 "http://intranet-if.insa-lyon.fr/SiteWebIF/Intranet-etudiant.php" "Opera/9.80 (Windows NT 5.1; U; fr) Presto/2.10.289 Version/12.01"
