192.168.2.51 - - [11/Sep/2012:10:33:08 +0200] "GET /SiteWebIF/Intranet-etudiant.php HTTP/1.0" 200 3774 "http://if.insa-lyon.fr/" "Mozilla/5.0 (Windows NT 5.1) AppleWebKit/536.11 (KHTML, like Gecko) Chrome/20.0.1132.47 Safari/536.11"
192.168.2.51 - - [11/Sep/2012:10:33:13 +0200] "GET /stages/ListePFE.php HTTP/1.0" 200 350370 "http://intranet-if.insa-lyon.fr/SiteWebIF/Intranet-etudiant.php" "Mozilla/5.0 (Windows NT 5.1) AppleWebKit/536.11 (KHTML, like Gecko) Chrome/20.0.1132.47 Safari/536.11"
192.168.2.51 - - [11/Sep/2012:10:33:31 +0200] "GET /stages/Listestage.php HTTP/1.0" 200 74692 "http://intranet-if.insa-lyon.fr/SiteWebIF/Intranet-etudiant.php" "Mozilla/5.0 (Windows NT 5.1) AppleWebKit/536.11 (KHTML, like Gecko) Chrome/20.0.1132.47 Safari/536.11"
192.168.0.7 - - [11/Sep/2012:10:38:26 +0200] "GET /temps/SB.ics HTTP/1.1" 200 17396 "-" "Mozilla/5.0 (compatible; Googlebot/2.1; +http://www.google.com/bot.html)"
192.168.2.52 - - [11/Sep/2012:10:40:44 +0200] "GET /temps/ HTTP/1.1" 200 6835 "http://www.google.com/m?q=intranet+if&client=ms-opera-mobile&channel=new" "Opera/9.80 (Android 2.3.6; Linux; Opera Mobi/ADR-1207201819; U; fr) Presto/2.10.254 Version/12.00"
192.168.2.52 - - [11/Sep/2012:10:40:45 +0200] "GET /temps/style_emploi_du_temps.css HTTP/1.1" 200 1216 "http://intranet-if.insa-lyon.fr/temps/" "Opera/9.80 (Android 2.3.6; Linux; Opera Mobi/ADR-1207201819; U; fr) Presto/2.10.254 Version/12.00"
192.168.2.52 - - [11/Sep/2012:10:40:45 +0200] "GET /temps/InsaIF.ico HTTP/1.1" 200 766 "http://intranet-if.insa-lyon.fr/temps/" "Opera/9.80 (Android 2.3.6; Linux; Opera Mobi/ADR-1207201819; U; fr) Presto/2.10.254 Version/12.00"
192.168.2.52 - - [11/Sep/2012:10:40:45 +0200] "GET /temps/FondInsa.jpg HTTP/1.1" 200 2828 "http://intranet-if.insa-lyon.fr/temps/" "Opera/9.80 (Android 2.3.6; Linux; Opera Mobi/ADR-1207201819; U; fr) Presto/2.10.254 Version/12.00"
192.168.2.52 - - [11/Sep/2012:10:41:42 +0200] "GET /temps/4IF37.html HTTP/1.1" 200 5197 "http://intranet-if.insa-lyon.fr/temps/" "Opera/9.80 (Android 2.3.6; Linux; Opera Mobi/ADR-1207201819; U; fr) Presto/2.10.254 Version/12.00"
192.168.2.52 - - [11/Sep/2012:10:41:43 +0200] "GET /temps/precedent.gif HTTP/1.1" 200 1906 "http://intranet-if.insa-lyon.fr/temps/4IF37.html" "Opera/9.80 (Android 2.3.6; Linux; Opera Mobi/ADR-1207201819; U; fr) Presto/2.10.254 Version/12.00"
192.168.2.52 - - [11/Sep/2012:10:41:43 +0200] "GET /temps/choix.gif HTTP/1.1" 200 2836 "http://intranet-if.insa-lyon.fr/temps/4IF37.html" "Opera/9.80 (Android 2.3.6; Linux; Opera Mobi/ADR-1207201819; U; fr) Presto/2.10.254 Version/12.00"
192.168.2.52 - - [11/Sep/2012:10:41:43 +0200] "GET /temps/suivant.gif HTTP/1.1" 200 1634 "http://intranet-if.insa-lyon.fr/temps/4IF37.html" "Opera/9.80 (Android 2.3.6; Linux; Opera Mobi/ADR-1207201819; U; fr) Presto/2.10.254 Version/12.00"
192.168.2.52 - - [11/Sep/2012:10:41:46 +0200] "GET /temps/4IF38.html HTTP/1.1" 200 15555 "http://intranet-if.insa-lyon.fr/temps/4IF37.html" "Opera/9.80 (Android 2.3.6; Linux; Opera Mobi/ADR-1207201819; U; fr) Presto/2.10.254 Version/12.00"
192.168.0.179 - - [11/Sep/2012:10:43:47 +0200] "GET /temps/3IF1.ics HTTP/1.1" 304 - "-" "DataAccess/1.0 (8C148)"
192.168.0.33 - - [11/Sep/2012:10:44:19 +0200] "GET /notesif/RSS/RSS_4IF.xml HTTP/1.1" 200 57760 "http://intranet-if.insa-lyon.fr/notesif/RSS/RSS_4IF.xml" "Blogtrottr/2.0"
192.168.2.53 - - [11/Sep/2012:10:45:12 +0200] "GET /temps/ HTTP/1.1" 200 6835 "-" "Mozilla/5.0 (Windows NT 6.1; WOW64) AppleWebKit/537.1 (KHTML, like Gecko) Chrome/21.0.1180.89 Safari/537.1"
192.168.2.53 - - [11/Sep/2012:10:45:12 +0200] "GET /temps/style_emploi_du_temps.css HTTP/1.1" 200 1216 "http://intranet-if.insa-lyon.fr/temps/" "Mozilla/5.0 (Windows NT 6.1; WOW64) AppleWebKit/537.1 (KHTML, like Gecko) Chrome/21.0.1180.89 Safari/537.1"
192.168.2.53 - - [11/Sep/2012:10:45:13 +0200] "GET /temps/FondInsa.jpg HTTP/1.1" 200 2828 "http://intranet-if.insa-lyon.fr/temps/" "Mozilla/5.0 (Windows NT 6.1; WOW64) AppleWebKit/537.1 (KHTML, like Gecko) Chrome/21.0.1180.89 Safari/537.1"
192.168.2.53 - - [11/Sep/2012:10:45:13 +0200] "GET /temps/InsaIF.ico HTTP/1.1" 200 766 "-" "Mozilla/5.0 (Windows NT 6.1; WOW64) AppleWebKit/537.1 (KHTML, like Gecko) Chrome/21.0.1180.89 Safari/537.1"
192.168.2.53 - - [11/Sep/2012:10:45:31 +0200] "GET /temps/4IF37.html HTTP/1.1" 200 5197 "http://intranet-if.insa-lyon.fr/temps/" "Mozilla/5.0 (Windows NT 6.1; WOW64) AppleWebKit/537.1 (KHTML, like Gecko) Chrome/21.0.1180.89 Safari/537.1"
192.168.2.53 - - [11/Sep/2012:10:45:31 +0200] "GET /temps/precedent.gif HTTP/1.1" 200 1906 "http://intranet-if.insa-lyon.fr/temps/4IF37.html" "Mozilla/5.0 (Windows NT 6.1; WOW64) AppleWebKit/537.1 (KHTML, like Gecko) Chrome/21.0.1180.89 Safari/537.1"
192.168.2.53 - - [11/Sep/2012:10:45:31 +0200] "GET /temps/choix.gif HTTP/1.1" 200 2836 "http://intranet-if.insa-lyon.fr/temps/4IF37.html" "Mozilla/5.0 (Windows NT 6.1; WOW64) AppleWebKit/537.1 (KHTML, like Gecko) Chrome/21.0.1180.89 Safari/537.1"
192.168.2.53 - - [11/Sep/2012:10:45:31 +0200] "GET /temps/suivant.gif HTTP/1.1" 200 1634 "http://intranet-if.insa-lyon.fr/temps/4IF37.html" "Mozilla/5.0 (Windows NT 6.1; WOW64) AppleWebKit/537.1 (KHTML, like Gecko) Chrome/21.0.1180.89 Safari/537.1"
192.168.2.53 - - [11/Sep/2012:10:45:34 +0200] "GET /temps/4IF38.html HTTP/1.1" 200 15555 "http://intranet-if.insa-lyon.fr/temps/4IF37.html" "Mozilla/5.0 (Windows NT 6.1; WOW64) AppleWebKit/537.1 (KHTML, like Gecko) Chrome/21.0.1180.89 Safari/537.1"
192.168.2.53 - - [11/Sep/2012:10:48:01 +0200] "GET /temps/4IF39.html HTTP/1.1" 200 17278 "http://intranet-if.insa-lyon.fr/temps/4IF38.html" "Mozilla/5.0 (Windows NT 6.1; WOW64) AppleWebKit/537.1 (KHTML, like Gecko) Chrome/21.0.1180.89 Safari/537.1"
192.168.2.54 - - [11/Sep/2012:10:48:22 +0200] "GET /temps/3IF37.html HTTP/1.1" 304 - "-" "Mozilla/5.0 (iPhone; CPU iPhone OS 5_0_1 like Mac OS X) AppleWebKit/534.46 (KHTML, like Gecko) Version/5.1 Mobile/9A405 Safari/7534.48.3"
192.168.2.54 - - [11/Sep/2012:10:48:23 +0200] "GET /temps/choix.gif HTTP/1.1" 304 - "http://intranet-if.insa-lyon.fr/temps/3IF37.html" "Mozilla/5.0 (iPhone; CPU iPhone OS 5_0_1 like Mac OS X) AppleWebKit/534.46 (KHTML, like Gecko) Version/5.1 Mobile/9A405 Safari/7534.48.3"
192.168.2.54 - - [11/Sep/2012:10:48:23 +0200] "GET /temps/precedent.gif HTTP/1.1" 304 - "http://intranet-if.insa-lyon.fr/temps/3IF37.html" "Mozilla/5.0 (iPhone; CPU iPhone OS 5_0_1 like Mac OS X) AppleWebKit/534.46 (KHTML, like Gecko) Version/5.1 Mobile/9A405 Safari/7534.48.3"
192.168.2.54 - - [11/Sep/2012:10:48:23 +0200] "GET /temps/suivant.gif HTTP/1.1" 304 - "http://intranet-if.insa-lyon.fr/temps/3IF37.html" "Mozilla/5.0 (iPhone; CPU iPhone OS 5_0_1 like Mac OS X) AppleWebKit/534.46 (KHTML, like Gecko) Version/5.1 Mobile/9A405 Safari/7534.48.3"
192.168.2.54 - - [11/Sep/2012:10:48:23 +0200] "GET /temps/FondInsa.jpg HTTP/1.1" 304 - "http://intranet-if.insa-lyon.fr/temps/3IF37.html" "Mozilla/5.0 (iPhone; CPU iPhone OS 5_0_1 like Mac OS X) AppleWebKit/534.46 (KHTML, like Gecko) Version/5.1 Mobile/9A405 Safari/7534.48.3"
192.168.2.53 - - [11/Sep/2012:10:48:56 +0200] "GET /temps/4IF40.html HTTP/1.1" 200 19097 "http://intranet-if.insa-lyon.fr/temps/4IF39.html" "Mozilla/5.0 (Windows NT 6.1; WOW64) AppleWebKit/537.1 (KHTML, like Gecko) Chrome/21.0.1180.89 Safari/537.1"
192.168.0.7 - - [11/Sep/2012:10:49:20 +0200] "GET /temps/GL.ics HTTP/1.1" 200 10700 "-" "Mozilla/5.0 (compatible; Googlebot/2.1; +http://www.google.com/bot.html)"
192.168.2.53 - - [11/Sep/2012:10:49:49 +0200] "GET /temps/4IF41.html HTTP/1.1" 200 17673 "http://intranet-if.insa-lyon.fr/temps/4IF40.html" "Mozilla/5.0 (Windows NT 6.1; WOW64) AppleWebKit/537.1 (KHTML, like Gecko) Chrome/21.0.1180.89 Safari/537.1"
192.168.0.7 - - [11/Sep/2012:10:49:58 +0200] "GET /temps/4IF44.html HTTP/1.1" 200 5207 "-" "Mozilla/5.0 (compatible; Googlebot/2.1; +http://www.google.com/bot.html)"
192.168.2.53 - - [11/Sep/2012:10:50:21 +0200] "GET /temps/4IF42.html HTTP/1.1" 200 18037 "http://intranet-if.insa-lyon.fr/temps/4IF41.html" "Mozilla/5.0 (Windows NT 6.1; WOW64) AppleWebKit/537.1 (KHTML, like Gecko) Chrome/21.0.1180.89 Safari/537.1"
192.168.2.53 - - [11/Sep/2012:10:50:24 +0200] "GET /temps/4IF43.html HTTP/1.1" 200 17772 "http://intranet-if.insa-lyon.fr/temps/4IF42.html" "Mozilla/5.0 (Windows NT 6.1; WOW64) AppleWebKit/537.1 (KHTML, like Gecko) Chrome/21.0.1180.89 Safari/537.1"
192.168.2.53 - - [11/Sep/2012:10:51:13 +0200] "GET /temps/4IF44.html HTTP/1.1" 200 5207 "http://intranet-if.insa-lyon.fr/temps/4IF43.html" "Mozilla/5.0 (Windows NT 6.1; WOW64) AppleWebKit/537.1 (KHTML, like Gecko) Chrome/21.0.1180.89 Safari/537.1"
192.168.2.53 - - [11/Sep/2012:10:51:14 +0200] "GET /temps/4IF45.html HTTP/1.1" 200 17701 "http://intranet-if.insa-lyon.fr/temps/4IF44.html" "Mozilla/5.0 (Windows NT 6.1; WOW64) AppleWebKit/537.1 (KHTML, like Gecko) Chrome/21.0.1180.89 Safari/537.1"
192.168.2.53 - - [11/Sep/2012:10:51:19 +0200] "GET /temps/4IF46.html HTTP/1.1" 200 16963 "http://intranet-if.insa-lyon.fr/temps/4IF45.html" "Mozilla/5.0 (Windows NT 6.1; WOW64) AppleWebKit/537.1 (KHTML, like Gecko) Chrome/21.0.1180.89 Safari/537.1"
192.168.2.53 - - [11/Sep/2012:10:51:20 +0200] "GET /temps/4IF47.html HTTP/1.1" 200 16572 "http://intranet-if.insa-lyon.fr/temps/4IF46.html" "Mozilla/5.0 (Windows NT 6.1; WOW64) AppleWebKit/537.1 (KHTML, like Gecko) Chrome/21.0.1180.89 Safari/537.1"
192.168.1.103 - - [11/Sep/2012:10:52:30 +0200] "GET /temps/3IF38.html HTTP/1.1" 200 21722 "http://intranet-if.insa-lyon.fr/temps/3IF37.html" "Mozilla/5.0 (Macintosh; Intel Mac OS X 10_6_8) AppleWebKit/534.50 (KHTML, like Gecko) Version/5.0.5 Safari/533.21.1"
192.168.1.103 - - [11/Sep/2012:10:52:53 +0200] "GET /temps/3IF39.html HTTP/1.1" 200 22495 "http://intranet-if.insa-lyon.fr/temps/3IF38.html" "Mozilla/5.0 (Macintosh; Intel Mac OS X 10_6_8) AppleWebKit/534.50 (KHTML, like Gecko) Version/5.0.5 Safari/533.21.1"
192.168.1.103 - - [11/Sep/2012:10:52:57 +0200] "GET /temps/3IF40.html HTTP/1.1" 200 23907 "http://intranet-if.insa-lyon.fr/temps/3IF39.html" "Mozilla/5.0 (Macintosh; Intel Mac OS X 10_6_8) AppleWebKit/534.50 (KHTML, like Gecko) Version/5.0.5 Safari/533.21.1"
192.168.1.103 - - [11/Sep/2012:10:53:04 +0200] "GET /temps/3IF41.html HTTP/1.1" 200 24047 "http://intranet-if.insa-lyon.fr/temps/3IF40.html" "Mozilla/5.0 (Macintosh; Intel Mac OS X 10_6_8) AppleWebKit/534.50 (KHTML, like Gecko) Version/5.0.5 Safari/533.21.1"
192.168.0.31 - - [11/Sep/2012:10:53:05 +0200] "GET /SiteWebIF/Intranet-etudiant.php HTTP/1.1" 302 477 "http://if.insa-lyon.fr/" "Mozilla/5.0 (Windows NT 6.1; WOW64; rv:15.0) Gecko/20100101 Firefox/15.0.1"
192.168.1.103 - - [11/Sep/2012:10:53:10 +0200] "GET /temps/3IF42.html HTTP/1.1" 200 22591 "http://intranet-if.insa-lyon.fr/temps/3IF41.html" "Mozilla/5.0 (Macintosh; Intel Mac OS X 10_6_8) AppleWebKit/534.50 (KHTML, like Gecko) Version/5.0.5 Safari/533.21.1"
192.168.0.31 - - [11/Sep/2012:10:53:12 +0200] "GET /SiteWebIF/Intranet-etudiant.php?ticket=ST-375387-Ngp1M7050La0rIfbux3S-dsi-vm03 HTTP/1.1" 302 - "-" "Mozilla/5.0 (Windows NT 6.1; WOW64; rv:15.0) Gecko/20100101 Firefox/15.0.1"
192.168.0.31 - - [11/Sep/2012:10:53:12 +0200] "GET /SiteWebIF/Intranet-etudiant.php HTTP/1.1" 200 3806 "-" "Mozilla/5.0 (Windows NT 6.1; WOW64; rv:15.0) Gecko/20100101 Firefox/15.0.1"
192.168.1.103 - - [11/Sep/2012:10:53:15 +0200] "GET /temps/3IF43.html HTTP/1.1" 200 22193 "http://intranet-if.insa-lyon.fr/temps/3IF42.html" "Mozilla/5.0 (Macintosh; Intel Mac OS X 10_6_8) AppleWebKit/534.50 (KHTML, like Gecko) Version/5.0.5 Safari/533.21.1"
192.168.2.53 - - [11/Sep/2012:10:53:33 +0200] "GET /temps/4IF48.html HTTP/1.1" 200 17454 "http://intranet-if.insa-lyon.fr/temps/4IF47.html" "Mozilla/5.0 (Windows NT 6.1; WOW64) AppleWebKit/537.1 (KHTML, like Gecko) Chrome/21.0.1180.89 Safari/537.1"
192.168.2.55 - - [11/Sep/2012:10:53:33 +0200] "GET /temps/ HTTP/1.1" 200 6835 "http://www.google.fr/search?hl=fr&redir_esc=&client=ms-android-samsung&source=android-browser-type&v=133247963&qsubts=1347353597000&action=devloc&q=emploi+du+temps+insa+lyon&v=133247963" "Mozilla/5.0 (Linux; U; Android 2.3.6; fr-fr; GT-S5360 Build/GINGERBREAD) AppleWebKit/533.1 (KHTML, like Gecko) Version/4.0 Mobile Safari/533.1"
192.168.2.55 - - [11/Sep/2012:10:53:34 +0200] "GET /temps/style_emploi_du_temps.css HTTP/1.1" 200 1216 "http://intranet-if.insa-lyon.fr/temps/" "Mozilla/5.0 (Linux; U; Android 2.3.6; fr-fr; GT-S5360 Build/GINGERBREAD) AppleWebKit/533.1 (KHTML, like Gecko) Version/4.0 Mobile Safari/533.1"
192.168.2.55 - - [11/Sep/2012:10:53:35 +0200] "GET /temps/FondInsa.jpg HTTP/1.1" 200 2828 "http://intranet-if.insa-lyon.fr/temps/" "Mozilla/5.0 (Linux; U; Android 2.3.6; fr-fr; GT-S5360 Build/GINGERBREAD) AppleWebKit/533.1 (KHTML, like Gecko) Version/4.0 Mobile Safari/533.1"
192.168.2.53 - - [11/Sep/2012:10:53:35 +0200] "GET /temps/4IF49.html HTTP/1.1" 200 20025 "http://intranet-if.insa-lyon.fr/temps/4IF48.html" "Mozilla/5.0 (Windows NT 6.1; WOW64) AppleWebKit/537.1 (KHTML, like Gecko) Chrome/21.0.1180.89 Safari/537.1"
192.168.2.55 - - [11/Sep/2012:10:53:35 +0200] "GET /temps/InsaIF.ico HTTP/1.1" 200 766 "http://intranet-if.insa-lyon.fr/temps/" "Mozilla/5.0 (Linux; U; Android 2.3.6; fr-fr; GT-S5360 Build/GINGERBREAD) AppleWebKit/533.1 (KHTML, like Gecko) Version/4.0 Mobile Safari/533.1"
192.168.1.103 - - [11/Sep/2012:10:54:13 +0200] "GET /temps/3IF44.html HTTP/1.1" 200 5207 "http://intranet-if.insa-lyon.fr/temps/3IF43.html" "Mozilla/5.0 (Macintosh; Intel Mac OS X 10_6_8) AppleWebKit/534.50 (KHTML, like Gecko) Version/5.0.5 Safari/533.21.1"
192.168.1.103 - - [11/Sep/2012:10:54:14 +0200] "GET /temps/3IF45.html HTTP/1.1" 200 23840 "http://intranet-if.insa-lyon.fr/temps/3IF44.html" "Mozilla/5.0 (Macintosh; Intel Mac OS X 10_6_8) AppleWebKit/534.50 (KHTML, like Gecko) Version/5.0.5 Safari/533.21.1"
192.168.2.56 - - [11/Sep/2012:10:54:21 +0200] "GET /temps/4IF4.ics HTTP/1.1" 200 78500 "-" "DataAccess/1.0 (8J2)"
192.168.1.103 - - [11/Sep/2012:10:54:27 +0200] "GET /temps/3IF46.html HTTP/1.1" 200 23633 "http://intranet-if.insa-lyon.fr/temps/3IF45.html" "Mozilla/5.0 (Macintosh; Intel Mac OS X 10_6_8) AppleWebKit/534.50 (KHTML, like Gecko) Version/5.0.5 Safari/533.21.1"
192.168.1.103 - - [11/Sep/2012:10:54:46 +0200] "GET /temps/3IF47.html HTTP/1.1" 200 21648 "http://intranet-if.insa-lyon.fr/temps/3IF46.html" "Mozilla/5.0 (Macintosh; Intel Mac OS X 10_6_8) AppleWebKit/534.50 (KHTML, like Gecko) Version/5.0.5 Safari/533.21.1"
192.168.2.53 - - [11/Sep/2012:10:54:47 +0200] "GET /temps/4IF50.html HTTP/1.1" 200 20052 "http://intranet-if.insa-lyon.fr/temps/4IF49.html" "Mozilla/5.0 (Windows NT 6.1; WOW64) AppleWebKit/537.1 (KHTML, like Gecko) Chrome/21.0.1180.89 Safari/537.1"
192.168.1.103 - - [11/Sep/2012:10:54:52 +0200] "GET /temps/3IF48.html HTTP/1.1" 200 23144 "http://intranet-if.insa-lyon.fr/temps/3IF47.html" "Mozilla/5.0 (Macintosh; Intel Mac OS X 10_6_8) AppleWebKit/534.50 (KHTML, like Gecko) Version/5.0.5 Safari/533.21.1"
192.168.2.57 - - [11/Sep/2012:10:54:58 +0200] "GET /temps/3IF3.html HTTP/1.1" 200 21548 "http://www.google.fr/url?sa=t&rct=j&q=&esrc=s&source=web&cd=1&ved=0CCIQFjAA&url=http%3A%2F%2Fintranet-if.insa-lyon.fr%2Ftemps%2F3IF3.html&ei=WvxOUJeBEeOe0QX-uYCQDQ&usg=AFQjCNF7KRVEk3e_R8Vk09GICfo87NLrZA&sig2=mS8shwN648zmutTbq8uVXA" "Mozilla/5.0 (Windows NT 5.1) AppleWebKit/537.1 (KHTML, like Gecko) Chrome/21.0.1180.89 Safari/537.1"
192.168.2.57 - - [11/Sep/2012:10:54:58 +0200] "GET /temps/InsaIF.ico HTTP/1.1" 304 - "-" "Mozilla/5.0 (Windows NT 5.1) AppleWebKit/537.1 (KHTML, like Gecko) Chrome/21.0.1180.89 Safari/537.1"
192.168.2.53 - - [11/Sep/2012:10:55:05 +0200] "GET /temps/4IF51.html HTTP/1.1" 200 17402 "http://intranet-if.insa-lyon.fr/temps/4IF50.html" "Mozilla/5.0 (Windows NT 6.1; WOW64) AppleWebKit/537.1 (KHTML, like Gecko) Chrome/21.0.1180.89 Safari/537.1"
192.168.1.103 - - [11/Sep/2012:10:55:17 +0200] "GET /temps/3IF49.html HTTP/1.1" 200 22437 "http://intranet-if.insa-lyon.fr/temps/3IF48.html" "Mozilla/5.0 (Macintosh; Intel Mac OS X 10_6_8) AppleWebKit/534.50 (KHTML, like Gecko) Version/5.0.5 Safari/533.21.1"
192.168.2.53 - - [11/Sep/2012:10:55:21 +0200] "GET /temps/4IF52.html HTTP/1.1" 200 5193 "http://intranet-if.insa-lyon.fr/temps/4IF51.html" "Mozilla/5.0 (Windows NT 6.1; WOW64) AppleWebKit/537.1 (KHTML, like Gecko) Chrome/21.0.1180.89 Safari/537.1"
192.168.2.53 - - [11/Sep/2012:10:56:04 +0200] "GET /temps/4IF1.html HTTP/1.1" 200 5211 "http://intranet-if.insa-lyon.fr/temps/4IF52.html" "Mozilla/5.0 (Windows NT 6.1; WOW64) AppleWebKit/537.1 (KHTML, like Gecko) Chrome/21.0.1180.89 Safari/537.1"
192.168.2.53 - - [11/Sep/2012:10:56:05 +0200] "GET /temps/4IF2.html HTTP/1.1" 200 19977 "http://intranet-if.insa-lyon.fr/temps/4IF1.html" "Mozilla/5.0 (Windows NT 6.1; WOW64) AppleWebKit/537.1 (KHTML, like Gecko) Chrome/21.0.1180.89 Safari/537.1"
192.168.2.53 - - [11/Sep/2012:10:56:13 +0200] "GET /temps/4IF3.html HTTP/1.1" 200 19502 "http://intranet-if.insa-lyon.fr/temps/4IF2.html" "Mozilla/5.0 (Windows NT 6.1; WOW64) AppleWebKit/537.1 (KHTML, like Gecko) Chrome/21.0.1180.89 Safari/537.1"
192.168.1.103 - - [11/Sep/2012:10:56:44 +0200] "GET /temps/5IF37.html HTTP/1.1" 200 5197 "http://intranet-if.insa-lyon.fr/temps/index.html" "Mozilla/5.0 (Macintosh; Intel Mac OS X 10_6_8) AppleWebKit/534.50 (KHTML, like Gecko) Version/5.0.5 Safari/533.21.1"
192.168.1.103 - - [11/Sep/2012:10:56:45 +0200] "GET /temps/5IF38.html HTTP/1.1" 200 5197 "http://intranet-if.insa-lyon.fr/temps/5IF37.html" "Mozilla/5.0 (Macintosh; Intel Mac OS X 10_6_8) AppleWebKit/534.50 (KHTML, like Gecko) Version/5.0.5 Safari/533.21.1"
192.168.1.103 - - [11/Sep/2012:10:56:46 +0200] "GET /temps/5IF39.html HTTP/1.1" 200 21282 "http://intranet-if.insa-lyon.fr/temps/5IF38.html" "Mozilla/5.0 (Macintosh; Intel Mac OS X 10_6_8) AppleWebKit/534.50 (KHTML, like Gecko) Version/5.0.5 Safari/533.21.1"
192.168.1.103 - - [11/Sep/2012:10:56:55 +0200] "GET /temps/5IF40.html HTTP/1.1" 200 20578 "http://intranet-if.insa-lyon.fr/temps/5IF39.html" "Mozilla/5.0 (Macintosh; Intel Mac OS X 10_6_8) AppleWebKit/534.50 (KHTML, like Gecko) Version/5.0.5 Safari/533.21.1"
192.168.1.103 - - [11/Sep/2012:10:56:59 +0200] "GET /temps/5IF41.html HTTP/1.1" 200 25153 "http://intranet-if.insa-lyon.fr/temps/5IF40.html" "Mozilla/5.0 (Macintosh; Intel Mac OS X 10_6_8) AppleWebKit/534.50 (KHTML, like Gecko) Version/5.0.5 Safari/533.21.1"
192.168.1.103 - - [11/Sep/2012:10:57:05 +0200] "GET /temps/5IF42.html HTTP/1.1" 200 19852 "http://intranet-if.insa-lyon.fr/temps/5IF41.html" "Mozilla/5.0 (Macintosh; Intel Mac OS X 10_6_8) AppleWebKit/534.50 (KHTML, like Gecko) Version/5.0.5 Safari/533.21.1"
192.168.1.103 - - [11/Sep/2012:10:57:09 +0200] "GET /temps/5IF43.html HTTP/1.1" 200 12447 "http://intranet-if.insa-lyon.fr/temps/5IF42.html" "Mozilla/5.0 (Macintosh; Intel Mac OS X 10_6_8) AppleWebKit/534.50 (KHTML, like Gecko) Version/5.0.5 Safari/533.21.1"
192.168.2.53 - - [11/Sep/2012:10:57:09 +0200] "GET /temps/4IF4.html HTTP/1.1" 200 19366 "http://intranet-if.insa-lyon.fr/temps/4IF3.html" "Mozilla/5.0 (Windows NT 6.1; WOW64) AppleWebKit/537.1 (KHTML, like Gecko) Chrome/21.0.1180.89 Safari/537.1"
192.168.1.103 - - [11/Sep/2012:10:57:12 +0200] "GET /temps/5IF44.html HTTP/1.1" 200 5207 "http://intranet-if.insa-lyon.fr/temps/5IF43.html" "Mozilla/5.0 (Macintosh; Intel Mac OS X 10_6_8) AppleWebKit/534.50 (KHTML, like Gecko) Version/5.0.5 Safari/533.21.1"
192.168.1.103 - - [11/Sep/2012:10:57:13 +0200] "GET /temps/5IF45.html HTTP/1.1" 200 19899 "http://intranet-if.insa-lyon.fr/temps/5IF44.html" "Mozilla/5.0 (Macintosh; Intel Mac OS X 10_6_8) AppleWebKit/534.50 (KHTML, like Gecko) Version/5.0.5 Safari/533.21.1"
192.168.1.103 - - [11/Sep/2012:10:57:18 +0200] "GET /temps/5IF46.html HTTP/1.1" 200 24345 "http://intranet-if.insa-lyon.fr/temps/5IF45.html" "Mozilla/5.0 (Macintosh; Intel Mac OS X 10_6_8) AppleWebKit/534.50 (KHTML, like Gecko) Version/5.0.5 Safari/533.21.1"
192.168.1.103 - - [11/Sep/2012:10:57:20 +0200] "GET /temps/5IF47.html HTTP/1.1" 200 22865 "http://intranet-if.insa-lyon.fr/temps/5IF46.html" "Mozilla/5.0 (Macintosh; Intel Mac OS X 10_6_8) AppleWebKit/534.50 (KHTML, like Gecko) Version/5.0.5 Safari/533.21.1"
192.168.1.103 - - [11/Sep/2012:10:57:21 +0200] "GET /temps/5IF48.html HTTP/1.1" 200 18963 "http://intranet-if.insa-lyon.fr/temps/5IF47.html" "Mozilla/5.0 (Macintosh; Intel Mac OS X 10_6_8) AppleWebKit/534.50 (KHTML, like Gecko) Version/5.0.5 Safari/533.21.1"
192.168.1.103 - - [11/Sep/2012:10:57:22 +0200] "GET /temps/5IF49.html HTTP/1.1" 200 21913 "http://intranet-if.insa-lyon.fr/temps/5IF48.html" "Mozilla/5.0 (Macintosh; Intel Mac OS X 10_6_8) AppleWebKit/534.50 (KHTML, like Gecko) Version/5.0.5 Safari/533.21.1"
192.168.1.103 - - [11/Sep/2012:10:57:23 +0200] "GET /temps/5IF50.html HTTP/1.1" 200 11620 "http://intranet-if.insa-lyon.fr/temps/5IF49.html" "Mozilla/5.0 (Macintosh; Intel Mac OS X 10_6_8) AppleWebKit/534.50 (KHTML, like Gecko) Version/5.0.5 Safari/533.21.1"
192.168.1.103 - - [11/Sep/2012:10:57:24 +0200] "GET /temps/5IF51.html HTTP/1.1" 200 15498 "http://intranet-if.insa-lyon.fr/temps/5IF50.html" "Mozilla/5.0 (Macintosh; Intel Mac OS X 10_6_8) AppleWebKit/534.50 (KHTML, like Gecko) Version/5.0.5 Safari/533.21.1"
192.168.1.103 - - [11/Sep/2012:10:57:28 +0200] "GET /temps/5IF52.html HTTP/1.1" 200 5193 "http://intranet-if.insa-lyon.fr/temps/5IF51.html" "Mozilla/5.0 (Macintosh; Intel Mac OS X 10_6_8) AppleWebKit/534.50 (KHTML, like Gecko) Version/5.0.5 Safari/533.21.1"
192.168.1.103 - - [11/Sep/2012:10:57:29 +0200] "GET /temps/5IF1.html HTTP/1.1" 200 5281 "http://intranet-if.insa-lyon.fr/temps/5IF52.html" "Mozilla/5.0 (Macintosh; Intel Mac OS X 10_6_8) AppleWebKit/534.50 (KHTML, like Gecko) Version/5.0.5 Safari/533.21.1"
192.168.1.103 - - [11/Sep/2012:10:57:30 +0200] "GET /temps/5IF2.html HTTP/1.1" 200 17313 "http://intranet-if.insa-lyon.fr/temps/5IF1.html" "Mozilla/5.0 (Macintosh; Intel Mac OS X 10_6_8) AppleWebKit/534.50 (KHTML, like Gecko) Version/5.0.5 Safari/533.21.1"
192.168.2.53 - - [11/Sep/2012:10:57:31 +0200] "GET /temps/4IF5.html HTTP/1.1" 200 19488 "http://intranet-if.insa-lyon.fr/temps/4IF4.html" "Mozilla/5.0 (Windows NT 6.1; WOW64) AppleWebKit/537.1 (KHTML, like Gecko) Chrome/21.0.1180.89 Safari/537.1"
192.168.1.103 - - [11/Sep/2012:10:57:35 +0200] "GET /temps/5IF3.html HTTP/1.1" 200 19908 "http://intranet-if.insa-lyon.fr/temps/5IF2.html" "Mozilla/5.0 (Macintosh; Intel Mac OS X 10_6_8) AppleWebKit/534.50 (KHTML, like Gecko) Version/5.0.5 Safari/533.21.1"
192.168.2.58 - - [11/Sep/2012:10:57:40 +0200] "GET /temps/ HTTP/1.1" 200 6835 "http://www.google.fr/url?sa=t&rct=j&q=&esrc=s&source=web&cd=1&ved=0CCMQFjAA&url=http%3A%2F%2Fintranet-if.insa-lyon.fr%2Ftemps%2F&ei=Av1OUO3yDsaAhQeAnYH4Bw&usg=AFQjCNEWrHsRdIlhli_31qYl94w-yMCjpw&sig2=DQ2kjP6SUzfkNKm25N3RhQ" "Mozilla/5.0 (Windows NT 6.1; WOW64; rv:15.0) Gecko/20100101 Firefox/15.0.1"
192.168.2.58 - - [11/Sep/2012:10:57:40 +0200] "GET /temps/style_emploi_du_temps.css HTTP/1.1" 200 1216 "http://intranet-if.insa-lyon.fr/temps/" "Mozilla/5.0 (Windows NT 6.1; WOW64; rv:15.0) Gecko/20100101 Firefox/15.0.1"
192.168.2.58 - - [11/Sep/2012:10:57:40 +0200] "GET /temps/InsaIF.ico HTTP/1.1" 200 766 "-" "Mozilla/5.0 (Windows NT 6.1; WOW64; rv:15.0) Gecko/20100101 Firefox/15.0.1"
192.168.2.58 - - [11/Sep/2012:10:57:40 +0200] "GET /temps/FondInsa.jpg HTTP/1.1" 200 2828 "http://intranet-if.insa-lyon.fr/temps/style_emploi_du_temps.css" "Mozilla/5.0 (Windows NT 6.1; WOW64; rv:15.0) Gecko/20100101 Firefox/15.0.1"
192.168.2.58 - - [11/Sep/2012:10:57:44 +0200] "GET / HTTP/1.1" 200 216 "-" "Mozilla/5.0 (Windows NT 6.1; WOW64; rv:15.0) Gecko/20100101 Firefox/15.0.1"
192.168.2.58 - - [11/Sep/2012:10:57:44 +0200] "GET /favicon.ico HTTP/1.1" 200 1700 "-" "Mozilla/5.0 (Windows NT 6.1; WOW64; rv:15.0) Gecko/20100101 Firefox/15.0.1"
192.168.1.103 - - [11/Sep/2012:10:57:50 +0200] "GET /temps/5IF4.html HTTP/1.1" 200 19044 "http://intranet-if.insa-lyon.fr/temps/5IF3.html" "Mozilla/5.0 (Macintosh; Intel Mac OS X 10_6_8) AppleWebKit/534.50 (KHTML, like Gecko) Version/5.0.5 Safari/533.21.1"
192.168.1.103 - - [11/Sep/2012:10:57:54 +0200] "GET /temps/5IF5.html HTTP/1.1" 200 20411 "http://intranet-if.insa-lyon.fr/temps/5IF4.html" "Mozilla/5.0 (Macintosh; Intel Mac OS X 10_6_8) AppleWebKit/534.50 (KHTML, like Gecko) Version/5.0.5 Safari/533.21.1"
192.168.2.53 - - [11/Sep/2012:10:58:03 +0200] "GET /temps/4IF6.html HTTP/1.1" 200 20232 "http://intranet-if.insa-lyon.fr/temps/4IF5.html" "Mozilla/5.0 (Windows NT 6.1; WOW64) AppleWebKit/537.1 (KHTML, like Gecko) Chrome/21.0.1180.89 Safari/537.1"
192.168.1.103 - - [11/Sep/2012:10:58:13 +0200] "GET /temps/5IF6.html HTTP/1.1" 200 12024 "http://intranet-if.insa-lyon.fr/temps/5IF5.html" "Mozilla/5.0 (Macintosh; Intel Mac OS X 10_6_8) AppleWebKit/534.50 (KHTML, like Gecko) Version/5.0.5 Safari/533.21.1"
192.168.1.86 - - [11/Sep/2012:10:58:15 +0200] "GET /SiteWebIF/Intranet-etudiant.php HTTP/1.1" 302 477 "http://if.insa-lyon.fr/" "Mozilla/5.0 (Windows NT 6.1; WOW64) AppleWebKit/537.1 (KHTML, like Gecko) Chrome/21.0.1180.89 Safari/537.1"
192.168.1.103 - - [11/Sep/2012:10:58:17 +0200] "GET /temps/5IF7.html HTTP/1.1" 200 13196 "http://intranet-if.insa-lyon.fr/temps/5IF6.html" "Mozilla/5.0 (Macintosh; Intel Mac OS X 10_6_8) AppleWebKit/534.50 (KHTML, like Gecko) Version/5.0.5 Safari/533.21.1"
192.168.1.86 - - [11/Sep/2012:10:58:21 +0200] "GET /SiteWebIF/Intranet-etudiant.php?ticket=ST-375557-C175hSNXcEvrNVr1zOeg-dsi-vm03 HTTP/1.1" 302 - "-" "Mozilla/5.0 (Windows NT 6.1; WOW64) AppleWebKit/537.1 (KHTML, like Gecko) Chrome/21.0.1180.89 Safari/537.1"
192.168.1.86 - - [11/Sep/2012:10:58:21 +0200] "GET /SiteWebIF/Intranet-etudiant.php HTTP/1.1" 200 3834 "-" "Mozilla/5.0 (Windows NT 6.1; WOW64) AppleWebKit/537.1 (KHTML, like Gecko) Chrome/21.0.1180.89 Safari/537.1"
192.168.1.103 - - [11/Sep/2012:10:58:22 +0200] "GET /temps/5IF8.html HTTP/1.1" 200 13520 "http://intranet-if.insa-lyon.fr/temps/5IF7.html" "Mozilla/5.0 (Macintosh; Intel Mac OS X 10_6_8) AppleWebKit/534.50 (KHTML, like Gecko) Version/5.0.5 Safari/533.21.1"
192.168.1.86 - - [11/Sep/2012:10:58:24 +0200] "GET /notesif HTTP/1.1" 301 248 "http://intranet-if.insa-lyon.fr/SiteWebIF/Intranet-etudiant.php" "Mozilla/5.0 (Windows NT 6.1; WOW64) AppleWebKit/537.1 (KHTML, like Gecko) Chrome/21.0.1180.89 Safari/537.1"
192.168.1.86 - - [11/Sep/2012:10:58:24 +0200] "GET /notesif/ HTTP/1.1" 302 - "http://intranet-if.insa-lyon.fr/SiteWebIF/Intranet-etudiant.php" "Mozilla/5.0 (Windows NT 6.1; WOW64) AppleWebKit/537.1 (KHTML, like Gecko) Chrome/21.0.1180.89 Safari/537.1"
192.168.1.103 - - [11/Sep/2012:10:58:24 +0200] "GET /temps/5IF9.html HTTP/1.1" 200 5196 "http://intranet-if.insa-lyon.fr/temps/5IF8.html" "Mozilla/5.0 (Macintosh; Intel Mac OS X 10_6_8) AppleWebKit/534.50 (KHTML, like Gecko) Version/5.0.5 Safari/533.21.1"
192.168.1.87 - - [11/Sep/2012:10:58:25 +0200] "GET /temps/TA.ics HTTP/1.1" 304 - "-" "Mozilla/5.0 (Windows NT 5.1; rv:12.0) Gecko/20120428 Thunderbird/12.0.1 Lightning/1.4"
192.168.1.103 - - [11/Sep/2012:10:58:25 +0200] "GET /temps/5IF10.html HTTP/1.1" 200 14397 "http://intranet-if.insa-lyon.fr/temps/5IF9.html" "Mozilla/5.0 (Macintosh; Intel Mac OS X 10_6_8) AppleWebKit/534.50 (KHTML, like Gecko) Version/5.0.5 Safari/533.21.1"
192.168.1.103 - - [11/Sep/2012:10:58:35 +0200] "GET /temps/5IF11.html HTTP/1.1" 200 13586 "http://intranet-if.insa-lyon.fr/temps/5IF10.html" "Mozilla/5.0 (Macintosh; Intel Mac OS X 10_6_8) AppleWebKit/534.50 (KHTML, like Gecko) Version/5.0.5 Safari/533.21.1"
192.168.1.86 - - [11/Sep/2012:10:58:37 +0200] "GET /temps/SoutenancesPFE.html HTTP/1.1" 200 95669 "http://intranet-if.insa-lyon.fr/SiteWebIF/Intranet-etudiant.php" "Mozilla/5.0 (Windows NT 6.1; WOW64) AppleWebKit/537.1 (KHTML, like Gecko) Chrome/21.0.1180.89 Safari/537.1"
192.168.2.53 - - [11/Sep/2012:10:58:39 +0200] "GET /temps/4IF7.html HTTP/1.1" 200 19213 "http://intranet-if.insa-lyon.fr/temps/4IF6.html" "Mozilla/5.0 (Windows NT 6.1; WOW64) AppleWebKit/537.1 (KHTML, like Gecko) Chrome/21.0.1180.89 Safari/537.1"
192.168.1.103 - - [11/Sep/2012:10:58:39 +0200] "GET /temps/5IF12.html HTTP/1.1" 200 13166 "http://intranet-if.insa-lyon.fr/temps/5IF11.html" "Mozilla/5.0 (Macintosh; Intel Mac OS X 10_6_8) AppleWebKit/534.50 (KHTML, like Gecko) Version/5.0.5 Safari/533.21.1"
192.168.1.103 - - [11/Sep/2012:10:58:41 +0200] "GET /temps/5IF13.html HTTP/1.1" 200 6517 "http://intranet-if.insa-lyon.fr/temps/5IF12.html" "Mozilla/5.0 (Macintosh; Intel Mac OS X 10_6_8) AppleWebKit/534.50 (KHTML, like Gecko) Version/5.0.5 Safari/533.21.1"
192.168.2.53 - - [11/Sep/2012:10:58:43 +0200] "GET /temps/4IF8.html HTTP/1.1" 200 17579 "http://intranet-if.insa-lyon.fr/temps/4IF7.html" "Mozilla/5.0 (Windows NT 6.1; WOW64) AppleWebKit/537.1 (KHTML, like Gecko) Chrome/21.0.1180.89 Safari/537.1"
192.168.1.103 - - [11/Sep/2012:10:58:43 +0200] "GET /temps/5IF14.html HTTP/1.1" 200 6390 "http://intranet-if.insa-lyon.fr/temps/5IF13.html" "Mozilla/5.0 (Macintosh; Intel Mac OS X 10_6_8) AppleWebKit/534.50 (KHTML, like Gecko) Version/5.0.5 Safari/533.21.1"
192.168.1.103 - - [11/Sep/2012:10:58:44 +0200] "GET /temps/5IF15.html HTTP/1.1" 200 6515 "http://intranet-if.insa-lyon.fr/temps/5IF14.html" "Mozilla/5.0 (Macintosh; Intel Mac OS X 10_6_8) AppleWebKit/534.50 (KHTML, like Gecko) Version/5.0.5 Safari/533.21.1"
192.168.0.29 - - [11/Sep/2012:10:58:46 +0200] "GET /temps/3IF1.ics HTTP/1.1" 304 - "-" "DataAccess/1.0 (8C148)"
192.168.1.77 - - [11/Sep/2012:10:58:50 +0200] "GET /notesif HTTP/1.1" 301 248 "http://intranet-if.insa-lyon.fr/SiteWebIF/Intranet-etudiant.php" "Mozilla/5.0 (Windows NT 6.1; rv:15.0) Gecko/20100101 Firefox/15.0.1"
192.168.1.77 - - [11/Sep/2012:10:58:52 +0200] "GET /notesif/ HTTP/1.1" 302 - "http://intranet-if.insa-lyon.fr/SiteWebIF/Intranet-etudiant.php" "Mozilla/5.0 (Windows NT 6.1; rv:15.0) Gecko/20100101 Firefox/15.0.1"
192.168.1.103 - - [11/Sep/2012:10:58:52 +0200] "GET /temps/4IF38.html HTTP/1.1" 304 - "http://intranet-if.insa-lyon.fr/temps/4IF37.html" "Mozilla/5.0 (Macintosh; Intel Mac OS X 10_6_8) AppleWebKit/534.50 (KHTML, like Gecko) Version/5.0.5 Safari/533.21.1"
192.168.1.103 - - [11/Sep/2012:10:59:13 +0200] "GET /temps/4IF39.html HTTP/1.1" 200 17278 "http://intranet-if.insa-lyon.fr/temps/4IF38.html" "Mozilla/5.0 (Macintosh; Intel Mac OS X 10_6_8) AppleWebKit/534.50 (KHTML, like Gecko) Version/5.0.5 Safari/533.21.1"
192.168.1.81 - - [12/Sep/2012:10:00:06 +0200] "GET /temps/PL.ics HTTP/1.1" 200 10935 "-" "CalendarStore/5.0.3 (1204.1); iCal/5.0.3 (1605.3); Mac OS X/10.7.4 (11E53)"
192.168.0.106 - - [12/Sep/2012:10:00:47 +0200] "GET /temps/3IF1.ics HTTP/1.1" 304 - "-" "DataAccess/1.0 (8C148)"
192.168.2.44 - - [12/Sep/2012:10:03:30 +0200] "GET /temps/3IF39.html HTTP/1.1" 200 22495 "-" "Mozilla/5.0 (BlackBerry; U; BlackBerry 9800; fr) AppleWebKit/534.8+ (KHTML, like Gecko) Version/6.0.0.448 Mobile Safari/534.8+"
192.168.2.43 - - [12/Sep/2012:10:03:31 +0200] "GET /temps/InsaIF.ico HTTP/1.1" 200 766 "-" "Mozilla/5.0 (BlackBerry; U; BlackBerry 9800; fr) AppleWebKit/534.8+ (KHTML, like Gecko) Version/6.0.0.448 Mobile Safari/534.8+"
192.168.2.44 - - [12/Sep/2012:10:03:37 +0200] "GET /temps/3IF38.html HTTP/1.1" 200 21722 "http://intranet-if.insa-lyon.fr/temps/3IF39.html" "Mozilla/5.0 (BlackBerry; U; BlackBerry 9800; fr) AppleWebKit/534.8+ (KHTML, like Gecko) Version/6.0.0.448 Mobile Safari/534.8+"
192.168.2.46 - - [12/Sep/2012:10:03:43 +0200] "GET /temps/3IF37.html HTTP/1.1" 200 17269 "http://intranet-if.insa-lyon.fr/temps/3IF38.html" "Mozilla/5.0 (BlackBerry; U; BlackBerry 9800; fr) AppleWebKit/534.8+ (KHTML, like Gecko) Version/6.0.0.448 Mobile Safari/534.8+"
192.168.0.7 - - [12/Sep/2012:10:12:52 +0200] "GET /temps/WO.ics HTTP/1.1" 200 6435 "-" "Mozilla/5.0 (compatible; Googlebot/2.1; +http://www.google.com/bot.html)"
192.168.2.47 - - [12/Sep/2012:10:14:25 +0200] "GET /temps/suivant.gif HTTP/1.1" 200 1634 "http://intranet-if.insa-lyon.fr/temps/3IF37.html" "Mozilla/5.0 (iPhone; CPU iPhone OS 5_0_1 like Mac OS X) AppleWebKit/534.46 (KHTML, like Gecko) Version/5.1 Mobile/9A405 Safari/7534.48.3"
192.168.0.109 - - [12/Sep/2012:10:15:25 +0200] "GET /SiteWebIF/Intranet-etudiant.php HTTP/1.1" 302 477 "-" "Mozilla/5.0 (X11; Linux i686) AppleWebKit/537.1 (KHTML, like Gecko) Chrome/21.0.1180.89 Safari/537.1"
192.168.0.109 - - [12/Sep/2012:10:15:39 +0200] "GET /SiteWebIF/Intranet-etudiant.php?ticket=ST-389296-GUOFwWqYNK9SZFIDEHhI-dsi-vm03 HTTP/1.1" 302 - "-" "Mozilla/5.0 (X11; Linux i686) AppleWebKit/537.1 (KHTML, like Gecko) Chrome/21.0.1180.89 Safari/537.1"
192.168.0.109 - - [12/Sep/2012:10:15:39 +0200] "GET /SiteWebIF/Intranet-etudiant.php HTTP/1.1" 200 3812 "-" "Mozilla/5.0 (X11; Linux i686) AppleWebKit/537.1 (KHTML, like Gecko) Chrome/21.0.1180.89 Safari/537.1"
192.168.0.109 - - [12/Sep/2012:10:15:48 +0200] "GET /temps/ HTTP/1.1" 304 - "http://intranet-if.insa-lyon.fr/SiteWebIF/Intranet-etudiant.php" "Mozilla/5.0 (X11; Linux i686) AppleWebKit/537.1 (KHTML, like Gecko) Chrome/21.0.1180.89 Safari/537.1"
192.168.0.108 - - [12/Sep/2012:10:15:49 +0200] "GET /temps/3IF1.ics HTTP/1.1" 304 - "-" "DataAccess/1.0 (8C148)"
192.168.0.109 - - [12/Sep/2012:10:15:54 +0200] "GET /temps/3IF37.html HTTP/1.1" 200 17269 "http://intranet-if.insa-lyon.fr/temps/" "Mozilla/5.0 (X11; Linux i686) AppleWebKit/537.1 (KHTML, like Gecko) Chrome/21.0.1180.89 Safari/537.1"
192.168.0.109 - - [12/Sep/2012:10:16:04 +0200] "GET /temps/4IF37.html HTTP/1.1" 304 - "http://intranet-if.insa-lyon.fr/temps/" "Mozilla/5.0 (X11; Linux i686) AppleWebKit/537.1 (KHTML, like Gecko) Chrome/21.0.1180.89 Safari/537.1"
192.168.0.109 - - [12/Sep/2012:10:16:06 +0200] "GET /temps/4IF38.html HTTP/1.1" 304 - "http://intranet-if.insa-lyon.fr/temps/4IF37.html" "Mozilla/5.0 (X11; Linux i686) AppleWebKit/537.1 (KHTML, like Gecko) Chrome/21.0.1180.89 Safari/537.1"
192.168.0.109 - - [12/Sep/2012:10:16:20 +0200] "GET /temps/4IF39.html HTTP/1.1" 200 17278 "http://intranet-if.insa-lyon.fr/temps/4IF38.html" "Mozilla/5.0 (X11; Linux i686) AppleWebKit/537.1 (KHTML, like Gecko) Chrome/21.0.1180.89 Safari/537.1"
192.168.0.109 - - [12/Sep/2012:10:16:55 +0200] "GET /temps/4IF40.html HTTP/1.1" 200 19617 "http://intranet-if.insa-lyon.fr/temps/4IF39.html" "Mozilla/5.0 (X11; Linux i686) AppleWebKit/537.1 (KHTML, like Gecko) Chrome/21.0.1180.89 Safari/537.1"
192.168.0.109 - - [12/Sep/2012:10:17:06 +0200] "GET /notesif HTTP/1.1" 301 248 "http://intranet-if.insa-lyon.fr/SiteWebIF/Intranet-etudiant.php" "Mozilla/5.0 (X11; Linux i686) AppleWebKit/537.1 (KHTML, like Gecko) Chrome/21.0.1180.89 Safari/537.1"
192.168.0.109 - - [12/Sep/2012:10:17:06 +0200] "GET /notesif/ HTTP/1.1" 302 - "http://intranet-if.insa-lyon.fr/SiteWebIF/Intranet-etudiant.php" "Mozilla/5.0 (X11; Linux i686) AppleWebKit/537.1 (KHTML, like Gecko) Chrome/21.0.1180.89 Safari/537.1"
192.168.0.109 - - [12/Sep/2012:10:17:26 +0200] "GET /stages/Listestage.php HTTP/1.1" 200 74700 "http://intranet-if.insa-lyon.fr/SiteWebIF/Intranet-etudiant.php" "Mozilla/5.0 (X11; Linux i686) AppleWebKit/537.1 (KHTML, like Gecko) Chrome/21.0.1180.89 Safari/537.1"
192.168.0.117 - - [12/Sep/2012:10:19:56 +0200] "GET /temps/4IF4.ics HTTP/1.1" 200 78500 "-" "DataAccess/1.0 (8J2)"
192.168.0.64 - - [12/Sep/2012:10:21:28 +0200] "GET /temps/3IF4.ics HTTP/1.1" 200 121204 "-" "Mac OS X/10.8.1 (12B19) CalendarAgent/47"
192.168.1.84 - - [12/Sep/2012:10:22:15 +0200] "GET /temps/GO.ics HTTP/1.1" 200 10471 "-" "iCal/1395.7 CFNetwork/454.12.4 Darwin/10.8.0 (i386) (MacBookPro5%2C2)"
192.168.2.141 - - [12/Sep/2012:10:24:42 +0200] "GET /SiteWebIF/Intranet-etudiant.php HTTP/1.1" 302 477 "http://if.insa-lyon.fr/" "Mozilla/5.0 (Windows NT 5.1; rv:13.0) Gecko/20100101 Firefox/13.0.1"
192.168.2.141 - - [12/Sep/2012:10:24:51 +0200] "GET /SiteWebIF/Intranet-etudiant.php?ticket=ST-145-jLV5bAJuVfvsXwgfDmn1-dsi-vm04 HTTP/1.1" 302 - "-" "Mozilla/5.0 (Windows NT 5.1; rv:13.0) Gecko/20100101 Firefox/13.0.1"
192.168.2.141 - - [12/Sep/2012:10:24:51 +0200] "GET /SiteWebIF/Intranet-etudiant.php HTTP/1.1" 200 3963 "-" "Mozilla/5.0 (Windows NT 5.1; rv:13.0) Gecko/20100101 Firefox/13.0.1"
192.168.2.141 - - [12/Sep/2012:10:24:51 +0200] "GET /stages/style_pfe.css HTTP/1.1" 200 895 "http://intranet-if.insa-lyon.fr/SiteWebIF/Intranet-etudiant.php" "Mozilla/5.0 (Windows NT 5.1; rv:13.0) Gecko/20100101 Firefox/13.0.1"
192.168.2.141 - - [12/Sep/2012:10:24:51 +0200] "GET /stages/InsaIF.ico HTTP/1.1" 200 766 "-" "Mozilla/5.0 (Windows NT 5.1; rv:13.0) Gecko/20100101 Firefox/13.0.1"
192.168.2.141 - - [12/Sep/2012:10:24:51 +0200] "GET /stages/bandeauFinal.jpg HTTP/1.1" 200 50390 "http://intranet-if.insa-lyon.fr/SiteWebIF/Intranet-etudiant.php" "Mozilla/5.0 (Windows NT 5.1; rv:13.0) Gecko/20100101 Firefox/13.0.1"
192.168.2.141 - - [12/Sep/2012:10:24:51 +0200] "GET /stages/FondInsa.jpg HTTP/1.1" 200 2828 "http://intranet-if.insa-lyon.fr/stages/style_pfe.css" "Mozilla/5.0 (Windows NT 5.1; rv:13.0) Gecko/20100101 Firefox/13.0.1"
192.168.2.141 - - [12/Sep/2012:10:25:03 +0200] "GET /temps/SoutenancesPFE.html HTTP/1.1" 200 96507 "http://intranet-if.insa-lyon.fr/SiteWebIF/Intranet-etudiant.php" "Mozilla/5.0 (Windows NT 5.1; rv:13.0) Gecko/20100101 Firefox/13.0.1"
192.168.2.141 - - [12/Sep/2012:10:25:03 +0200] "GET /temps/style_pfe.css HTTP/1.1" 200 895 "http://intranet-if.insa-lyon.fr/temps/SoutenancesPFE.html" "Mozilla/5.0 (Windows NT 5.1; rv:13.0) Gecko/20100101 Firefox/13.0.1"
192.168.2.141 - - [12/Sep/2012:10:25:03 +0200] "GET /temps/loupe.gif HTTP/1.1" 200 326 "http://intranet-if.insa-lyon.fr/temps/SoutenancesPFE.html" "Mozilla/5.0 (Windows NT 5.1; rv:13.0) Gecko/20100101 Firefox/13.0.1"
192.168.2.141 - - [12/Sep/2012:10:25:03 +0200] "GET /temps/InsaIF.ico HTTP/1.1" 200 766 "-" "Mozilla/5.0 (Windows NT 5.1; rv:13.0) Gecko/20100101 Firefox/13.0.1"
192.168.2.141 - - [12/Sep/2012:10:25:04 +0200] "GET /temps/FondInsa.jpg HTTP/1.1" 200 2828 "http://intranet-if.insa-lyon.fr/temps/style_pfe.css" "Mozilla/5.0 (Windows NT 5.1; rv:13.0) Gecko/20100101 Firefox/13.0.1"
192.168.2.230 - - [12/Sep/2012:10:25:54 +0200] "GET /temps/ HTTP/1.1" 200 6835 "-" "Mozilla/5.0 (Windows NT 6.1; WOW64; rv:15.0) Gecko/20100101 Firefox/15.0"
192.168.2.230 - - [12/Sep/2012:10:25:54 +0200] "GET /temps/style_emploi_du_temps.css HTTP/1.1" 200 1216 "http://intranet-if.insa-lyon.fr/temps/" "Mozilla/5.0 (Windows NT 6.1; WOW64; rv:15.0) Gecko/20100101 Firefox/15.0"
192.168.2.230 - - [12/Sep/2012:10:25:54 +0200] "GET /temps/InsaIF.ico HTTP/1.1" 200 766 "-" "Mozilla/5.0 (Windows NT 6.1; WOW64; rv:15.0) Gecko/20100101 Firefox/15.0"
192.168.2.230 - - [12/Sep/2012:10:25:54 +0200] "GET /temps/FondInsa.jpg HTTP/1.1" 200 2828 "http://intranet-if.insa-lyon.fr/temps/style_emploi_du_temps.css" "Mozilla/5.0 (Windows NT 6.1; WOW64; rv:15.0) Gecko/20100101 Firefox/15.0"
192.168.2.230 - - [12/Sep/2012:10:25:58 +0200] "GET /temps/4IF37.html HTTP/1.1" 200 5197 "http://intranet-if.insa-lyon.fr/temps/" "Mozilla/5.0 (Windows NT 6.1; WOW64; rv:15.0) Gecko/20100101 Firefox/15.0"
192.168.2.230 - - [12/Sep/2012:10:25:58 +0200] "GET /temps/precedent.gif HTTP/1.1" 200 1906 "http://intranet-if.insa-lyon.fr/temps/4IF37.html" "Mozilla/5.0 (Windows NT 6.1; WOW64; rv:15.0) Gecko/20100101 Firefox/15.0"
192.168.2.230 - - [12/Sep/2012:10:25:58 +0200] "GET /temps/choix.gif HTTP/1.1" 200 2836 "http://intranet-if.insa-lyon.fr/temps/4IF37.html" "Mozilla/5.0 (Windows NT 6.1; WOW64; rv:15.0) Gecko/20100101 Firefox/15.0"
192.168.2.230 - - [12/Sep/2012:10:25:58 +0200] "GET /temps/suivant.gif HTTP/1.1" 200 1634 "http://intranet-if.insa-lyon.fr/temps/4IF37.html" "Mozilla/5.0 (Windows NT 6.1; WOW64; rv:15.0) Gecko/20100101 Firefox/15.0"
192.168.2.230 - - [12/Sep/2012:10:25:59 +0200] "GET /temps/4IF38.html HTTP/1.1" 200 15555 "http://intranet-if.insa-lyon.fr/temps/4IF37.html" "Mozilla/5.0 (Windows NT 6.1; WOW64; rv:15.0) Gecko/20100101 Firefox/15.0"
192.168.2.98 - - [12/Sep/2012:10:26:09 +0200] "GET /SiteWebIF/Intranet-etudiant.php HTTP/1.1" 302 477 "http://if.insa-lyon.fr/" "Mozilla/5.0 (Windows NT 6.1) AppleWebKit/537.4 (KHTML, like Gecko) Chrome/22.0.1229.39 Safari/537.4"
192.168.2.98 - - [12/Sep/2012:10:26:10 +0200] "GET /SiteWebIF/Intranet-etudiant.php?ticket=ST-158-L7ylHO2va7OlymPzL7rc-dsi-vm04 HTTP/1.1" 302 - "http://if.insa-lyon.fr/" "Mozilla/5.0 (Windows NT 6.1) AppleWebKit/537.4 (KHTML, like Gecko) Chrome/22.0.1229.39 Safari/537.4"
192.168.2.98 - - [12/Sep/2012:10:26:10 +0200] "GET /SiteWebIF/Intranet-etudiant.php HTTP/1.1" 200 3789 "http://if.insa-lyon.fr/" "Mozilla/5.0 (Windows NT 6.1) AppleWebKit/537.4 (KHTML, like Gecko) Chrome/22.0.1229.39 Safari/537.4"
192.168.2.98 - - [12/Sep/2012:10:26:11 +0200] "GET /stages/style_pfe.css HTTP/1.1" 200 895 "http://intranet-if.insa-lyon.fr/SiteWebIF/Intranet-etudiant.php" "Mozilla/5.0 (Windows NT 6.1) AppleWebKit/537.4 (KHTML, like Gecko) Chrome/22.0.1229.39 Safari/537.4"
192.168.2.98 - - [12/Sep/2012:10:26:11 +0200] "GET /stages/FondInsa.jpg HTTP/1.1" 200 2828 "http://intranet-if.insa-lyon.fr/SiteWebIF/Intranet-etudiant.php" "Mozilla/5.0 (Windows NT 6.1) AppleWebKit/537.4 (KHTML, like Gecko) Chrome/22.0.1229.39 Safari/537.4"
192.168.2.98 - - [12/Sep/2012:10:26:11 +0200] "GET /stages/bandeauFinal.jpg HTTP/1.1" 200 50390 "http://intranet-if.insa-lyon.fr/SiteWebIF/Intranet-etudiant.php" "Mozilla/5.0 (Windows NT 6.1) AppleWebKit/537.4 (KHTML, like Gecko) Chrome/22.0.1229.39 Safari/537.4"
192.168.2.98 - - [12/Sep/2012:10:26:13 +0200] "GET /temps/style_pfe.css HTTP/1.1" 200 895 "http://intranet-if.insa-lyon.fr/temps/SoutenancesPFE.html" "Mozilla/5.0 (Windows NT 6.1) AppleWebKit/537.4 (KHTML, like Gecko) Chrome/22.0.1229.39 Safari/537.4"
192.168.2.98 - - [12/Sep/2012:10:26:13 +0200] "GET /temps/loupe.gif HTTP/1.1" 200 326 "http://intranet-if.insa-lyon.fr/temps/SoutenancesPFE.html" "Mozilla/5.0 (Windows NT 6.1) AppleWebKit/537.4 (KHTML, like Gecko) Chrome/22.0.1229.39 Safari/537.4"
192.168.2.98 - - [12/Sep/2012:10:26:14 +0200] "GET /temps/FondInsa.jpg HTTP/1.1" 200 2828 "http://intranet-if.insa-lyon.fr/temps/SoutenancesPFE.html" "Mozilla/5.0 (Windows NT 6.1) AppleWebKit/537.4 (KHTML, like Gecko) Chrome/22.0.1229.39 Safari/537.4"
192.168.2.98 - - [12/Sep/2012:10:26:13 +0200] "GET /temps/SoutenancesPFE.html HTTP/1.1" 200 96507 "http://intranet-if.insa-lyon.fr/SiteWebIF/Intranet-etudiant.php" "Mozilla/5.0 (Windows NT 6.1) AppleWebKit/537.4 (KHTML, like Gecko) Chrome/22.0.1229.39 Safari/537.4"
192.168.2.230 - - [12/Sep/2012:10:26:44 +0200] "GET /temps/4IF39.html HTTP/1.1" 200 17278 "http://intranet-if.insa-lyon.fr/temps/4IF38.html" "Mozilla/5.0 (Windows NT 6.1; WOW64; rv:15.0) Gecko/20100101 Firefox/15.0"
192.168.2.230 - - [12/Sep/2012:10:26:46 +0200] "GET /temps/4IF40.html HTTP/1.1" 200 19617 "http://intranet-if.insa-lyon.fr/temps/4IF39.html" "Mozilla/5.0 (Windows NT 6.1; WOW64; rv:15.0) Gecko/20100101 Firefox/15.0"
192.168.2.230 - - [12/Sep/2012:10:26:49 +0200] "GET /temps/4IF41.html HTTP/1.1" 200 18246 "http://intranet-if.insa-lyon.fr/temps/4IF40.html" "Mozilla/5.0 (Windows NT 6.1; WOW64; rv:15.0) Gecko/20100101 Firefox/15.0"
192.168.2.170 - - [12/Sep/2012:10:27:02 +0200] "GET /SiteWebIF/Intranet-etudiant.php HTTP/1.1" 200 1815 "http://if.insa-lyon.fr/formation/3if-programme-enseignements" "Mozilla/5.0 (compatible; MSIE 9.0; Windows NT 6.1; Trident/5.0)"
192.168.2.98 - - [12/Sep/2012:10:27:03 +0200] "GET / HTTP/1.1" 200 216 "-" "Mozilla/5.0 (Windows NT 6.1) AppleWebKit/537.4 (KHTML, like Gecko) Chrome/22.0.1229.39 Safari/537.4"
192.168.2.230 - - [12/Sep/2012:10:27:11 +0200] "GET /temps/4IF42.html HTTP/1.1" 200 18037 "http://intranet-if.insa-lyon.fr/temps/4IF41.html" "Mozilla/5.0 (Windows NT 6.1; WOW64; rv:15.0) Gecko/20100101 Firefox/15.0"
192.168.2.230 - - [12/Sep/2012:10:27:20 +0200] "GET /temps/4IF43.html HTTP/1.1" 200 17772 "http://intranet-if.insa-lyon.fr/temps/4IF42.html" "Mozilla/5.0 (Windows NT 6.1; WOW64; rv:15.0) Gecko/20100101 Firefox/15.0"
192.168.2.230 - - [12/Sep/2012:10:27:22 +0200] "GET /temps/4IF44.html HTTP/1.1" 200 5207 "http://intranet-if.insa-lyon.fr/temps/4IF43.html" "Mozilla/5.0 (Windows NT 6.1; WOW64; rv:15.0) Gecko/20100101 Firefox/15.0"
192.168.1.87 - - [12/Sep/2012:10:28:25 +0200] "GET /temps/TA.ics HTTP/1.1" 304 - "-" "Mozilla/5.0 (Windows NT 5.1; rv:12.0) Gecko/20120428 Thunderbird/12.0.1 Lightning/1.4"
192.168.0.135 - - [12/Sep/2012:10:30:50 +0200] "GET /temps/3IF1.ics HTTP/1.1" 304 - "-" "DataAccess/1.0 (8C148)"
192.168.2.231 - - [12/Sep/2012:10:31:11 +0200] "GET /favicon.ico HTTP/1.1" 200 1700 "-" "-"
192.168.2.232 - - [12/Sep/2012:10:31:53 +0200] "GET /SiteWebIF/Intranet-etudiant.php HTTP/1.1" 302 477 "http://if.insa-lyon.fr/" "Mozilla/5.0 (Macintosh; Intel Mac OS X 10_8_1) AppleWebKit/536.25 (KHTML, like Gecko) Version/6.0 Safari/536.25"
192.168.2.232 - - [12/Sep/2012:10:32:00 +0200] "GET /SiteWebIF/Intranet-etudiant.php?ticket=ST-132-I1opw44jicl69OnzN460-dsi-vm03 HTTP/1.1" 302 - "-" "Mozilla/5.0 (Macintosh; Intel Mac OS X 10_8_1) AppleWebKit/536.25 (KHTML, like Gecko) Version/6.0 Safari/536.25"
192.168.2.232 - - [12/Sep/2012:10:32:00 +0200] "GET /SiteWebIF/Intranet-etudiant.php HTTP/1.1" 200 3798 "-" "Mozilla/5.0 (Macintosh; Intel Mac OS X 10_8_1) AppleWebKit/536.25 (KHTML, like Gecko) Version/6.0 Safari/536.25"
192.168.2.232 - - [12/Sep/2012:10:32:00 +0200] "GET /stages/style_pfe.css HTTP/1.1" 200 895 "http://intranet-if.insa-lyon.fr/SiteWebIF/Intranet-etudiant.php" "Mozilla/5.0 (Macintosh; Intel Mac OS X 10_8_1) AppleWebKit/536.25 (KHTML, like Gecko) Version/6.0 Safari/536.25"
192.168.2.232 - - [12/Sep/2012:10:32:00 +0200] "GET /stages/bandeauFinal.jpg HTTP/1.1" 200 50390 "http://intranet-if.insa-lyon.fr/SiteWebIF/Intranet-etudiant.php" "Mozilla/5.0 (Macintosh; Intel Mac OS X 10_8_1) AppleWebKit/536.25 (KHTML, like Gecko) Version/6.0 Safari/536.25"
192.168.2.232 - - [12/Sep/2012:10:32:01 +0200] "GET /stages/FondInsa.jpg HTTP/1.1" 200 2828 "http://intranet-if.insa-lyon.fr/SiteWebIF/Intranet-etudiant.php" "Mozilla/5.0 (Macintosh; Intel Mac OS X 10_8_1) AppleWebKit/536.25 (KHTML, like Gecko) Version/6.0 Safari/536.25"
192.168.2.232 - - [12/Sep/2012:10:32:04 +0200] "GET /temps/SoutenancesPFE.html HTTP/1.1" 200 96507 "http://intranet-if.insa-lyon.fr/SiteWebIF/Intranet-etudiant.php" "Mozilla/5.0 (Macintosh; Intel Mac OS X 10_8_1) AppleWebKit/536.25 (KHTML, like Gecko) Version/6.0 Safari/536.25"
192.168.2.232 - - [12/Sep/2012:10:32:04 +0200] "GET /temps/style_pfe.css HTTP/1.1" 200 895 "http://intranet-if.insa-lyon.fr/temps/SoutenancesPFE.html" "Mozilla/5.0 (Macintosh; Intel Mac OS X 10_8_1) AppleWebKit/536.25 (KHTML, like Gecko) Version/6.0 Safari/536.25"
192.168.2.232 - - [12/Sep/2012:10:32:04 +0200] "GET /temps/loupe.gif HTTP/1.1" 200 326 "http://intranet-if.insa-lyon.fr/temps/SoutenancesPFE.html" "Mozilla/5.0 (Macintosh; Intel Mac OS X 10_8_1) AppleWebKit/536.25 (KHTML, like Gecko) Version/6.0 Safari/536.25"
192.168.2.232 - - [12/Sep/2012:10:32:04 +0200] "GET /temps/FondInsa.jpg HTTP/1.1" 200 2828 "http://intranet-if.insa-lyon.fr/temps/SoutenancesPFE.html" "Mozilla/5.0 (Macintosh; Intel Mac OS X 10_8_1) AppleWebKit/536.25 (KHTML, like Gecko) Version/6.0 Safari/536.25"
192.168.1.84 - - [12/Sep/2012:10:33:15 +0200] "GET /temps/4IF44.html HTTP/1.1" 200 5207 "-" "Mozilla/5.0 (Macintosh; Intel Mac OS X 10.6; rv:14.0) Gecko/20100101 Firefox/14.0.1"
192.168.1.84 - - [12/Sep/2012:10:33:18 +0200] "GET /temps/4IF45.html HTTP/1.1" 200 17701 "-" "Mozilla/5.0 (Macintosh; Intel Mac OS X 10.6; rv:14.0) Gecko/20100101 Firefox/14.0.1"
192.168.1.84 - - [12/Sep/2012:10:33:18 +0200] "GET /temps/4IF46.html HTTP/1.1" 200 16963 "-" "Mozilla/5.0 (Macintosh; Intel Mac OS X 10.6; rv:14.0) Gecko/20100101 Firefox/14.0.1"
192.168.1.84 - - [12/Sep/2012:10:33:20 +0200] "GET /temps/4IF47.html HTTP/1.1" 200 16572 "-" "Mozilla/5.0 (Macintosh; Intel Mac OS X 10.6; rv:14.0) Gecko/20100101 Firefox/14.0.1"
192.168.1.84 - - [12/Sep/2012:10:33:21 +0200] "GET /temps/4IF48.html HTTP/1.1" 200 17454 "-" "Mozilla/5.0 (Macintosh; Intel Mac OS X 10.6; rv:14.0) Gecko/20100101 Firefox/14.0.1"
192.168.1.84 - - [12/Sep/2012:10:33:22 +0200] "GET /temps/4IF49.html HTTP/1.1" 200 20025 "-" "Mozilla/5.0 (Macintosh; Intel Mac OS X 10.6; rv:14.0) Gecko/20100101 Firefox/14.0.1"
192.168.1.84 - - [12/Sep/2012:10:33:28 +0200] "GET /temps/4IF50.html HTTP/1.1" 200 20052 "-" "Mozilla/5.0 (Macintosh; Intel Mac OS X 10.6; rv:14.0) Gecko/20100101 Firefox/14.0.1"
192.168.0.7 - - [12/Sep/2012:10:35:55 +0200] "GET /temps/PF.ics HTTP/1.1" 200 11812 "-" "Mozilla/5.0 (compatible; Googlebot/2.1; +http://www.google.com/bot.html)"
192.168.1.185 - - [12/Sep/2012:10:37:08 +0200] "GET /SiteWebIF/Intranet-etudiant.php HTTP/1.1" 302 477 "http://if.insa-lyon.fr/" "Mozilla/5.0 (X11; Ubuntu; Linux i686; rv:11.0) Gecko/20100101 Firefox/11.0"
192.168.1.185 - - [12/Sep/2012:10:37:25 +0200] "GET /SiteWebIF/Intranet-etudiant.php?ticket=ST-231-0NL6yWYBCOMgC9McEtY2-dsi-vm03 HTTP/1.1" 302 - "-" "Mozilla/5.0 (X11; Ubuntu; Linux i686; rv:11.0) Gecko/20100101 Firefox/11.0"
192.168.1.185 - - [12/Sep/2012:10:37:25 +0200] "GET /SiteWebIF/Intranet-etudiant.php HTTP/1.1" 200 3799 "-" "Mozilla/5.0 (X11; Ubuntu; Linux i686; rv:11.0) Gecko/20100101 Firefox/11.0"
192.168.1.185 - - [12/Sep/2012:10:37:25 +0200] "GET /stages/style_pfe.css HTTP/1.1" 200 895 "http://intranet-if.insa-lyon.fr/SiteWebIF/Intranet-etudiant.php" "Mozilla/5.0 (X11; Ubuntu; Linux i686; rv:11.0) Gecko/20100101 Firefox/11.0"
192.168.1.185 - - [12/Sep/2012:10:37:25 +0200] "GET /stages/InsaIF.ico HTTP/1.1" 200 766 "-" "Mozilla/5.0 (X11; Ubuntu; Linux i686; rv:11.0) Gecko/20100101 Firefox/11.0"
192.168.1.185 - - [12/Sep/2012:10:37:25 +0200] "GET /stages/FondInsa.jpg HTTP/1.1" 200 2828 "http://intranet-if.insa-lyon.fr/stages/style_pfe.css" "Mozilla/5.0 (X11; Ubuntu; Linux i686; rv:11.0) Gecko/20100101 Firefox/11.0"
192.168.1.185 - - [12/Sep/2012:10:37:25 +0200] "GET /stages/bandeauFinal.jpg HTTP/1.1" 200 50390 "http://intranet-if.insa-lyon.fr/SiteWebIF/Intranet-etudiant.php" "Mozilla/5.0 (X11; Ubuntu; Linux i686; rv:11.0) Gecko/20100101 Firefox/11.0"
