192.168.4.146 - - [16/Sep/2012:10:06:49 +0200] "GET /stages/bandeauFinal.jpg HTTP/1.1" 200 50390 "http://intranet-if.insa-lyon.fr/SiteWebIF/Intranet-etudiant.php" "Mozilla/5.0 (Windows NT 6.1) AppleWebKit/537.1 (KHTML, like Gecko) Chrome/21.0.1180.89 Safari/537.1"
192.168.4.146 - - [16/Sep/2012:10:06:49 +0200] "GET /stages/FondInsa.jpg HTTP/1.1" 200 2828 "http://intranet-if.insa-lyon.fr/SiteWebIF/Intranet-etudiant.php" "Mozilla/5.0 (Windows NT 6.1) AppleWebKit/537.1 (KHTML, like Gecko) Chrome/21.0.1180.89 Safari/537.1"
192.168.4.146 - - [16/Sep/2012:10:06:49 +0200] "GET /stages/InsaIF.ico HTTP/1.1" 200 766 "-" "Mozilla/5.0 (Windows NT 6.1) AppleWebKit/537.1 (KHTML, like Gecko) Chrome/21.0.1180.89 Safari/537.1"
192.168.0.35 - - [16/Sep/2012:10:06:49 +0200] "GET /temps/3IF1.ics HTTP/1.1" 200 117234 "-" "-"
192.168.4.146 - - [16/Sep/2012:10:06:51 +0200] "GET /temps/ HTTP/1.1" 200 6835 "http://intranet-if.insa-lyon.fr/SiteWebIF/Intranet-etudiant.php" "Mozilla/5.0 (Windows NT 6.1) AppleWebKit/537.1 (KHTML, like Gecko) Chrome/21.0.1180.89 Safari/537.1"
192.168.4.146 - - [16/Sep/2012:10:06:51 +0200] "GET /temps/style_emploi_du_temps.css HTTP/1.1" 200 1216 "http://intranet-if.insa-lyon.fr/temps/" "Mozilla/5.0 (Windows NT 6.1) AppleWebKit/537.1 (KHTML, like Gecko) Chrome/21.0.1180.89 Safari/537.1"
192.168.4.146 - - [16/Sep/2012:10:06:52 +0200] "GET /temps/FondInsa.jpg HTTP/1.1" 200 2828 "http://intranet-if.insa-lyon.fr/temps/" "Mozilla/5.0 (Windows NT 6.1) AppleWebKit/537.1 (KHTML, like Gecko) Chrome/21.0.1180.89 Safari/537.1"
192.168.4.146 - - [16/Sep/2012:10:06:52 +0200] "GET /temps/InsaIF.ico HTTP/1.1" 200 766 "-" "Mozilla/5.0 (Windows NT 6.1) AppleWebKit/537.1 (KHTML, like Gecko) Chrome/21.0.1180.89 Safari/537.1"
192.168.4.146 - - [16/Sep/2012:10:07:01 +0200] "GET /temps/4IF38.html HTTP/1.1" 200 15555 "http://intranet-if.insa-lyon.fr/temps/" "Mozilla/5.0 (Windows NT 6.1) AppleWebKit/537.1 (KHTML, like Gecko) Chrome/21.0.1180.89 Safari/537.1"
192.168.4.146 - - [16/Sep/2012:10:07:01 +0200] "GET /temps/precedent.gif HTTP/1.1" 200 1906 "http://intranet-if.insa-lyon.fr/temps/4IF38.html" "Mozilla/5.0 (Windows NT 6.1) AppleWebKit/537.1 (KHTML, like Gecko) Chrome/21.0.1180.89 Safari/537.1"
192.168.4.146 - - [16/Sep/2012:10:07:01 +0200] "GET /temps/choix.gif HTTP/1.1" 200 2836 "http://intranet-if.insa-lyon.fr/temps/4IF38.html" "Mozilla/5.0 (Windows NT 6.1) AppleWebKit/537.1 (KHTML, like Gecko) Chrome/21.0.1180.89 Safari/537.1"
192.168.4.146 - - [16/Sep/2012:10:07:01 +0200] "GET /temps/suivant.gif HTTP/1.1" 200 1634 "http://intranet-if.insa-lyon.fr/temps/4IF38.html" "Mozilla/5.0 (Windows NT 6.1) AppleWebKit/537.1 (KHTML, like Gecko) Chrome/21.0.1180.89 Safari/537.1"
192.168.0.199 - - [16/Sep/2012:10:07:13 +0200] "GET /SiteWebIF/Intranet-etudiant.php HTTP/1.1" 302 477 "http://if.insa-lyon.fr/" "Mozilla/5.0 (Windows NT 6.1; rv:15.0) Gecko/20100101 Firefox/15.0.1"
192.168.0.199 - - [16/Sep/2012:10:07:13 +0200] "GET /SiteWebIF/Intranet-etudiant.php?ticket=ST-45808-IRC2eO3XklL6hlN2wRvf-dsi-vm03 HTTP/1.1" 302 - "http://if.insa-lyon.fr/" "Mozilla/5.0 (Windows NT 6.1; rv:15.0) Gecko/20100101 Firefox/15.0.1"
192.168.0.199 - - [16/Sep/2012:10:07:13 +0200] "GET /SiteWebIF/Intranet-etudiant.php HTTP/1.1" 200 2097 "http://if.insa-lyon.fr/" "Mozilla/5.0 (Windows NT 6.1; rv:15.0) Gecko/20100101 Firefox/15.0.1"
192.168.0.199 - - [16/Sep/2012:10:07:13 +0200] "GET /favicon.ico HTTP/1.1" 200 1700 "-" "Mozilla/5.0 (Windows NT 6.1; rv:15.0) Gecko/20100101 Firefox/15.0.1"
192.168.0.199 - - [16/Sep/2012:10:07:16 +0200] "GET /SiteWebIF/Intranet-etudiant.php HTTP/1.1" 200 69 "http://if.insa-lyon.fr/" "Mozilla/5.0 (Windows NT 6.1; rv:15.0) Gecko/20100101 Firefox/15.0.1"
192.168.4.146 - - [16/Sep/2012:10:08:02 +0200] "GET /temps/4IF39.html HTTP/1.1" 200 17278 "http://intranet-if.insa-lyon.fr/temps/4IF38.html" "Mozilla/5.0 (Windows NT 6.1) AppleWebKit/537.1 (KHTML, like Gecko) Chrome/21.0.1180.89 Safari/537.1"
192.168.4.146 - - [16/Sep/2012:10:08:12 +0200] "GET /temps/4IF40.html HTTP/1.1" 200 19617 "http://intranet-if.insa-lyon.fr/temps/4IF39.html" "Mozilla/5.0 (Windows NT 6.1) AppleWebKit/537.1 (KHTML, like Gecko) Chrome/21.0.1180.89 Safari/537.1"
192.168.4.146 - - [16/Sep/2012:10:08:21 +0200] "GET /temps/4IF41.html HTTP/1.1" 200 18246 "http://intranet-if.insa-lyon.fr/temps/4IF40.html" "Mozilla/5.0 (Windows NT 6.1) AppleWebKit/537.1 (KHTML, like Gecko) Chrome/21.0.1180.89 Safari/537.1"
192.168.4.146 - - [16/Sep/2012:10:08:56 +0200] "GET /temps/3IF22.html HTTP/1.1" 200 14021 "-" "Mozilla/5.0 (Windows NT 6.1) AppleWebKit/537.1 (KHTML, like Gecko) Chrome/21.0.1180.89 Safari/537.1"
192.168.3.75 - - [16/Sep/2012:10:13:04 +0200] "GET /temps/4IF3.ics HTTP/1.1" 200 78494 "-" "Mozilla/5.0 (Windows NT 6.1; rv:15.0) Gecko/20120824 Thunderbird/15.0 Lightning/1.7"
192.168.4.147 - - [16/Sep/2012:10:15:53 +0200] "GET /SiteWebIF/Intranet-etudiant.php HTTP/1.1" 302 477 "http://if.insa-lyon.fr/" "Mozilla/5.0 (Windows NT 6.1; WOW64) AppleWebKit/537.1 (KHTML, like Gecko) Chrome/21.0.1180.89 Safari/537.1"
192.168.4.147 - - [16/Sep/2012:10:16:35 +0200] "GET /SiteWebIF/Intranet-etudiant.php?ticket=ST-45859-LU2g0VsOMjod3Lkh5sM5-dsi-vm03 HTTP/1.1" 302 - "-" "Mozilla/5.0 (Windows NT 6.1; WOW64) AppleWebKit/537.1 (KHTML, like Gecko) Chrome/21.0.1180.89 Safari/537.1"
192.168.4.147 - - [16/Sep/2012:10:16:35 +0200] "GET /SiteWebIF/Intranet-etudiant.php HTTP/1.1" 200 3822 "-" "Mozilla/5.0 (Windows NT 6.1; WOW64) AppleWebKit/537.1 (KHTML, like Gecko) Chrome/21.0.1180.89 Safari/537.1"
192.168.4.147 - - [16/Sep/2012:10:16:36 +0200] "GET /stages/style_pfe.css HTTP/1.1" 200 895 "http://intranet-if.insa-lyon.fr/SiteWebIF/Intranet-etudiant.php" "Mozilla/5.0 (Windows NT 6.1; WOW64) AppleWebKit/537.1 (KHTML, like Gecko) Chrome/21.0.1180.89 Safari/537.1"
192.168.4.147 - - [16/Sep/2012:10:16:36 +0200] "GET /stages/FondInsa.jpg HTTP/1.1" 200 2828 "http://intranet-if.insa-lyon.fr/SiteWebIF/Intranet-etudiant.php" "Mozilla/5.0 (Windows NT 6.1; WOW64) AppleWebKit/537.1 (KHTML, like Gecko) Chrome/21.0.1180.89 Safari/537.1"
192.168.4.147 - - [16/Sep/2012:10:16:36 +0200] "GET /stages/bandeauFinal.jpg HTTP/1.1" 200 50390 "http://intranet-if.insa-lyon.fr/SiteWebIF/Intranet-etudiant.php" "Mozilla/5.0 (Windows NT 6.1; WOW64) AppleWebKit/537.1 (KHTML, like Gecko) Chrome/21.0.1180.89 Safari/537.1"
192.168.4.147 - - [16/Sep/2012:10:16:39 +0200] "GET /temps/ HTTP/1.1" 200 6835 "http://intranet-if.insa-lyon.fr/SiteWebIF/Intranet-etudiant.php" "Mozilla/5.0 (Windows NT 6.1; WOW64) AppleWebKit/537.1 (KHTML, like Gecko) Chrome/21.0.1180.89 Safari/537.1"
192.168.4.147 - - [16/Sep/2012:10:16:39 +0200] "GET /temps/style_emploi_du_temps.css HTTP/1.1" 200 1216 "http://intranet-if.insa-lyon.fr/temps/" "Mozilla/5.0 (Windows NT 6.1; WOW64) AppleWebKit/537.1 (KHTML, like Gecko) Chrome/21.0.1180.89 Safari/537.1"
192.168.4.147 - - [16/Sep/2012:10:16:40 +0200] "GET /temps/FondInsa.jpg HTTP/1.1" 200 2828 "http://intranet-if.insa-lyon.fr/temps/" "Mozilla/5.0 (Windows NT 6.1; WOW64) AppleWebKit/537.1 (KHTML, like Gecko) Chrome/21.0.1180.89 Safari/537.1"
192.168.4.147 - - [16/Sep/2012:10:17:01 +0200] "GET /temps/3IF38.html HTTP/1.1" 200 21722 "http://intranet-if.insa-lyon.fr/temps/" "Mozilla/5.0 (Windows NT 6.1; WOW64) AppleWebKit/537.1 (KHTML, like Gecko) Chrome/21.0.1180.89 Safari/537.1"
192.168.4.147 - - [16/Sep/2012:10:17:02 +0200] "GET /temps/precedent.gif HTTP/1.1" 200 1906 "http://intranet-if.insa-lyon.fr/temps/3IF38.html" "Mozilla/5.0 (Windows NT 6.1; WOW64) AppleWebKit/537.1 (KHTML, like Gecko) Chrome/21.0.1180.89 Safari/537.1"
192.168.4.147 - - [16/Sep/2012:10:17:02 +0200] "GET /temps/choix.gif HTTP/1.1" 200 2836 "http://intranet-if.insa-lyon.fr/temps/3IF38.html" "Mozilla/5.0 (Windows NT 6.1; WOW64) AppleWebKit/537.1 (KHTML, like Gecko) Chrome/21.0.1180.89 Safari/537.1"
192.168.4.147 - - [16/Sep/2012:10:17:02 +0200] "GET /temps/suivant.gif HTTP/1.1" 200 1634 "http://intranet-if.insa-lyon.fr/temps/3IF38.html" "Mozilla/5.0 (Windows NT 6.1; WOW64) AppleWebKit/537.1 (KHTML, like Gecko) Chrome/21.0.1180.89 Safari/537.1"
192.168.0.221 - - [16/Sep/2012:10:18:14 +0200] "GET /temps/3IF1.ics HTTP/1.1" 304 - "-" "DataAccess/1.0 (8C148)"
192.168.4.101 - - [16/Sep/2012:10:30:24 +0200] "GET /notesif/RSS/RSS_3IF.xml HTTP/1.1" 200 95847 "-" "Feedfetcher-Google; (+http://www.google.com/feedfetcher.html; 2 subscribers; feed-id=16425187501328177924)"
192.168.1.38 - - [16/Sep/2012:10:31:39 +0200] "GET /temps/3IF1.ics HTTP/1.1" 304 - "-" "DataAccess/1.0 (8C148)"
192.168.4.103 - - [16/Sep/2012:10:32:00 +0200] "GET /temps/3IF3.ics HTTP/1.1" 200 117254 "-" "Mozilla/5.0 (compatible; Googlebot/2.1; +http://www.google.com/bot.html)"
192.168.2.24 - - [16/Sep/2012:10:34:43 +0200] "GET /temps/4IF2.ics HTTP/1.1" 304 - "-" "iOS/5.1.1 (9B206) dataaccessd/1.0"
192.168.4.148 - - [16/Sep/2012:10:35:52 +0200] "GET /temps/ HTTP/1.1" 200 6835 "http://www.google.fr/url?sa=t&rct=j&q=insa%20temps&source=web&cd=1&ved=0CCUQFjAA&url=http%3A%2F%2Fintranet-if.insa-lyon.fr%2Ftemps%2F&ei=ZI9VUPraAsbL0QWHmIG4AQ&usg=AFQjCNEWrHsRdIlhli_31qYl94w-yMCjpw" "Mozilla/5.0 (Macintosh; Intel Mac OS X 10_8_1) AppleWebKit/536.25 (KHTML, like Gecko) Version/6.0 Safari/536.25"
192.168.4.148 - - [16/Sep/2012:10:35:52 +0200] "GET /temps/style_emploi_du_temps.css HTTP/1.1" 200 1216 "http://intranet-if.insa-lyon.fr/temps/" "Mozilla/5.0 (Macintosh; Intel Mac OS X 10_8_1) AppleWebKit/536.25 (KHTML, like Gecko) Version/6.0 Safari/536.25"
192.168.4.148 - - [16/Sep/2012:10:35:52 +0200] "GET /temps/FondInsa.jpg HTTP/1.1" 200 2828 "http://intranet-if.insa-lyon.fr/temps/" "Mozilla/5.0 (Macintosh; Intel Mac OS X 10_8_1) AppleWebKit/536.25 (KHTML, like Gecko) Version/6.0 Safari/536.25"
192.168.4.148 - - [16/Sep/2012:10:35:52 +0200] "GET /temps/InsaIF.ico HTTP/1.1" 200 766 "http://intranet-if.insa-lyon.fr/temps/" "Mozilla/5.0 (Macintosh; Intel Mac OS X 10_8_1) AppleWebKit/536.25 (KHTML, like Gecko) Version/6.0 Safari/536.25"
192.168.4.148 - - [16/Sep/2012:10:36:14 +0200] "GET /temps/4IF38.html HTTP/1.1" 200 15555 "http://intranet-if.insa-lyon.fr/temps/" "Mozilla/5.0 (Macintosh; Intel Mac OS X 10_8_1) AppleWebKit/536.25 (KHTML, like Gecko) Version/6.0 Safari/536.25"
192.168.4.148 - - [16/Sep/2012:10:36:14 +0200] "GET /temps/precedent.gif HTTP/1.1" 200 1906 "http://intranet-if.insa-lyon.fr/temps/4IF38.html" "Mozilla/5.0 (Macintosh; Intel Mac OS X 10_8_1) AppleWebKit/536.25 (KHTML, like Gecko) Version/6.0 Safari/536.25"
192.168.4.148 - - [16/Sep/2012:10:36:14 +0200] "GET /temps/suivant.gif HTTP/1.1" 200 1634 "http://intranet-if.insa-lyon.fr/temps/4IF38.html" "Mozilla/5.0 (Macintosh; Intel Mac OS X 10_8_1) AppleWebKit/536.25 (KHTML, like Gecko) Version/6.0 Safari/536.25"
192.168.4.148 - - [16/Sep/2012:10:36:15 +0200] "GET /temps/choix.gif HTTP/1.1" 200 2836 "http://intranet-if.insa-lyon.fr/temps/4IF38.html" "Mozilla/5.0 (Macintosh; Intel Mac OS X 10_8_1) AppleWebKit/536.25 (KHTML, like Gecko) Version/6.0 Safari/536.25"
192.168.0.175 - - [16/Sep/2012:10:42:11 +0200] "GET /temps/4IF1.ics HTTP/1.1" 304 - "-" "iOS/5.1.1 (9B208) dataaccessd/1.0"
192.168.4.101 - - [16/Sep/2012:10:45:07 +0200] "GET /notesif/RSS/RSS_4IF.xml HTTP/1.1" 200 57760 "-" "Feedfetcher-Google; (+http://www.google.com/feedfetcher.html; 1 subscribers; feed-id=16457623470660127987)"
192.168.0.123 - - [16/Sep/2012:10:46:34 +0200] "GET /temps/3IF1.ics HTTP/1.1" 304 - "-" "DataAccess/1.0 (8C148)"
192.168.0.175 - - [16/Sep/2012:10:51:31 +0200] "GET /temps/4IF1.ics HTTP/1.1" 304 - "-" "iOS/5.1.1 (9B208) dataaccessd/1.0"
192.168.3.126 - - [16/Sep/2012:10:51:36 +0200] "GET /temps/4IF4.ics HTTP/1.1" 200 78500 "-" "DataAccess/1.0 (8J2)"
192.168.4.103 - - [16/Sep/2012:10:52:24 +0200] "GET /micromachine/download/sujet.pdf HTTP/1.1" 200 1458645 "-" "DoCoMo/2.0 N905i(c100;TB;W24H16) (compatible; Googlebot-Mobile/2.1; +http://www.google.com/bot.html)"
192.168.4.145 - - [16/Sep/2012:10:54:22 +0200] "GET /SiteWebIF/Intranet-etudiant.php HTTP/1.1" 302 477 "-" "Mozilla/5.0 (compatible; bingbot/2.0; +http://www.bing.com/bingbot.htm)"
192.168.4.145 - - [16/Sep/2012:10:54:22 +0200] "GET /micromachine/download/sujet.pdf HTTP/1.1" 200 1458645 "-" "Mozilla/5.0 (compatible; bingbot/2.0; +http://www.bing.com/bingbot.htm)"
192.168.3.196 - - [16/Sep/2012:10:57:22 +0200] "GET /temps/PL.ics HTTP/1.1" 200 10935 "-" "CalendarStore/5.0.3 (1204.1); iCal/5.0.3 (1605.3); Mac OS X/10.7.4 (11E53)"
192.168.0.10 - - [16/Sep/2012:10:57:59 +0200] "GET /notesif/RSS/RSS_4IF.xml HTTP/1.1" 200 57760 "http://intranet-if.insa-lyon.fr/notesif/RSS/RSS_4IF.xml" "Blogtrottr/2.0"
192.168.4.103 - - [16/Sep/2012:10:58:39 +0200] "GET /temps/3IF4.ics HTTP/1.1" 200 117143 "-" "Mozilla/5.0 (compatible; Googlebot/2.1; +http://www.google.com/bot.html)"
192.168.3.194 - - [17/Sep/2012:10:00:12 +0200] "GET /stages/ListePFE.php HTTP/1.1" 200 350374 "-" "Mozilla/5.0 (Windows NT 6.1; WOW64) AppleWebKit/537.1 (KHTML, like Gecko) Chrome/21.0.1180.89 Safari/537.1"
192.168.4.48 - - [17/Sep/2012:10:00:49 +0200] "GET /temps/4IF4.ics HTTP/1.1" 304 - "-" "DataAccess/1.0 (8J2)"
192.168.0.10 - - [17/Sep/2012:10:02:25 +0200] "GET /notesif/RSS/RSS_4IF.xml HTTP/1.1" 200 57760 "http://intranet-if.insa-lyon.fr/notesif/RSS/RSS_4IF.xml" "Blogtrottr/2.0"
192.168.0.11 - - [17/Sep/2012:10:05:43 +0200] "GET /notesif HTTP/1.1" 301 248 "-" "Tiny Tiny RSS/1.5.11 (http://tt-rss.org/)"
192.168.0.11 - - [17/Sep/2012:10:05:43 +0200] "GET /notesif/ HTTP/1.1" 302 - "-" "Tiny Tiny RSS/1.5.11 (http://tt-rss.org/)"
192.168.0.11 - - [17/Sep/2012:10:05:44 +0200] "GET /cas/themes/insa/media/favicon.ico;jsessionid=113CBC01E1F0956387AB427E864F0D0C.dsi-vm03 HTTP/1.1" 404 284 "-" "Tiny Tiny RSS/1.5.11 (http://tt-rss.org/)"
192.168.0.135 - - [17/Sep/2012:10:06:13 +0200] "GET /temps/3IF1.ics HTTP/1.1" 304 - "-" "DataAccess/1.0 (8C148)"
192.168.1.87 - - [17/Sep/2012:10:07:06 +0200] "GET /temps/TA.ics HTTP/1.1" 304 - "-" "Mozilla/5.0 (Windows NT 5.1; rv:12.0) Gecko/20120428 Thunderbird/12.0.1 Lightning/1.4"
192.168.5.35 - - [17/Sep/2012:10:07:16 +0200] "GET /SiteWebIF/Intranet-etudiant.php HTTP/1.1" 302 477 "http://if.insa-lyon.fr/" "Mozilla/5.0 (Linux; U; Android 2.3.7; en-au; SonyEricssonST25i-o Build/6.0.B.1.564) AppleWebKit/533.1 (KHTML, like Gecko) Version/4.0 Mobile Safari/533.1"
192.168.5.85 - - [17/Sep/2012:10:08:14 +0200] "GET / HTTP/1.1" 200 216 "-" "Mozilla/5.0 (Windows NT 6.1; WOW64; rv:14.0) Gecko/20100101 Firefox/14.0.1"
192.168.5.85 - - [17/Sep/2012:10:08:14 +0200] "GET /favicon.ico HTTP/1.1" 200 1700 "-" "Mozilla/5.0 (Windows NT 6.1; WOW64; rv:14.0) Gecko/20100101 Firefox/14.0.1"
192.168.5.35 - - [17/Sep/2012:10:08:16 +0200] "GET /SiteWebIF/Intranet-etudiant.php?ticket=ST-57041-RorJHQyFdAnLSjd3aAhv-dsi-vm03 HTTP/1.1" 302 - "-" "Mozilla/5.0 (Linux; U; Android 2.3.7; en-au; SonyEricssonST25i-o Build/6.0.B.1.564) AppleWebKit/533.1 (KHTML, like Gecko) Version/4.0 Mobile Safari/533.1"
192.168.5.35 - - [17/Sep/2012:10:08:16 +0200] "GET /SiteWebIF/Intranet-etudiant.php HTTP/1.1" 200 3795 "-" "Mozilla/5.0 (Linux; U; Android 2.3.7; en-au; SonyEricssonST25i-o Build/6.0.B.1.564) AppleWebKit/533.1 (KHTML, like Gecko) Version/4.0 Mobile Safari/533.1"
192.168.5.85 - - [17/Sep/2012:10:08:23 +0200] "GET /temps/3IF41.html HTTP/1.1" 200 24212 "-" "Mozilla/5.0 (Windows NT 6.1; WOW64; rv:14.0) Gecko/20100101 Firefox/14.0.1"
192.168.5.85 - - [17/Sep/2012:10:08:23 +0200] "GET /temps/style_emploi_du_temps.css HTTP/1.1" 200 1216 "http://intranet-if.insa-lyon.fr/temps/3IF41.html" "Mozilla/5.0 (Windows NT 6.1; WOW64; rv:14.0) Gecko/20100101 Firefox/14.0.1"
192.168.5.85 - - [17/Sep/2012:10:08:23 +0200] "GET /temps/precedent.gif HTTP/1.1" 200 1906 "http://intranet-if.insa-lyon.fr/temps/3IF41.html" "Mozilla/5.0 (Windows NT 6.1; WOW64; rv:14.0) Gecko/20100101 Firefox/14.0.1"
192.168.5.85 - - [17/Sep/2012:10:08:23 +0200] "GET /temps/choix.gif HTTP/1.1" 200 2836 "http://intranet-if.insa-lyon.fr/temps/3IF41.html" "Mozilla/5.0 (Windows NT 6.1; WOW64; rv:14.0) Gecko/20100101 Firefox/14.0.1"
192.168.5.85 - - [17/Sep/2012:10:08:23 +0200] "GET /temps/suivant.gif HTTP/1.1" 200 1634 "http://intranet-if.insa-lyon.fr/temps/3IF41.html" "Mozilla/5.0 (Windows NT 6.1; WOW64; rv:14.0) Gecko/20100101 Firefox/14.0.1"
192.168.5.85 - - [17/Sep/2012:10:08:23 +0200] "GET /temps/FondInsa.jpg HTTP/1.1" 200 2828 "http://intranet-if.insa-lyon.fr/temps/style_emploi_du_temps.css" "Mozilla/5.0 (Windows NT 6.1; WOW64; rv:14.0) Gecko/20100101 Firefox/14.0.1"
192.168.5.85 - - [17/Sep/2012:10:08:23 +0200] "GET /temps/InsaIF.ico HTTP/1.1" 200 766 "-" "Mozilla/5.0 (Windows NT 6.1; WOW64; rv:14.0) Gecko/20100101 Firefox/14.0.1"
192.168.5.85 - - [17/Sep/2012:10:08:28 +0200] "GET /temps/3IF40.html HTTP/1.1" 200 23907 "http://intranet-if.insa-lyon.fr/temps/3IF41.html" "Mozilla/5.0 (Windows NT 6.1; WOW64; rv:14.0) Gecko/20100101 Firefox/14.0.1"
192.168.5.85 - - [17/Sep/2012:10:08:28 +0200] "GET /temps/3IF39.html HTTP/1.1" 200 21943 "http://intranet-if.insa-lyon.fr/temps/3IF40.html" "Mozilla/5.0 (Windows NT 6.1; WOW64; rv:14.0) Gecko/20100101 Firefox/14.0.1"
192.168.3.98 - - [17/Sep/2012:10:09:24 +0200] "GET /notesif/RSS/RSS_3IF.xml HTTP/1.1" 200 95847 "-" "Feedfetcher-Google; (+http://www.google.com/feedfetcher.html; 2 subscribers; feed-id=16425187501328177924)"
192.168.4.236 - - [17/Sep/2012:10:10:48 +0200] "GET /SiteWebIF/Intranet-etudiant.php HTTP/1.1" 302 477 "-" "Mozilla/5.0 (Windows NT 6.1; WOW64; rv:15.0) Gecko/20100101 Firefox/15.0.1"
192.168.4.236 - - [17/Sep/2012:10:10:56 +0200] "GET /SiteWebIF/Intranet-etudiant.php?ticket=ST-57091-cnJoSsTA1uwC6bvLmfGL-dsi-vm03 HTTP/1.1" 302 - "-" "Mozilla/5.0 (Windows NT 6.1; WOW64; rv:15.0) Gecko/20100101 Firefox/15.0.1"
192.168.4.236 - - [17/Sep/2012:10:10:57 +0200] "GET /SiteWebIF/Intranet-etudiant.php HTTP/1.1" 200 3793 "-" "Mozilla/5.0 (Windows NT 6.1; WOW64; rv:15.0) Gecko/20100101 Firefox/15.0.1"
192.168.4.236 - - [17/Sep/2012:10:10:59 +0200] "GET /notesif/ HTTP/1.1" 302 - "http://intranet-if.insa-lyon.fr/SiteWebIF/Intranet-etudiant.php" "Mozilla/5.0 (Windows NT 6.1; WOW64; rv:15.0) Gecko/20100101 Firefox/15.0.1"
192.168.5.86 - - [17/Sep/2012:10:13:10 +0200] "GET /SiteWebIF/Intranet-etudiant.php HTTP/1.1" 302 477 "http://if.insa-lyon.fr/vie-etudiante/laedi" "Mozilla/5.0 (iPhone; CPU iPhone OS 5_1_1 like Mac OS X) AppleWebKit/534.46 (KHTML, like Gecko) Version/5.1 Mobile/9B206 Safari/7534.48.3"
192.168.5.86 - - [17/Sep/2012:10:13:30 +0200] "GET /SiteWebIF/Intranet-etudiant.php?ticket=ST-57134-7tmpvDATdDeJ00JpIe4w-dsi-vm03 HTTP/1.1" 302 - "-" "Mozilla/5.0 (iPhone; CPU iPhone OS 5_1_1 like Mac OS X) AppleWebKit/534.46 (KHTML, like Gecko) Version/5.1 Mobile/9B206 Safari/7534.48.3"
192.168.5.86 - - [17/Sep/2012:10:13:31 +0200] "GET /SiteWebIF/Intranet-etudiant.php HTTP/1.1" 200 3841 "-" "Mozilla/5.0 (iPhone; CPU iPhone OS 5_1_1 like Mac OS X) AppleWebKit/534.46 (KHTML, like Gecko) Version/5.1 Mobile/9B206 Safari/7534.48.3"
192.168.0.73 - - [17/Sep/2012:10:13:43 +0200] "GET /temps/4IF1.ics HTTP/1.1" 200 78349 "-" "Python-urllib/2.6"
192.168.5.86 - - [17/Sep/2012:10:13:46 +0200] "GET /temps/ HTTP/1.1" 304 - "http://intranet-if.insa-lyon.fr/SiteWebIF/Intranet-etudiant.php" "Mozilla/5.0 (iPhone; CPU iPhone OS 5_1_1 like Mac OS X) AppleWebKit/534.46 (KHTML, like Gecko) Version/5.1 Mobile/9B206 Safari/7534.48.3"
192.168.5.85 - - [17/Sep/2012:10:14:45 +0200] "GET /temps/3IF42.html HTTP/1.1" 200 22770 "http://intranet-if.insa-lyon.fr/temps/3IF41.html" "Mozilla/5.0 (Windows NT 6.1; WOW64; rv:14.0) Gecko/20100101 Firefox/14.0.1"
192.168.5.85 - - [17/Sep/2012:10:14:57 +0200] "GET /temps/3IF43.html HTTP/1.1" 200 22193 "http://intranet-if.insa-lyon.fr/temps/3IF42.html" "Mozilla/5.0 (Windows NT 6.1; WOW64; rv:14.0) Gecko/20100101 Firefox/14.0.1"
192.168.5.85 - - [17/Sep/2012:10:15:01 +0200] "GET /temps/3IF38.html HTTP/1.1" 200 21722 "http://intranet-if.insa-lyon.fr/temps/3IF39.html" "Mozilla/5.0 (Windows NT 6.1; WOW64; rv:14.0) Gecko/20100101 Firefox/14.0.1"
192.168.5.85 - - [17/Sep/2012:10:15:01 +0200] "GET /temps/3IF37.html HTTP/1.1" 200 17269 "http://intranet-if.insa-lyon.fr/temps/3IF38.html" "Mozilla/5.0 (Windows NT 6.1; WOW64; rv:14.0) Gecko/20100101 Firefox/14.0.1"
192.168.5.61 - - [17/Sep/2012:10:15:28 +0200] "GET /apple-touch-icon-precomposed.png HTTP/1.1" 404 230 "-" "Mozilla/5.0 (Linux; Android 4.1.1; Galaxy Nexus Build/JRO03C) AppleWebKit/535.19 (KHTML, like Gecko) Chrome/18.0.1025.166 Mobile Safari/535.19"
192.168.5.61 - - [17/Sep/2012:10:15:30 +0200] "GET /apple-touch-icon.png HTTP/1.1" 404 218 "-" "Mozilla/5.0 (Linux; Android 4.1.1; Galaxy Nexus Build/JRO03C) AppleWebKit/535.19 (KHTML, like Gecko) Chrome/18.0.1025.166 Mobile Safari/535.19"
192.168.5.85 - - [17/Sep/2012:10:15:34 +0200] "GET /temps/3IF44.html HTTP/1.1" 200 5207 "http://intranet-if.insa-lyon.fr/temps/3IF43.html" "Mozilla/5.0 (Windows NT 6.1; WOW64; rv:14.0) Gecko/20100101 Firefox/14.0.1"
192.168.5.85 - - [17/Sep/2012:10:15:35 +0200] "GET /temps/3IF45.html HTTP/1.1" 200 23840 "http://intranet-if.insa-lyon.fr/temps/3IF44.html" "Mozilla/5.0 (Windows NT 6.1; WOW64; rv:14.0) Gecko/20100101 Firefox/14.0.1"
192.168.5.85 - - [17/Sep/2012:10:15:36 +0200] "GET /temps/3IF46.html HTTP/1.1" 200 23633 "http://intranet-if.insa-lyon.fr/temps/3IF45.html" "Mozilla/5.0 (Windows NT 6.1; WOW64; rv:14.0) Gecko/20100101 Firefox/14.0.1"
192.168.5.85 - - [17/Sep/2012:10:15:36 +0200] "GET /temps/3IF47.html HTTP/1.1" 200 21648 "http://intranet-if.insa-lyon.fr/temps/3IF46.html" "Mozilla/5.0 (Windows NT 6.1; WOW64; rv:14.0) Gecko/20100101 Firefox/14.0.1"
192.168.5.85 - - [17/Sep/2012:10:15:40 +0200] "GET /temps/3IF48.html HTTP/1.1" 200 23144 "http://intranet-if.insa-lyon.fr/temps/3IF47.html" "Mozilla/5.0 (Windows NT 6.1; WOW64; rv:14.0) Gecko/20100101 Firefox/14.0.1"
192.168.5.85 - - [17/Sep/2012:10:15:46 +0200] "GET /temps/3IF49.html HTTP/1.1" 200 22437 "http://intranet-if.insa-lyon.fr/temps/3IF48.html" "Mozilla/5.0 (Windows NT 6.1; WOW64; rv:14.0) Gecko/20100101 Firefox/14.0.1"
192.168.5.85 - - [17/Sep/2012:10:15:49 +0200] "GET /temps/3IF50.html HTTP/1.1" 200 21753 "http://intranet-if.insa-lyon.fr/temps/3IF49.html" "Mozilla/5.0 (Windows NT 6.1; WOW64; rv:14.0) Gecko/20100101 Firefox/14.0.1"
192.168.5.85 - - [17/Sep/2012:10:15:58 +0200] "GET /temps/3IF51.html HTTP/1.1" 200 24012 "http://intranet-if.insa-lyon.fr/temps/3IF50.html" "Mozilla/5.0 (Windows NT 6.1; WOW64; rv:14.0) Gecko/20100101 Firefox/14.0.1"
192.168.5.85 - - [17/Sep/2012:10:15:59 +0200] "GET /temps/3IF52.html HTTP/1.1" 200 5193 "http://intranet-if.insa-lyon.fr/temps/3IF51.html" "Mozilla/5.0 (Windows NT 6.1; WOW64; rv:14.0) Gecko/20100101 Firefox/14.0.1"
192.168.5.85 - - [17/Sep/2012:10:16:28 +0200] "GET /temps/3IF1.html HTTP/1.1" 200 5211 "http://intranet-if.insa-lyon.fr/temps/3IF52.html" "Mozilla/5.0 (Windows NT 6.1; WOW64; rv:14.0) Gecko/20100101 Firefox/14.0.1"
192.168.5.85 - - [17/Sep/2012:10:16:29 +0200] "GET /temps/3IF2.html HTTP/1.1" 200 23149 "http://intranet-if.insa-lyon.fr/temps/3IF1.html" "Mozilla/5.0 (Windows NT 6.1; WOW64; rv:14.0) Gecko/20100101 Firefox/14.0.1"
192.168.5.85 - - [17/Sep/2012:10:16:39 +0200] "GET /temps/3IF3.html HTTP/1.1" 200 21548 "http://intranet-if.insa-lyon.fr/temps/3IF2.html" "Mozilla/5.0 (Windows NT 6.1; WOW64; rv:14.0) Gecko/20100101 Firefox/14.0.1"
192.168.5.85 - - [17/Sep/2012:10:16:50 +0200] "GET /temps/3IF4.html HTTP/1.1" 200 18503 "http://intranet-if.insa-lyon.fr/temps/3IF3.html" "Mozilla/5.0 (Windows NT 6.1; WOW64; rv:14.0) Gecko/20100101 Firefox/14.0.1"
192.168.5.25 - - [17/Sep/2012:10:20:25 +0200] "GET /apple-touch-icon-precomposed.png HTTP/1.1" 404 230 "-" "Mozilla/5.0 (Linux; Android 4.0.4; GT-I9300 Build/IMM76D) AppleWebKit/535.19 (KHTML, like Gecko) Chrome/18.0.1025.166 Mobile Safari/535.19"
192.168.5.25 - - [17/Sep/2012:10:20:25 +0200] "GET /apple-touch-icon.png HTTP/1.1" 404 218 "-" "Mozilla/5.0 (Linux; Android 4.0.4; GT-I9300 Build/IMM76D) AppleWebKit/535.19 (KHTML, like Gecko) Chrome/18.0.1025.166 Mobile Safari/535.19"
192.168.4.161 - - [17/Sep/2012:10:21:08 +0200] "GET /temps/5IF37.html HTTP/1.1" 200 5197 "http://intranet-if.insa-lyon.fr/temps/5IF38.html" "Mozilla/5.0 (X11; Ubuntu; Linux i686; rv:11.0) Gecko/20100101 Firefox/11.0"
192.168.0.30 - - [17/Sep/2012:10:21:13 +0200] "GET /temps/3IF1.ics HTTP/1.1" 304 - "-" "DataAccess/1.0 (8C148)"
192.168.1.81 - - [17/Sep/2012:10:21:36 +0200] "GET /temps/PL.ics HTTP/1.1" 200 10935 "-" "CalendarStore/5.0.3 (1204.1); iCal/5.0.3 (1605.3); Mac OS X/10.7.4 (11E53)"
192.168.5.87 - - [17/Sep/2012:10:22:03 +0200] "GET /SiteWebIF/Intranet-etudiant.php HTTP/1.1" 302 477 "http://if.insa-lyon.fr/" "Mozilla/5.0 (Linux; U; Android 4.0.4; fr-fr; GT-I9300-ORANGE/I9300BVALE4 Build/IMM76D) AppleWebKit/534.30 (KHTML, like Gecko) Version/4.0 Mobile Safari/534.30"
192.168.5.87 - - [17/Sep/2012:10:22:25 +0200] "GET /SiteWebIF/Intranet-etudiant.php?ticket=ST-57318-Z09AyjyJkn9yYd44y4sy-dsi-vm03 HTTP/1.1" 302 - "-" "Mozilla/5.0 (Linux; U; Android 4.0.4; fr-fr; GT-I9300-ORANGE/I9300BVALE4 Build/IMM76D) AppleWebKit/534.30 (KHTML, like Gecko) Version/4.0 Mobile Safari/534.30"
192.168.5.87 - - [17/Sep/2012:10:22:25 +0200] "GET /SiteWebIF/Intranet-etudiant.php HTTP/1.1" 200 3838 "-" "Mozilla/5.0 (Linux; U; Android 4.0.4; fr-fr; GT-I9300-ORANGE/I9300BVALE4 Build/IMM76D) AppleWebKit/534.30 (KHTML, like Gecko) Version/4.0 Mobile Safari/534.30"
192.168.5.87 - - [17/Sep/2012:10:22:25 +0200] "GET /stages/style_pfe.css HTTP/1.1" 200 895 "http://intranet-if.insa-lyon.fr/SiteWebIF/Intranet-etudiant.php" "Mozilla/5.0 (Linux; U; Android 4.0.4; fr-fr; GT-I9300-ORANGE/I9300BVALE4 Build/IMM76D) AppleWebKit/534.30 (KHTML, like Gecko) Version/4.0 Mobile Safari/534.30"
192.168.5.87 - - [17/Sep/2012:10:22:26 +0200] "GET /stages/FondInsa.jpg HTTP/1.1" 200 2828 "http://intranet-if.insa-lyon.fr/SiteWebIF/Intranet-etudiant.php" "Mozilla/5.0 (Linux; U; Android 4.0.4; fr-fr; GT-I9300-ORANGE/I9300BVALE4 Build/IMM76D) AppleWebKit/534.30 (KHTML, like Gecko) Version/4.0 Mobile Safari/534.30"
192.168.5.87 - - [17/Sep/2012:10:22:26 +0200] "GET /stages/bandeauFinal.jpg HTTP/1.1" 200 50390 "http://intranet-if.insa-lyon.fr/SiteWebIF/Intranet-etudiant.php" "Mozilla/5.0 (Linux; U; Android 4.0.4; fr-fr; GT-I9300-ORANGE/I9300BVALE4 Build/IMM76D) AppleWebKit/534.30 (KHTML, like Gecko) Version/4.0 Mobile Safari/534.30"
192.168.5.87 - - [17/Sep/2012:10:22:26 +0200] "GET /stages/InsaIF.ico HTTP/1.1" 200 766 "http://intranet-if.insa-lyon.fr/SiteWebIF/Intranet-etudiant.php" "Mozilla/5.0 (Linux; U; Android 4.0.4; fr-fr; GT-I9300-ORANGE/I9300BVALE4 Build/IMM76D) AppleWebKit/534.30 (KHTML, like Gecko) Version/4.0 Mobile Safari/534.30"
192.168.5.87 - - [17/Sep/2012:10:22:32 +0200] "GET /temps/ HTTP/1.1" 200 6835 "http://intranet-if.insa-lyon.fr/SiteWebIF/Intranet-etudiant.php" "Mozilla/5.0 (Linux; U; Android 4.0.4; fr-fr; GT-I9300-ORANGE/I9300BVALE4 Build/IMM76D) AppleWebKit/534.30 (KHTML, like Gecko) Version/4.0 Mobile Safari/534.30"
192.168.5.87 - - [17/Sep/2012:10:22:33 +0200] "GET /temps/style_emploi_du_temps.css HTTP/1.1" 200 1216 "http://intranet-if.insa-lyon.fr/temps/" "Mozilla/5.0 (Linux; U; Android 4.0.4; fr-fr; GT-I9300-ORANGE/I9300BVALE4 Build/IMM76D) AppleWebKit/534.30 (KHTML, like Gecko) Version/4.0 Mobile Safari/534.30"
192.168.5.87 - - [17/Sep/2012:10:22:34 +0200] "GET /temps/FondInsa.jpg HTTP/1.1" 200 2828 "http://intranet-if.insa-lyon.fr/temps/" "Mozilla/5.0 (Linux; U; Android 4.0.4; fr-fr; GT-I9300-ORANGE/I9300BVALE4 Build/IMM76D) AppleWebKit/534.30 (KHTML, like Gecko) Version/4.0 Mobile Safari/534.30"
192.168.5.87 - - [17/Sep/2012:10:22:34 +0200] "GET /temps/InsaIF.ico HTTP/1.1" 200 766 "http://intranet-if.insa-lyon.fr/temps/" "Mozilla/5.0 (Linux; U; Android 4.0.4; fr-fr; GT-I9300-ORANGE/I9300BVALE4 Build/IMM76D) AppleWebKit/534.30 (KHTML, like Gecko) Version/4.0 Mobile Safari/534.30"
192.168.5.87 - - [17/Sep/2012:10:22:51 +0200] "GET /temps/5IF39.html HTTP/1.1" 200 21282 "http://intranet-if.insa-lyon.fr/temps/" "Mozilla/5.0 (Linux; U; Android 4.0.4; fr-fr; GT-I9300-ORANGE/I9300BVALE4 Build/IMM76D) AppleWebKit/534.30 (KHTML, like Gecko) Version/4.0 Mobile Safari/534.30"
192.168.5.87 - - [17/Sep/2012:10:22:51 +0200] "GET /temps/precedent.gif HTTP/1.1" 200 1906 "http://intranet-if.insa-lyon.fr/temps/5IF39.html" "Mozilla/5.0 (Linux; U; Android 4.0.4; fr-fr; GT-I9300-ORANGE/I9300BVALE4 Build/IMM76D) AppleWebKit/534.30 (KHTML, like Gecko) Version/4.0 Mobile Safari/534.30"
192.168.5.87 - - [17/Sep/2012:10:22:51 +0200] "GET /temps/choix.gif HTTP/1.1" 200 2836 "http://intranet-if.insa-lyon.fr/temps/5IF39.html" "Mozilla/5.0 (Linux; U; Android 4.0.4; fr-fr; GT-I9300-ORANGE/I9300BVALE4 Build/IMM76D) AppleWebKit/534.30 (KHTML, like Gecko) Version/4.0 Mobile Safari/534.30"
192.168.5.87 - - [17/Sep/2012:10:22:51 +0200] "GET /temps/suivant.gif HTTP/1.1" 200 1634 "http://intranet-if.insa-lyon.fr/temps/5IF39.html" "Mozilla/5.0 (Linux; U; Android 4.0.4; fr-fr; GT-I9300-ORANGE/I9300BVALE4 Build/IMM76D) AppleWebKit/534.30 (KHTML, like Gecko) Version/4.0 Mobile Safari/534.30"
192.168.5.85 - - [17/Sep/2012:10:22:53 +0200] "GET /temps/4IF39.html HTTP/1.1" 200 17077 "-" "Mozilla/5.0 (Windows NT 6.1; WOW64; rv:14.0) Gecko/20100101 Firefox/14.0.1"
192.168.5.85 - - [17/Sep/2012:10:22:54 +0200] "GET /temps/4IF40.html HTTP/1.1" 200 19678 "http://intranet-if.insa-lyon.fr/temps/4IF39.html" "Mozilla/5.0 (Windows NT 6.1; WOW64; rv:14.0) Gecko/20100101 Firefox/14.0.1"
192.168.5.85 - - [17/Sep/2012:10:22:55 +0200] "GET /temps/4IF41.html HTTP/1.1" 200 18307 "http://intranet-if.insa-lyon.fr/temps/4IF40.html" "Mozilla/5.0 (Windows NT 6.1; WOW64; rv:14.0) Gecko/20100101 Firefox/14.0.1"
192.168.5.85 - - [17/Sep/2012:10:22:56 +0200] "GET /temps/4IF42.html HTTP/1.1" 200 17784 "http://intranet-if.insa-lyon.fr/temps/4IF41.html" "Mozilla/5.0 (Windows NT 6.1; WOW64; rv:14.0) Gecko/20100101 Firefox/14.0.1"
192.168.5.85 - - [17/Sep/2012:10:23:12 +0200] "GET /temps/4IF43.html HTTP/1.1" 200 17772 "http://intranet-if.insa-lyon.fr/temps/4IF42.html" "Mozilla/5.0 (Windows NT 6.1; WOW64; rv:14.0) Gecko/20100101 Firefox/14.0.1"
192.168.5.85 - - [17/Sep/2012:10:23:13 +0200] "GET /temps/4IF44.html HTTP/1.1" 200 5207 "http://intranet-if.insa-lyon.fr/temps/4IF43.html" "Mozilla/5.0 (Windows NT 6.1; WOW64; rv:14.0) Gecko/20100101 Firefox/14.0.1"
192.168.5.85 - - [17/Sep/2012:10:23:15 +0200] "GET /temps/4IF45.html HTTP/1.1" 200 17701 "http://intranet-if.insa-lyon.fr/temps/4IF44.html" "Mozilla/5.0 (Windows NT 6.1; WOW64; rv:14.0) Gecko/20100101 Firefox/14.0.1"
192.168.5.85 - - [17/Sep/2012:10:23:18 +0200] "GET /temps/4IF46.html HTTP/1.1" 200 16963 "http://intranet-if.insa-lyon.fr/temps/4IF45.html" "Mozilla/5.0 (Windows NT 6.1; WOW64; rv:14.0) Gecko/20100101 Firefox/14.0.1"
192.168.5.85 - - [17/Sep/2012:10:23:19 +0200] "GET /temps/4IF47.html HTTP/1.1" 200 16663 "http://intranet-if.insa-lyon.fr/temps/4IF46.html" "Mozilla/5.0 (Windows NT 6.1; WOW64; rv:14.0) Gecko/20100101 Firefox/14.0.1"
192.168.5.88 - - [17/Sep/2012:10:23:28 +0200] "GET /SiteWebIF/Intranet-personnel.php HTTP/1.1" 302 478 "http://if.insa-lyon.fr/" "Mozilla/5.0 (Windows NT 5.1; rv:10.0.2) Gecko/20100101 Firefox/10.0.2"
192.168.5.88 - - [17/Sep/2012:10:23:46 +0200] "GET /SiteWebIF/Intranet-personnel.php?ticket=ST-57328-PhkcXbcvnj2Zo0YDMk4p-dsi-vm03 HTTP/1.1" 302 - "-" "Mozilla/5.0 (Windows NT 5.1; rv:10.0.2) Gecko/20100101 Firefox/10.0.2"
192.168.5.88 - - [17/Sep/2012:10:23:47 +0200] "GET /SiteWebIF/Intranet-personnel.php HTTP/1.1" 200 5093 "-" "Mozilla/5.0 (Windows NT 5.1; rv:10.0.2) Gecko/20100101 Firefox/10.0.2"
192.168.5.88 - - [17/Sep/2012:10:23:47 +0200] "GET /stages/style_pfe.css HTTP/1.1" 200 895 "http://intranet-if.insa-lyon.fr/SiteWebIF/Intranet-personnel.php" "Mozilla/5.0 (Windows NT 5.1; rv:10.0.2) Gecko/20100101 Firefox/10.0.2"
192.168.5.88 - - [17/Sep/2012:10:23:47 +0200] "GET /stages/bandeauFinal.jpg HTTP/1.1" 200 50390 "http://intranet-if.insa-lyon.fr/SiteWebIF/Intranet-personnel.php" "Mozilla/5.0 (Windows NT 5.1; rv:10.0.2) Gecko/20100101 Firefox/10.0.2"
192.168.5.88 - - [17/Sep/2012:10:23:47 +0200] "GET /stages/InsaIF.ico HTTP/1.1" 200 766 "-" "Mozilla/5.0 (Windows NT 5.1; rv:10.0.2) Gecko/20100101 Firefox/10.0.2"
192.168.5.88 - - [17/Sep/2012:10:23:47 +0200] "GET /stages/FondInsa.jpg HTTP/1.1" 200 2828 "http://intranet-if.insa-lyon.fr/stages/style_pfe.css" "Mozilla/5.0 (Windows NT 5.1; rv:10.0.2) Gecko/20100101 Firefox/10.0.2"
192.168.0.11 - - [17/Sep/2012:10:23:51 +0200] "GET /notesif HTTP/1.1" 301 248 "-" "Tiny Tiny RSS/1.5.11 (http://tt-rss.org/)"
192.168.0.11 - - [17/Sep/2012:10:23:51 +0200] "GET /notesif/ HTTP/1.1" 302 - "-" "Tiny Tiny RSS/1.5.11 (http://tt-rss.org/)"
192.168.0.11 - - [17/Sep/2012:10:23:52 +0200] "GET /cas/themes/insa/media/favicon.ico;jsessionid=D956D3C567854AA4B7559C1DCC5A6CE2.dsi-vm04 HTTP/1.1" 404 284 "-" "Tiny Tiny RSS/1.5.11 (http://tt-rss.org/)"
192.168.5.89 - - [17/Sep/2012:10:24:07 +0200] "GET /temps/4IF38.html HTTP/1.1" 200 15555 "-" "Mozilla/5.0 (iPod; CPU iPhone OS 5_1_1 like Mac OS X) AppleWebKit/534.46 (KHTML, like Gecko) Version/5.1 Mobile/9B206 Safari/7534.48.3"
192.168.5.89 - - [17/Sep/2012:10:24:07 +0200] "GET /temps/style_emploi_du_temps.css HTTP/1.1" 200 1216 "http://intranet-if.insa-lyon.fr/temps/4IF38.html" "Mozilla/5.0 (iPod; CPU iPhone OS 5_1_1 like Mac OS X) AppleWebKit/534.46 (KHTML, like Gecko) Version/5.1 Mobile/9B206 Safari/7534.48.3"
192.168.5.89 - - [17/Sep/2012:10:24:07 +0200] "GET /temps/choix.gif HTTP/1.1" 200 2836 "http://intranet-if.insa-lyon.fr/temps/4IF38.html" "Mozilla/5.0 (iPod; CPU iPhone OS 5_1_1 like Mac OS X) AppleWebKit/534.46 (KHTML, like Gecko) Version/5.1 Mobile/9B206 Safari/7534.48.3"
192.168.5.89 - - [17/Sep/2012:10:24:07 +0200] "GET /temps/suivant.gif HTTP/1.1" 200 1634 "http://intranet-if.insa-lyon.fr/temps/4IF38.html" "Mozilla/5.0 (iPod; CPU iPhone OS 5_1_1 like Mac OS X) AppleWebKit/534.46 (KHTML, like Gecko) Version/5.1 Mobile/9B206 Safari/7534.48.3"
192.168.5.89 - - [17/Sep/2012:10:24:07 +0200] "GET /temps/precedent.gif HTTP/1.1" 200 1906 "http://intranet-if.insa-lyon.fr/temps/4IF38.html" "Mozilla/5.0 (iPod; CPU iPhone OS 5_1_1 like Mac OS X) AppleWebKit/534.46 (KHTML, like Gecko) Version/5.1 Mobile/9B206 Safari/7534.48.3"
192.168.5.89 - - [17/Sep/2012:10:24:07 +0200] "GET /temps/FondInsa.jpg HTTP/1.1" 200 2828 "http://intranet-if.insa-lyon.fr/temps/4IF38.html" "Mozilla/5.0 (iPod; CPU iPhone OS 5_1_1 like Mac OS X) AppleWebKit/534.46 (KHTML, like Gecko) Version/5.1 Mobile/9B206 Safari/7534.48.3"
192.168.1.92 - - [17/Sep/2012:10:24:10 +0200] "GET /SiteWebIF/Intranet-etudiant.php HTTP/1.1" 302 477 "http://if.insa-lyon.fr/" "Mozilla/5.0 (Linux; U; Android 2.3.5; fr-fr; HTC Desire HD 3.13.163.3 Build/GRJ90) AppleWebKit/533.1 (KHTML, like Gecko) Version/4.0 Mobile Safari/533.1"
192.168.1.92 - - [17/Sep/2012:10:24:28 +0200] "GET /SiteWebIF/Intranet-etudiant.php?ticket=ST-60664-tgJo5NSmb3BtwE6fhqgl-dsi-vm04 HTTP/1.1" 302 - "-" "Mozilla/5.0 (Linux; U; Android 2.3.5; fr-fr; HTC Desire HD 3.13.163.3 Build/GRJ90) AppleWebKit/533.1 (KHTML, like Gecko) Version/4.0 Mobile Safari/533.1"
192.168.1.92 - - [17/Sep/2012:10:24:29 +0200] "GET /SiteWebIF/Intranet-etudiant.php HTTP/1.1" 200 3796 "-" "Mozilla/5.0 (Linux; U; Android 2.3.5; fr-fr; HTC Desire HD 3.13.163.3 Build/GRJ90) AppleWebKit/533.1 (KHTML, like Gecko) Version/4.0 Mobile Safari/533.1"
192.168.1.92 - - [17/Sep/2012:10:24:29 +0200] "GET /stages/style_pfe.css HTTP/1.1" 200 895 "http://intranet-if.insa-lyon.fr/SiteWebIF/Intranet-etudiant.php" "Mozilla/5.0 (Linux; U; Android 2.3.5; fr-fr; HTC Desire HD 3.13.163.3 Build/GRJ90) AppleWebKit/533.1 (KHTML, like Gecko) Version/4.0 Mobile Safari/533.1"
192.168.1.92 - - [17/Sep/2012:10:24:29 +0200] "GET /stages/bandeauFinal.jpg HTTP/1.1" 200 50390 "http://intranet-if.insa-lyon.fr/SiteWebIF/Intranet-etudiant.php" "Mozilla/5.0 (Linux; U; Android 2.3.5; fr-fr; HTC Desire HD 3.13.163.3 Build/GRJ90) AppleWebKit/533.1 (KHTML, like Gecko) Version/4.0 Mobile Safari/533.1"
192.168.1.92 - - [17/Sep/2012:10:24:29 +0200] "GET /stages/FondInsa.jpg HTTP/1.1" 200 2828 "http://intranet-if.insa-lyon.fr/SiteWebIF/Intranet-etudiant.php" "Mozilla/5.0 (Linux; U; Android 2.3.5; fr-fr; HTC Desire HD 3.13.163.3 Build/GRJ90) AppleWebKit/533.1 (KHTML, like Gecko) Version/4.0 Mobile Safari/533.1"
192.168.1.92 - - [17/Sep/2012:10:24:30 +0200] "GET /stages/InsaIF.ico HTTP/1.1" 200 766 "http://intranet-if.insa-lyon.fr/SiteWebIF/Intranet-etudiant.php" "Mozilla/5.0 (Linux; U; Android 2.3.5; fr-fr; HTC Desire HD 3.13.163.3 Build/GRJ90) AppleWebKit/533.1 (KHTML, like Gecko) Version/4.0 Mobile Safari/533.1"
192.168.1.92 - - [17/Sep/2012:10:24:46 +0200] "GET /temps/ HTTP/1.1" 200 6835 "http://intranet-if.insa-lyon.fr/SiteWebIF/Intranet-etudiant.php" "Mozilla/5.0 (Linux; U; Android 2.3.5; fr-fr; HTC Desire HD 3.13.163.3 Build/GRJ90) AppleWebKit/533.1 (KHTML, like Gecko) Version/4.0 Mobile Safari/533.1"
192.168.1.92 - - [17/Sep/2012:10:24:46 +0200] "GET /temps/style_emploi_du_temps.css HTTP/1.1" 200 1216 "http://intranet-if.insa-lyon.fr/temps/" "Mozilla/5.0 (Linux; U; Android 2.3.5; fr-fr; HTC Desire HD 3.13.163.3 Build/GRJ90) AppleWebKit/533.1 (KHTML, like Gecko) Version/4.0 Mobile Safari/533.1"
192.168.2.111 - - [17/Sep/2012:10:24:46 +0200] "GET /temps/4IF39.html HTTP/1.1" 200 17077 "http://intranet-if.insa-lyon.fr/temps/4IF38.html" "Mozilla/5.0 (iPhone; CPU iPhone OS 5_1_1 like Mac OS X) AppleWebKit/534.46 (KHTML, like Gecko) Version/5.1 Mobile/9B206 Safari/7534.48.3"
192.168.1.92 - - [17/Sep/2012:10:24:46 +0200] "GET /temps/FondInsa.jpg HTTP/1.1" 200 2828 "http://intranet-if.insa-lyon.fr/temps/" "Mozilla/5.0 (Linux; U; Android 2.3.5; fr-fr; HTC Desire HD 3.13.163.3 Build/GRJ90) AppleWebKit/533.1 (KHTML, like Gecko) Version/4.0 Mobile Safari/533.1"
192.168.1.92 - - [17/Sep/2012:10:24:46 +0200] "GET /temps/InsaIF.ico HTTP/1.1" 200 766 "http://intranet-if.insa-lyon.fr/temps/" "Mozilla/5.0 (Linux; U; Android 2.3.5; fr-fr; HTC Desire HD 3.13.163.3 Build/GRJ90) AppleWebKit/533.1 (KHTML, like Gecko) Version/4.0 Mobile Safari/533.1"
192.168.1.92 - - [17/Sep/2012:10:24:53 +0200] "GET /temps/4IF38.html HTTP/1.1" 200 15555 "http://intranet-if.insa-lyon.fr/temps/" "Mozilla/5.0 (Linux; U; Android 2.3.5; fr-fr; HTC Desire HD 3.13.163.3 Build/GRJ90) AppleWebKit/533.1 (KHTML, like Gecko) Version/4.0 Mobile Safari/533.1"
192.168.1.92 - - [17/Sep/2012:10:24:53 +0200] "GET /temps/precedent.gif HTTP/1.1" 200 1906 "http://intranet-if.insa-lyon.fr/temps/4IF38.html" "Mozilla/5.0 (Linux; U; Android 2.3.5; fr-fr; HTC Desire HD 3.13.163.3 Build/GRJ90) AppleWebKit/533.1 (KHTML, like Gecko) Version/4.0 Mobile Safari/533.1"
192.168.1.92 - - [17/Sep/2012:10:24:54 +0200] "GET /temps/choix.gif HTTP/1.1" 200 2836 "http://intranet-if.insa-lyon.fr/temps/4IF38.html" "Mozilla/5.0 (Linux; U; Android 2.3.5; fr-fr; HTC Desire HD 3.13.163.3 Build/GRJ90) AppleWebKit/533.1 (KHTML, like Gecko) Version/4.0 Mobile Safari/533.1"
192.168.1.92 - - [17/Sep/2012:10:24:54 +0200] "GET /temps/suivant.gif HTTP/1.1" 200 1634 "http://intranet-if.insa-lyon.fr/temps/4IF38.html" "Mozilla/5.0 (Linux; U; Android 2.3.5; fr-fr; HTC Desire HD 3.13.163.3 Build/GRJ90) AppleWebKit/533.1 (KHTML, like Gecko) Version/4.0 Mobile Safari/533.1"
192.168.5.90 - - [17/Sep/2012:10:24:54 +0200] "GET /temps/4IF39.html HTTP/1.1" 200 17077 "http://intranet-if.insa-lyon.fr/temps/4IF38.html" "Mozilla/5.0 (Linux; U; Android 2.3.6; fr-fr; GT-I9100P Build/GINGERBREAD) AppleWebKit/533.1 (KHTML, like Gecko) Version/4.0 Mobile Safari/533.1"
192.168.2.70 - - [17/Sep/2012:10:24:56 +0200] "GET /temps/4IF40.html HTTP/1.1" 200 19678 "http://intranet-if.insa-lyon.fr/temps/4IF39.html" "Mozilla/5.0 (iPhone; CPU iPhone OS 5_1_1 like Mac OS X) AppleWebKit/534.46 (KHTML, like Gecko) Version/5.1 Mobile/9B206 Safari/7534.48.3"
192.168.5.90 - - [17/Sep/2012:10:25:00 +0200] "GET /temps/4IF40.html HTTP/1.1" 200 19678 "http://intranet-if.insa-lyon.fr/temps/4IF39.html" "Mozilla/5.0 (Linux; U; Android 2.3.6; fr-fr; GT-I9100P Build/GINGERBREAD) AppleWebKit/533.1 (KHTML, like Gecko) Version/4.0 Mobile Safari/533.1"
192.168.5.90 - - [17/Sep/2012:10:25:07 +0200] "GET /temps/4IF41.html HTTP/1.1" 200 18307 "http://intranet-if.insa-lyon.fr/temps/4IF40.html" "Mozilla/5.0 (Linux; U; Android 2.3.6; fr-fr; GT-I9100P Build/GINGERBREAD) AppleWebKit/533.1 (KHTML, like Gecko) Version/4.0 Mobile Safari/533.1"
192.168.5.90 - - [17/Sep/2012:10:25:09 +0200] "GET /temps/4IF42.html HTTP/1.1" 200 17784 "http://intranet-if.insa-lyon.fr/temps/4IF41.html" "Mozilla/5.0 (Linux; U; Android 2.3.6; fr-fr; GT-I9100P Build/GINGERBREAD) AppleWebKit/533.1 (KHTML, like Gecko) Version/4.0 Mobile Safari/533.1"
192.168.5.90 - - [17/Sep/2012:10:25:12 +0200] "GET /temps/4IF43.html HTTP/1.1" 200 17772 "http://intranet-if.insa-lyon.fr/temps/4IF42.html" "Mozilla/5.0 (Linux; U; Android 2.3.6; fr-fr; GT-I9100P Build/GINGERBREAD) AppleWebKit/533.1 (KHTML, like Gecko) Version/4.0 Mobile Safari/533.1"
192.168.5.91 - - [17/Sep/2012:10:25:26 +0200] "GET /SiteWebIF/Intranet-etudiant.php HTTP/1.1" 302 477 "-" "Mozilla/4.0"
192.168.5.92 - - [17/Sep/2012:10:25:34 +0200] "GET /SiteWebIF/Intranet-etudiant.php?ticket=ST-60156-QYba5gsflnOB5ogPidl9-dsi-vm04 HTTP/1.1" 500 549 "-" "Mozilla/4.0"
192.168.5.47 - - [17/Sep/2012:10:25:35 +0200] "GET /notesif HTTP/1.1" 301 248 "http://intranet-if.insa-lyon.fr/SiteWebIF/Intranet-personnel.php" "Mozilla/4.0 (compatible; MSIE 7.0; Windows NT 5.1; Trident/4.0; .NET CLR 3.0.04506.30; .NET CLR 1.1.4322; .NET CLR 2.0.50727; .NET CLR 3.0.4506.2152; .NET CLR 3.5.30729)"
192.168.5.47 - - [17/Sep/2012:10:25:35 +0200] "GET /notesif/ HTTP/1.1" 302 - "http://intranet-if.insa-lyon.fr/SiteWebIF/Intranet-personnel.php" "Mozilla/4.0 (compatible; MSIE 7.0; Windows NT 5.1; Trident/4.0; .NET CLR 3.0.04506.30; .NET CLR 1.1.4322; .NET CLR 2.0.50727; .NET CLR 3.0.4506.2152; .NET CLR 3.5.30729)"
192.168.5.47 - - [17/Sep/2012:10:25:41 +0200] "GET /SiteWebIF/Intranet-personnel.php?ticket=ST-57378-Nob3HvFxo53DrwnQQFap-dsi-vm03 HTTP/1.1" 302 - "-" "Mozilla/4.0 (compatible; MSIE 7.0; Windows NT 5.1; Trident/4.0; .NET CLR 3.0.04506.30; .NET CLR 1.1.4322; .NET CLR 2.0.50727; .NET CLR 3.0.4506.2152; .NET CLR 3.5.30729)"
192.168.5.47 - - [17/Sep/2012:10:25:41 +0200] "GET /SiteWebIF/Intranet-personnel.php HTTP/1.1" 200 2663 "-" "Mozilla/4.0 (compatible; MSIE 7.0; Windows NT 5.1; Trident/4.0; .NET CLR 3.0.04506.30; .NET CLR 1.1.4322; .NET CLR 2.0.50727; .NET CLR 3.0.4506.2152; .NET CLR 3.5.30729)"
192.168.5.47 - - [17/Sep/2012:10:25:42 +0200] "GET /stages/style_pfe.css HTTP/1.1" 200 895 "http://intranet-if.insa-lyon.fr/SiteWebIF/Intranet-personnel.php" "Mozilla/4.0 (compatible; MSIE 7.0; Windows NT 5.1; Trident/4.0; .NET CLR 3.0.04506.30; .NET CLR 1.1.4322; .NET CLR 2.0.50727; .NET CLR 3.0.4506.2152; .NET CLR 3.5.30729)"
192.168.5.47 - - [17/Sep/2012:10:25:42 +0200] "GET /stages/bandeauFinal.jpg HTTP/1.1" 200 50390 "http://intranet-if.insa-lyon.fr/SiteWebIF/Intranet-personnel.php" "Mozilla/4.0 (compatible; MSIE 7.0; Windows NT 5.1; Trident/4.0; .NET CLR 3.0.04506.30; .NET CLR 1.1.4322; .NET CLR 2.0.50727; .NET CLR 3.0.4506.2152; .NET CLR 3.5.30729)"
192.168.5.47 - - [17/Sep/2012:10:25:42 +0200] "GET /stages/FondInsa.jpg HTTP/1.1" 200 2828 "http://intranet-if.insa-lyon.fr/SiteWebIF/Intranet-personnel.php" "Mozilla/4.0 (compatible; MSIE 7.0; Windows NT 5.1; Trident/4.0; .NET CLR 3.0.04506.30; .NET CLR 1.1.4322; .NET CLR 2.0.50727; .NET CLR 3.0.4506.2152; .NET CLR 3.5.30729)"
192.168.5.47 - - [17/Sep/2012:10:25:42 +0200] "GET /stages/InsaIF.ico HTTP/1.1" 200 766 "-" "Mozilla/4.0 (compatible; MSIE 8.0; Windows NT 5.1; Trident/4.0; .NET CLR 3.0.04506.30; .NET CLR 1.1.4322; .NET CLR 2.0.50727; .NET CLR 3.0.4506.2152; .NET CLR 3.5.30729)"
192.168.5.93 - - [17/Sep/2012:10:25:42 +0200] "GET /temps HTTP/1.1" 301 246 "-" "Mozilla/4.0"
192.168.5.93 - - [17/Sep/2012:10:25:43 +0200] "GET /temps/ HTTP/1.1" 200 6835 "-" "Mozilla/4.0"
192.168.5.94 - - [17/Sep/2012:10:25:45 +0200] "GET /temps/4IF2.ics HTTP/1.1" 304 - "-" "iOS/5.1.1 (9B206) dataaccessd/1.0"
192.168.5.95 - - [17/Sep/2012:10:25:47 +0200] "GET /temps/4IF38.html HTTP/1.1" 200 15555 "-" "Mozilla/4.0"
192.168.5.87 - - [17/Sep/2012:10:25:54 +0200] "GET /temps/5IF40.html HTTP/1.1" 200 20578 "http://intranet-if.insa-lyon.fr/temps/5IF39.html" "Mozilla/5.0 (Linux; U; Android 4.0.4; fr-fr; GT-I9300-ORANGE/I9300BVALE4 Build/IMM76D) AppleWebKit/534.30 (KHTML, like Gecko) Version/4.0 Mobile Safari/534.30"
192.168.5.47 - - [17/Sep/2012:10:25:55 +0200] "GET /SiteWebIF/Intranet-personnel.php HTTP/1.1" 200 2663 "http://if.insa-lyon.fr/" "Mozilla/4.0 (compatible; MSIE 7.0; Windows NT 5.1; Trident/4.0; .NET CLR 3.0.04506.30; .NET CLR 1.1.4322; .NET CLR 2.0.50727; .NET CLR 3.0.4506.2152; .NET CLR 3.5.30729)"
192.168.5.47 - - [17/Sep/2012:10:25:57 +0200] "GET /notesif HTTP/1.1" 301 248 "http://intranet-if.insa-lyon.fr/SiteWebIF/Intranet-personnel.php" "Mozilla/4.0 (compatible; MSIE 7.0; Windows NT 5.1; Trident/4.0; .NET CLR 3.0.04506.30; .NET CLR 1.1.4322; .NET CLR 2.0.50727; .NET CLR 3.0.4506.2152; .NET CLR 3.5.30729)"
192.168.5.47 - - [17/Sep/2012:10:25:57 +0200] "GET /notesif/ HTTP/1.1" 302 - "http://intranet-if.insa-lyon.fr/SiteWebIF/Intranet-personnel.php" "Mozilla/4.0 (compatible; MSIE 7.0; Windows NT 5.1; Trident/4.0; .NET CLR 3.0.04506.30; .NET CLR 1.1.4322; .NET CLR 2.0.50727; .NET CLR 3.0.4506.2152; .NET CLR 3.5.30729)"
192.168.5.47 - - [17/Sep/2012:10:26:00 +0200] "GET /notesif HTTP/1.1" 301 248 "-" "Mozilla/4.0 (compatible; MSIE 7.0; Windows NT 5.1; Trident/4.0; .NET CLR 3.0.04506.30; .NET CLR 1.1.4322; .NET CLR 2.0.50727; .NET CLR 3.0.4506.2152; .NET CLR 3.5.30729)"
192.168.5.47 - - [17/Sep/2012:10:26:00 +0200] "GET /notesif/ HTTP/1.1" 302 - "-" "Mozilla/4.0 (compatible; MSIE 7.0; Windows NT 5.1; Trident/4.0; .NET CLR 3.0.04506.30; .NET CLR 1.1.4322; .NET CLR 2.0.50727; .NET CLR 3.0.4506.2152; .NET CLR 3.5.30729)"
192.168.5.88 - - [17/Sep/2012:10:26:03 +0200] "GET /temps/ HTTP/1.1" 200 6835 "http://intranet-if.insa-lyon.fr/SiteWebIF/Intranet-personnel.php" "Mozilla/5.0 (Windows NT 5.1; rv:10.0.2) Gecko/20100101 Firefox/10.0.2"
192.168.5.88 - - [17/Sep/2012:10:26:03 +0200] "GET /temps/style_emploi_du_temps.css HTTP/1.1" 200 1216 "http://intranet-if.insa-lyon.fr/temps/" "Mozilla/5.0 (Windows NT 5.1; rv:10.0.2) Gecko/20100101 Firefox/10.0.2"
192.168.5.88 - - [17/Sep/2012:10:26:03 +0200] "GET /temps/InsaIF.ico HTTP/1.1" 200 766 "-" "Mozilla/5.0 (Windows NT 5.1; rv:10.0.2) Gecko/20100101 Firefox/10.0.2"
192.168.5.88 - - [17/Sep/2012:10:26:04 +0200] "GET /temps/FondInsa.jpg HTTP/1.1" 200 2828 "http://intranet-if.insa-lyon.fr/temps/style_emploi_du_temps.css" "Mozilla/5.0 (Windows NT 5.1; rv:10.0.2) Gecko/20100101 Firefox/10.0.2"
192.168.5.87 - - [17/Sep/2012:10:26:10 +0200] "GET /temps/5IF41.html HTTP/1.1" 200 25153 "http://intranet-if.insa-lyon.fr/temps/5IF40.html" "Mozilla/5.0 (Linux; U; Android 4.0.4; fr-fr; GT-I9300-ORANGE/I9300BVALE4 Build/IMM76D) AppleWebKit/534.30 (KHTML, like Gecko) Version/4.0 Mobile Safari/534.30"
192.168.5.88 - - [17/Sep/2012:10:26:13 +0200] "GET /temps/5IF3.html HTTP/1.1" 200 19908 "http://intranet-if.insa-lyon.fr/temps/" "Mozilla/5.0 (Windows NT 5.1; rv:10.0.2) Gecko/20100101 Firefox/10.0.2"
192.168.5.88 - - [17/Sep/2012:10:26:13 +0200] "GET /temps/precedent.gif HTTP/1.1" 200 1906 "http://intranet-if.insa-lyon.fr/temps/5IF3.html" "Mozilla/5.0 (Windows NT 5.1; rv:10.0.2) Gecko/20100101 Firefox/10.0.2"
192.168.5.88 - - [17/Sep/2012:10:26:13 +0200] "GET /temps/choix.gif HTTP/1.1" 200 2836 "http://intranet-if.insa-lyon.fr/temps/5IF3.html" "Mozilla/5.0 (Windows NT 5.1; rv:10.0.2) Gecko/20100101 Firefox/10.0.2"
192.168.5.88 - - [17/Sep/2012:10:26:13 +0200] "GET /temps/suivant.gif HTTP/1.1" 200 1634 "http://intranet-if.insa-lyon.fr/temps/5IF3.html" "Mozilla/5.0 (Windows NT 5.1; rv:10.0.2) Gecko/20100101 Firefox/10.0.2"
192.168.5.47 - - [17/Sep/2012:10:26:22 +0200] "GET /notesif HTTP/1.1" 301 248 "-" "Mozilla/4.0 (compatible; MSIE 7.0; Windows NT 5.1; Trident/4.0; .NET CLR 3.0.04506.30; .NET CLR 1.1.4322; .NET CLR 2.0.50727; .NET CLR 3.0.4506.2152; .NET CLR 3.5.30729)"
192.168.5.47 - - [17/Sep/2012:10:26:22 +0200] "GET /notesif/ HTTP/1.1" 302 - "-" "Mozilla/4.0 (compatible; MSIE 7.0; Windows NT 5.1; Trident/4.0; .NET CLR 3.0.04506.30; .NET CLR 1.1.4322; .NET CLR 2.0.50727; .NET CLR 3.0.4506.2152; .NET CLR 3.5.30729)"
192.168.5.87 - - [17/Sep/2012:10:26:23 +0200] "GET /temps/5IF42.html HTTP/1.1" 200 19852 "http://intranet-if.insa-lyon.fr/temps/5IF41.html" "Mozilla/5.0 (Linux; U; Android 4.0.4; fr-fr; GT-I9300-ORANGE/I9300BVALE4 Build/IMM76D) AppleWebKit/534.30 (KHTML, like Gecko) Version/4.0 Mobile Safari/534.30"
192.168.5.88 - - [17/Sep/2012:10:26:28 +0200] "GET /temps/5IF4.html HTTP/1.1" 200 19044 "http://intranet-if.insa-lyon.fr/temps/5IF3.html" "Mozilla/5.0 (Windows NT 5.1; rv:10.0.2) Gecko/20100101 Firefox/10.0.2"
192.168.5.47 - - [17/Sep/2012:10:26:35 +0200] "GET /notesif/saisie2007/ HTTP/1.1" 200 14371 "http://intranet-if.insa-lyon.fr/SiteWebIF/Intranet-personnel.php" "Mozilla/4.0 (compatible; MSIE 7.0; Windows NT 5.1; Trident/4.0; .NET CLR 3.0.04506.30; .NET CLR 1.1.4322; .NET CLR 2.0.50727; .NET CLR 3.0.4506.2152; .NET CLR 3.5.30729)"
192.168.5.47 - - [17/Sep/2012:10:26:36 +0200] "GET /notesif/saisie2007/api_notes/functions.js HTTP/1.1" 200 9991 "http://intranet-if.insa-lyon.fr/notesif/saisie2007/" "Mozilla/4.0 (compatible; MSIE 7.0; Windows NT 5.1; Trident/4.0; .NET CLR 3.0.04506.30; .NET CLR 1.1.4322; .NET CLR 2.0.50727; .NET CLR 3.0.4506.2152; .NET CLR 3.5.30729)"
192.168.5.47 - - [17/Sep/2012:10:26:36 +0200] "GET /notesif/saisie2007/Images/titre_saisie.gif HTTP/1.1" 200 4911 "http://intranet-if.insa-lyon.fr/notesif/saisie2007/" "Mozilla/4.0 (compatible; MSIE 7.0; Windows NT 5.1; Trident/4.0; .NET CLR 3.0.04506.30; .NET CLR 1.1.4322; .NET CLR 2.0.50727; .NET CLR 3.0.4506.2152; .NET CLR 3.5.30729)"
